ウィップ
狼牙錘
ガルウィップ
鉄鎖鞭
流星錘
ブリーズビート
ヴァイパー
七節鞭
サラマンダー
ウェンディガ
ネクロスビート
飛爪
ブライアー
ドラゴンテイル
ソニックワイア
ガリアンソード
兄貴の三つ編み
ロッド
イブリスロッド
エオリアロッド
アクアルロッド
ソリッドロッド
シェードロッド
テンペスタス
グラティアーズ
ルーセンタラー
エレクトラス
イーブルズアイ
スプラッシャー
ブレイズロッド
セラフィータス
ライトニング
インフェルナス
マタタビの杖
ジャンビーヤ
ファルカタ
キンドジャール
カスターネ
グランドレピア
デルビッシュ
ヨシミツ
タルワール
エアスライサー
シャシュカ
ブラッドソード
カラベラ
シャムシール
ガデスブレード
ブルードラゴン
エグゼキューサ
むせび泣きの剣
レザーリスト
スタッドリスト
チェインリスト
ガントレット
竜鱗手甲
兄貴の二の腕
黒曜石の腕輪
琥珀石の腕輪
翡翠珠の腕輪
蒼藍石の腕輪
輝晶石の腕輪
子猫の手袋
バックラー
マドゥ
シパル
カイトシールド
ドラゴンカイト
わななきの盾
レザーブレスト
スタッドメイル
リングブレスト
メタルブレスト
白金の胸当て
黄金の胸当て
黒金の胸当て
金剛石の胸当て
竜鱗の胸当て
鬼哭の胸当て
兄貴の胸板
生成の衣
萌葱の衣
孔雀碧の衣
薄藍の衣
神託の聖衣
修道の僧衣
血染めの魔装
破邪の聖衣
夢幻の僧衣
滅天の魔装
しっぽ付きの服
レザーメイル
ブリガンディン
チェインメイル
プレートメイル
プラチナメイル
スケールメイル
ナスティメイル
プリズミクス
フルプレート
ディアボリカ
もらい泣きの鎧
地力活性の指輪
蒼氷凍結の指輪
癒傷霊水の指輪
焦焔烈火の指輪
護障空壁の指輪
操時妖霧の指輪
幻身隠遁の指輪
魔魂解縛の指輪
創癒聖流の指輪
散華滅環の指輪
怒号激雷の指輪
轟雷撃波の指輪
雷神鎚撃の指輪
血腐冥怨の指輪
心眼の札
魍精吸奪の指輪
地力活性の札
蒼氷凍結の札
焦焔烈火の札
護障空壁の札
操時妖霧の札
幻身隠遁の札
罠解除の札
生命力回復薬
生命力消耗薬
精神力回復薬
精神力消耗薬
解毒剤
解呪剤
解乱剤
鳳凰液
気化液
龍神丹
白虎丹
麒麟丹
石焦丸
薄青丸
明赤丸
豊緑丸
淡紫丸
枯黄丸
鉛白丸
漆黒丸
遠見の水晶球
転位の宝珠
記憶石
お金
鉄球
つるはし
ブラン・ジン
ノワル・ジン
封入石
封入石
封入石
封入石
封入石
緋の輝玉板
碧の輝玉板
翠の輝玉板
黒の輝玉板
古の書物
古の書物
古の書物
古の書物
古の書物
封魂の護符
透過の手形
銀鱗の首飾り
破魔の匂玉
幸運の護符
不動の護符
金剛の護符
火炎の紋章
水瀑の紋章
大地の紋章
疾風の紋章
合鍵
黒瑪瑙の鍵
虹真珠の鍵
雌黄の鍵
金紅石の鍵
蛍石の鍵
青金石の鍵
紅柱石の鍵
碧玉の鍵
虹水晶の鍵
銀珊瑚の鍵
蛇紋石の鍵
藍晶石の鍵
孔雀石の鍵
紫聖石の鍵
竜神眼の鍵
神官の笏
朱の蝋燭
天露の小瓶
地鎮の鏡
最果ての鈴
マスターキー
霊玉核
金の髪飾り
銀の首飾り
医神の秘薬
アグリアの秘薬
霊王の燭台
ファングスの剣
守護者の像
守護者の像
守護者の像
守護者の像
キラの秘薬
白柱晶の鍵
堅緑玉の鍵
鷹眼石の鍵
緑斑石の鍵
碌樹石の鍵
陽砂根
力の銅板
忘却の銀板
青玉の指輪
赤玉の首飾り
パズルのご褒美
パズルのご褒美
パズルのご褒美
パズルのご褒美
パズルのご褒美
未使用
未使用
未使用
革のマフラー
アグニマーナ
ルドラーナ
ガンガマーダ
ガネスマフラー
クリスラータ
ヴィスナーブル
バウラーファム
サイファブラン
ボウタイ
ナックル
ブルートネイル
族長の爪
革の手袋
フォアフット
ミトン
フィアスネイル
ビーストクロウ
カフス
リストバンド
バンテージ
蛮族の腕帯
未使用
未使用
未使用
レザースーツ
レパードスーツ
ベノムスーツ
ミスティスーツ
ブラドサッカー
ヴィリアンズ
黒兎の服
チュニック
ダブレット
原始の礼装
楽譜集
楽譜集
未使用
未使用
叡智の管玉
照魔の首飾り
恢精の首飾り
石の靴 