リスボン
オポルト
ラ＝コルニャ
ビルバオ
トレド
サラゴサ
コルドバ
セビリャ
カディス
マラガ
グラナダ
バレンシア
バルセロナ
マホルカ
パリ
ルーアン
トゥール
ナント
ボルドー
トゥールーズ
リヨン
マルセイユ
ブリュージュ
アントワープ
アムステルダム
ブリュッセル
ミラノ
トリノ
ジェノヴァ
ヴェネツィア
フィレンツェ
ピサ
アンコナ
ローマ
ナポリ
カリアリ
パレルモ
シラクサ
ロンドン
サザンプトン
ブリストル
ヨーク
エディンバラ
ダブリン
ハンブルク
リューベック
ブレーメン
ケルン
フランクフルト
ストラスブルク
マグデブルク
ニュルンベルク
アウグスブルク
プラハ
ウィーン
ベルン
ダンツィヒ
ケーニヒスベルク
リガ
ノブゴロド
モスクワ
キエフ
ワルシャワ
ブタペスト
ストックホルム
ウィスビー
コペンハーゲン
オスロ
ベルゲン
ベオグラード
ブカレスト
ラグーザ
アテネ
サロニカ
ガンディア
ファマガスタ
ヴァルナ
モンカストロ
アレキサンドリア
カイロ
アスワン
トリポリ
チュニス
アルジェ
セウタ
カサブランカ
アソーレス
マディラ
ラス＝パルマス
アルグイン
ヴェルデ岬
シエラ＝レオネ
タガーザ
トンブクトゥー
ガオ
ジェンネ
カノ
サン＝ジョルジェ
イフェ
サン＝トメ
ルアンダ
ケープ
ソファラ
モザンビケ
ジンバブウェ
キルワ
ザンジバル
モンパザ
マリンディ
モガディシオ
アスクム
ハルトゥーム
イスタンブール
カッファ
ターナ
シノペ
トレビゾンド
アンゴラ
アンティオキア
ダマスクス
イェルサレム
ベイルート
メディナ
メッカ
アデン
マスカット
バスラ
バグダッド
ホルムズ
シーラーズ
イスパハン
タブリーズ
サマルカンド
タシケント
ウルゲンジ
ヘラート
カーブル
カシュガル
トルファン
ラサ
アストラハン
カザン
シビル
コブド
カラコルム
デリー
ラホール
アーメダバード
ディヴ
ビジャプール
ゴア
カナノール
カリカット
ヴィジャヤナガル
コチン
コロンボ
ゴルコンダ
カルカッタ
アヴァ
ペグー
マラッカ
リゴル
アユタヤ
プノンペン
ユエ
交都
アチン
パレンバン
バンタム
スラバヤ
ブルネイ
テルナーテ
アンボイナ
澳門
広州
泉州
福州
杭州
南京
武昌
桂林
雲南
成都
甘州
西安
開封
済南
太原
北京
遼東
漢城
長崎
堺
京都
サント＝ドミンゴ
ハバナ
ジャマイカ
サン＝ファン
ヴェラクルス
テノチティトラン
メシコ
トゥラスカラ
トゥラパ
ミトゥラ
アカプルコ
メリダ
クァウテマラン
トルヒヨ
パナマ
サンタ＝マルタ
コロ
クマナ
ペルナンブーゴ
バイーア
リオ＝デ＝ジャネイロ
ブエノス＝アイレス
ボゴタ
キト
トゥンベス
チャンチャン
リマ
クスコ
ナスカ
ポトシ