潜水爆弾
速射砲
炸裂弾
吉備団子
イージスの盾
西陣織の着物
永久の誓い
恋人たちのラプソディー
黄金の竪琴
歌姫
わがままな乙女
天使の微笑み
ハリアナの貴婦人
無垢なる心
闇夜の薔薇
女神の涙
虹の髪飾り
約束の指輪
粉雪の輪舞曲
ガラスの靴
幸せのケープ
天女の羽衣
木漏れ陽
ブルー・オーシャン
ﾛ帝血の女王
竜の宝珠
人魚の瞳
希望のかけら
夢幻の鏡
奇跡の花
黄金の林檎
真実のオカリナ
宝の木の枝
羅針盤
六分儀
望遠鏡
ターバン
レイピア
ロングソード
ブロードソード
グラディウス
エストック
バスタードソード
カッツバルゲル
ワルーンソード
トゥーハンドソード
フランベルジュ
ミョルニルの槌
ロンギヌスの槍
聖剣エクスカリバー
ミノタウロスの斧
ショテル
カタール
サーベル
コラ
シャムシール
フィランギ
三節棍
青龍刀
鎖鎌
銘刀長光
童子斬り安網
なまはげの包丁
アステカのナイフ
槍
フォールション
レザーアーマー
チェインメイル
リングメイル
プレートメイル
スケイルメイル
プレストアーマー
ラメラアーマー
ブリガンディ
武道着
蒙古鎧
武者鎧
黒装束
赤糸威胴丸鎧
サットン＝フーの兜
ジョン王の酒杯
アガメムノンのマスク
ツタンカーメンのマスク
ロゼッタ石
エジプトのアンク
サルゴンの頭像
ウルの黄金の髪飾り
銀のリュトン
銀の水差し
シヴァ神像
黄金の象
マニ筒
金婁玉衣
四羊方尊
明の七宝
候風地動儀
白瑠璃碗
地母神像
邪馬台国の印
太陽の石
水晶のどくろ
シペ＝トクテ神の仮面
翡翠の仮面
アーサー王の聖杯
聖ステファンの冠
聖遺物箱
テラコッタ像
シカンの黄金大仮面
古代の牛角
マーリンの杖
死者の書
ヘレネのジュエル
シュメールの粘土板
石のシール
烏羅冠の金花
黄金のイヤリング
銀の十字架
巡礼の十字架
ギリシャ正教の十字架
ビザンチンの金貨
絵入り聖書
テンプル騎士団の甲冑
ポポル＝ヴフ
トロアノ古写本
ペレシアヌス古写本
ハンムラビ法典のステラ
インカのキープ
トロールの財宝
鎧竜
大口獣
大脚鳥
人面獣
半漁鳥
星の塔の枝
ウェル＝ウェッ＝チャ
ウツボカズラ
ハエトリソウ
巨大花
イグアナ
北極グマ
イボイノシシ
シーラカンス
ヤマアラシ
パンダ
亜也虎（笑）
クロテン
ゴクラクチョウ
カンガルー
コアラ
ウォンバット
アホウドリ
ガラパゴスゾウガメ
オオグンカンドリ
ムース
バッファロー
プレーリードック
リャマ
タランチュラ
パピルス
マングローブの枝
ノボタン
オオオニバス
パンノキの実
セコイアの枝
ゴムノキの樹液
ホッテントットの槍
パドン族の首輪
森の人
アマゾネスの弓
パタゴンの靴
南極人
飛び魚
アフリカ南端の地図
西回り航路図
インド航路図
マラッカ海峡の海図
香料諸島の地図
中国の地図
新世界海峡の海図
世界一周の記録
ジパングの地図
南方大陸の地図
南極大陸の地図
北の海峡の海図
死海写本
景教の十字架
稲の苗
トウモロコシの種
ジャガイモの苗
胡椒の実
丁子の実
シナモンの木
ピメントの実
コーヒーの木
茶の葉
カカオの実
タバコの葉
蚕
太古の骨董品
手織絨毯
高級更紗
麝香の香水
乳香の香水
竜涎香の香水
白壇片
大粒の真珠
翡翠の珠
犀の角
象の牙
珊瑚の木
鼈甲細工
漢方薬種
奴隷取引手形
隼の像
妖精の像
提督の像
白鳥の像
馬の像
豹の像
亀の像
狼の像
梟の像
イルカの像
鹿の像
鮫の像
蛇神の像
象の彫刻
偉人の像
飛竜の像
火蜥蜴の像
精霊の像
獅子の像
一角獣の像
天使の像
鷹の像
鯨の像
人馬の像
鷲の彫刻
海獣の像
女神の像
海神の像
水竜の像
炎神の像
天龍の像
白虎の像
不死鳥の像
天馬の像
死神の像
魔王の像
壊れた兜
金メッキの酒杯
異教徒の仮面
木彫りの仮面
幸運のアンク
怪しげな頭像
安物の髪飾り
お土産の酒杯
銅の水差し
木の仏像
白い木象
でんでん太鼓
鎧の置物
青銅の香炉
安物の陶器
鉄の壷
ガラス碗
失敗した焼き物
普通の印鑑
飾り石
ガラスのどくろ
邪神の仮面
粘土の仮面
金色の杯
飾り物の冠
きれいな小物入れ
素焼きの頭像
異形神の仮面
地中海の口説き文句1
地中海の口説き文句2
地中海の口説き文句3
地中海の口説き文句4
地中海の口説き文句5
地中海の口説き文句6
地中海の口説き文句7
地中海の口説き文句8
