やくそう
かいふくのみ
いやしのしずく
どくけしそう
てんしのはね
ようせいのこな
いやしのみず
めがみのなみだ
めぐみのあめ
ちからのワイン
まもりのミルク
はやてのチキン
いだてんピーマン
げんきのパン
さとりのミツ
ゆうきのリンゴ
しゃくねつのたま
いてつくふぶき
かみのいかずち
ちからのリング
まもりのリング
はやてのリング
いだてんリング
しろのリング
くろのリング
イビルリング
レザーグラブ
パワーグラブ
ブラスナックル
アイアンナックル
ミスティナックル
ギガントナックル
イビルナックル
ショートアックス
ハンドアックス
ミドルアックス
パワーアックス
バトルアックス
ラージアックス
グレートアックス
ヒートアックス
アトラスのおの
だいちのおの
ルーンアックス
イビルアックス
きのや
てつのや
はがねのや
ロビンのや
アサルトシェル
グレートショット
ナスカーキャノン
バスターショット
ハイパーキャノン
シャットキャノン
イビルショット
きのぼう
ショートソード
ミドルソード
ロングソード
スチールソード
アキレスのつるぎ
ブロードソード
バスターソード
グレートソード
ひっさつのつるぎ
バトルソード
フォースブレード
カウンターソード
レヴァティン
あんこくのつるぎ
ぼくとう
ショートスピア
ブロンズランス
スピア
スチールランス
パワースピア
ヘビーランス
ジャベリン
クロムランス
バルキリー
ホーリーランス
ミストジャベリン
ハルバート
イビルランス
きのつえ
ショートロッド
ブロンズロッド
アイアンロッド
パワースティック
フレイル
まもりのつえ
インドラのつえ
まどうしのつえ
いのりのつえ
グレートロッド
サプライスタッフ
せいじゃのつえ
ふぶきのつえ
めがみのつえ
しんぴのつえ
デーモンロッド
てっきゅう
ショートナイフ
ダガー
ナイフ
シーフズダガー
きくいちもんじ
しのびのかたな
ムラサメ
タロスのけん
きぼうのひかり
ウッドパネル
スカイオーブ
おおづつ
かわきのいし
ばくやく
ゴーレムのうで
てんまのつばさ
せんしのほこり
ぎんのせんしゃ
おうぎのしょ
きあいのたま
ミスリルぎん
いのちのリング
タンポポのわたげ
ピヨピヨサンダル
[もっていない]
やくそう[みにつけている]
かいふくのみ[みにつけている]
いやしのしずく[みにつけている]
どくけしそう[みにつけている]
てんしのはね[みにつけている]
ようせいのこな[みにつけている]
いやしのみず[みにつけている]
めがみのなみだ[みにつけている]
めぐみのあめ[みにつけている]
ちからのワイン[みにつけている]
まもりのミルク[みにつけている]
はやてのチキン[みにつけている]
いだてんピーマン[みにつけている]
げんきのパン[みにつけている]
さとりのミツ[みにつけている]
ゆうきのリンゴ[みにつけている]
しゃくねつのたま[みにつけている]
いてつくふぶき[みにつけている]
かみのいかずち[みにつけている]
ちからのリング[みにつけている]
まもりのリング[みにつけている]
はやてのリング[みにつけている]
いだてんリング[みにつけている]
しろのリング[みにつけている]
くろのリング[みにつけている]
イビルリング[みにつけている]
レザーグラブ[みにつけている]
パワーグラブ[みにつけている]
ブラスナックル[みにつけている]
アイアンナックル[みにつけている]
ミスティナックル[みにつけている]
ギガントナックル[みにつけている]
イビルナックル[みにつけている]
ショートアックス[みにつけている]
ハンドアックス[みにつけている]
ミドルアックス[みにつけている]
パワーアックス[みにつけている]
バトルアックス[みにつけている]
ラージアックス[みにつけている]
グレートアックス[みにつけている]
ヒートアックス[みにつけている]
アトラスのおの[みにつけている]
だいちのおの[みにつけている]
ルーンアックス[みにつけている]
イビルアックス[みにつけている]
きのや[みにつけている]
てつのや[みにつけている]
はがねのや[みにつけている]
ロビンのや[みにつけている]
アサルトシェル[みにつけている]
グレートショット[みにつけている]
ナスカーキャノン[みにつけている]
バスターショット[みにつけている]
ハイパーキャノン[みにつけている]
シャットキャノン[みにつけている]
イビルショット[みにつけている]
きのぼう[みにつけている]
ショートソード[みにつけている]
ミドルソード[みにつけている]
ロングソード[みにつけている]
スチールソード[みにつけている]
アキレスのつるぎ[みにつけている]
ブロードソード[みにつけている]
バスターソード[みにつけている]
グレートソード[みにつけている]
ひっさつのつるぎ[みにつけている]
バトルソード[みにつけている]
フォースブレード[みにつけている]
カウンターソード[みにつけている]
レヴァティン[みにつけている]
あんこくのつるぎ[みにつけている]
ぼくとう[みにつけている]
ショートスピア[みにつけている]
ブロンズランス[みにつけている]
スピア[みにつけている]
スチールランス[みにつけている]
パワースピア[みにつけている]
ヘビーランス[みにつけている]
ジャベリン[みにつけている]
クロムランス[みにつけている]
バルキリー[みにつけている]
ホーリーランス[みにつけている]
ミストジャベリン[みにつけている]
ハルバート[みにつけている]
イビルランス[みにつけている]
きのつえ[みにつけている]
ショートロッド[みにつけている]
ブロンズロッド[みにつけている]
アイアンロッド[みにつけている]
パワースティック[みにつけている]
フレイル[みにつけている]
まもりのつえ[みにつけている]
インドラのつえ[みにつけている]
まどうしのつえ[みにつけている]
いのりのつえ[みにつけている]
グレートロッド[みにつけている]
サプライスタッフ[みにつけている]
せいじゃのつえ[みにつけている]
ふぶきのつえ[みにつけている]
めがみのつえ[みにつけている]
しんぴのつえ[みにつけている]
デーモンロッド[みにつけている]
てっきゅう[みにつけている]
ショートナイフ[みにつけている]
ダガー[みにつけている]
ナイフ[みにつけている]
シーフズダガー[みにつけている]
きくいちもんじ[みにつけている]
しのびのかたな[みにつけている]
ムラサメ[みにつけている]
タロスのけん[みにつけている]
きぼうのひかり[みにつけている]
ウッドパネル[みにつけている]
スカイオーブ[みにつけている]
おおづつ[みにつけている]
かわきのいし[みにつけている]
ばくやく[みにつけている]
ゴーレムのうで[みにつけている]
てんまのつばさ[みにつけている]
せんしのほこり[みにつけている]
ぎんのせんしゃ[みにつけている]
おうぎのしょ[みにつけている]
きあいのたま[みにつけている]
ミスリルぎん[みにつけている]
いのちのリング[みにつけている]
タンポポのわたげ[みにつけている]
ピヨピヨサンダル[みにつけている]