パパスのむすこ
やどやのむすめ
ラインハットおうじ
主人公のつま
しんでんのドレイ
主人公のむすこ
主人公のむすめ
にげたドレイ
さすらいのたびびと
モンスターつかい
グランバニアおう
主人公のつま
ようせいびと
グランバニアへいし
めしつかい
ゆうしゃのちちおや
でんせつのゆうしゃ
おとこ
おんな
？？？
スライム
とげぼうず
せみもぐら
ドラキー
おおきづち
いっかくウサギ
グリーンワーム
ガップリン
くびながイタチ
バブルスライム
おおねずみ
スカルサーペント
つちわらし
メラリザード
ベビーパンサー
マッドプラント
スピナー
ジャミ
まほうつかい
サボテンボール
ラーバキング
ナイトウイプス
スカンカー
おばけねずみ
ドラキーマ
ゴースト
おばけキャンドル
がいこつへい
アルミラージ
カパーラナーガ
ホイミスライム
わらいぐさ
ダンスニードル
ベビーニュート
トンネラー
ジャミ
どぐうせんし
ダークアイ
スライムナイト
わらいぶくろ
ブラウニー
エビルアップル
ばくだんベビー
ガスミンク
ゲマ
メタルスライム
ピッキー
ジャミ
おばけきのこ
ともしびこぞう
ゴンズ
くさったしたい
アウルベアー
イエティ
ひとくいばこ
ガメゴン
ゴンズ
まどうし
ドラゴンキッズ
パパス
さんぞくウルフ
ムチおとこ
クックルー
インスペクター
ニセたいこう
エンプーサ
キラーパンサー
ようがんげんじん
ビックアイ
あくまのツボ
エビルプラント
メタルライダー
さまようよろい
モーザ
ドロヌーバ
はぐれメタル
カンダタ
ミステリードール
デスパロット
ビッグスロース
パペットマン
デススパーク
ゴンズ
とつげきへい
リビングデッド
スモールグール
ホースデビル
ゲマ
ラマダ
キラーパンサー
カンダタこぶん
グレゴール
メタルハンター
ミミック
キメラ
へびこうもり
ベロゴン
ダークマンモス
ばくだんいわ
ランスアーミー
まものつかい
マドルーパー
おどるほうせき
ベホマスライム
ガスダンゴ
オーク
スライム
キングスライム
ほのおのせんし
ツボック
ケムケムベス
まほうじじい
ドラゴンマッド
しにがみへい
デッドエンペラー
リントブルム
ミニデーモン
パオーム
ストーンマン
ダックカイト
メッサーラ
メイジキマラ
ベロゴンロード
ジェリーマン
のろいのマスク
オークキング
ダミー17
ガボット
シールドヒッポ
ホークマン
デビルダンサー
アームライオン
マムー
エリミネーター
バルーン
デンタザウルス
ガネージャ
ボスガルム
シャドーサタン
マドハンド
ゴーレム
オークLv20
リザードマン
ひくいどり
ケンタラウス
ブリザードマン
ゾンビナイト
ネクロマンサー
スライムベホマズン
じゃしんのへいたい
ビヒーモス
ガーゴイル
ソルジャーブル
サターンヘルム
グレイトマムー
イズライール
サウルスロード
りゅうせんし
シルバーデビル
ラムポーン
ドラゴンゾンビ
メガザルロック
メタルキング
オーガヘッド
アンクルホーン
キメーラLv35
へびておとこ
グレンデル
バルバロッサ
ホークブリザード
ブラックドラゴン
バザックス
ゴールデンゴーレム
メタルドラゴン
あくましんかん
シュプリンガー
エビルマスター
レッドイーター
ブルーイーター
ムーンフェイス
エビルスピッツ
グレイトドラゴン
ダークシャーマン
キラーマシン
バズズ
れんごくちょう
ライオネック
ガメゴンロード
ギガンテス
フレアドラゴン
スカルドン
マヌハーン
ドードリアン
ワイトキング
ゴルバ
ガルバ
メカバーン
ヘルバトラー
セルゲイナス
プクプク
しびれくらげ
たまてがい
オクトリーチ
ダミー19
ダミー20
マーマン
プチイール
シードッグ
ゆうれいせんちょう
キラーシェル
ダミー21
ブルーマッコイ
ダミー22
マザーオクト
しんかいりゅう
ネーレウス
マーマンダイン
キャプテンクック
オーシャンキング
グロンデプス
ちちおや
ようせいびと
てんくうびと
しゅじんこうのつま
うごくせきぞう
おやぶんゴースト
ザイル
ゆきのじょおう
ブオーン
エスターク
イブール
ミルドラース（前）
ミルドラース
ミルドラース
ミルドラース（後）
ミルドラース
ひのきのぼう
たけのやり
こんぼう
かしのつえ
くだものナイフ
ブロンズナイフ
どうのつるぎ
くさりがま
てつのつえ
いしのオノ
とがったホネ
どくがのナイフ
はがねのつるぎ
はじゃのつるぎ
ドラゴンキラー
ゆうわくのけん
まどろみのけん
はやぶさのけん
もろばのつるぎ
