ひのきのぼう
たけのやり
こんぼう
かしのつえ
くだものナイフ
ブロンズナイフ
どうのつるぎ
くさりがま
てつのつえ
いしのオノ
とがったホネ
どくがのナイフ
はがねのつるぎ
はじゃのつるぎ
ドラゴンキラー
ゆうわくのけん
まどろみのけん
はやぶさのけん
もろばのつるぎ
きせきのつるぎ
じごくのサーベル
ゾンビキラー
スネークソード
ふぶきのつるぎ
パパスのつるぎ
メタルキングのけん
ようせいのけん
てんくうのつるぎ
いばらのムチ
チェーンクロス
モーニングスター
はがねのムチ
グリンガムのムチ
ブーメラン
やいばのブーメラン
ほのおのブーメラン
みなごろしのけん
はかいのてっきゅう
りりょくのつえ
いかずちのつえ
てんばつのつえ
まふうじのつえ
マグマのつえ
しゅくふくのつえ
ふっかつのつえ
ドラゴンのつえ
ストロスのつえ
てつのツメ
ほのおのツメ
こおりのやいば
いしのキバ
はがねのキバ
オリハルコンのキバ
あくまのツメ
おおきづち
おおかなづち
バトルアックス
ウオーハンマー
まじんのかなづち
らいじんのやり
のこぎりがたな
どくばり
キラーピアス
デーモンスピア
ビックボウガン
ただのぬのきれ
ぬののふく
たびびとのふく
ておりのケープ
カメのこうら
かわのこしまき
ドレイのふく
かわのよろい
うろこのよろい
きぬのエプロン
けがわのマント
かわのドレス
くさりかたびら
てつのむねあて
せいどうのよろい
てつのよろい
はがねのよろい
ドラゴンメイル
ゾンビメイル
やいばのよろい
ぎんのむねあて
まほうのよろい
シルバーメイル
ほのおのよろい
デビルアーマー
しんぴのよろい
ブラッドメイル
まじんのよろい
ミラーアーマー
さまようよろい
てんくうのよろい
おうじゃのマント
メタルキングよろい
きぬのローブ
おどりこのふく
みかわしのふく
みずのはごろも
ふしぎなボレロ
やすらぎのローブ
ひかりのドレス
てんしのレオタード
けんじゃのローブ
まどうしのローブ
レースのビスチェ
シルクのビスチェ
プリンセスローブ
ダークローブ
スライムのふく
せんしのパジャマ
ステテコパンツ
エッチなしたぎ
おなべのふた
かわのたて
うろこのたて
せいどうのたて
てつのたて
マジックシールド
ちからのたて
ドラゴンシールド
ふうじんのたて
みかがみのたて
ほのおのたて
ダークシールド
はめつのたて
オーガシールド
てんくうのたて
ひかりのたて
メタルキングのたて
とんがりぼうし
かわのぼうし
きのぼうし
かいがらぼうし
けがわのフード
てつかぶと
てっかめん
シルクハット
ヘアバンド
サタンヘルム
ぎんのかみかざり
かぜのぼうし
しあわせのぼうし
ちりょくのかぶと
やまびこのぼうし
おうごんのティアラ
てんくうのかぶと
グレートヘルム
メタルキングヘルム
たいようのかんむり
シルクのヴェール
ほしふるうでわ
エルフのおまもり
ビアンカのリボン
メガンテのうでわ
ほのおのリング
みずのリング
いのちのリング
やくそう
どくけしそう
せいすい
キメラのつばさ
せかいじゅのは
せかいじゅのしずく
まんげつそう
いのりのうでわ
まほうのせいすい
においぶくろ
ときのすな
けんじゃのいし
ちからのたね
まもりのたね
すばやさのたね
かしこさのたね
いのちのきのみ
ふしぎなきのみ
ラーのかがみ
やみのランプ
ちいさなメダル
たびびとのちず
とうぞくのかぎ
まほうのかぎ
さいごのかぎ
まほうのふくろ
まもののエサ
ばくだんいし
ファイトいっぱつ
あくまのおもちゃ
ふっかつのたま
エルフののみぐすり
てんしのすず
いのちのいし
モンスターほいほい
たたかいのドラム
たいまつ
