傷薬
高級傷薬
最高傷薬
万能傷薬
石化回復
精霊石
火星の砂
永久氷晶
長剣
ブロードソード
白銀の剣
三日月刀
ファルシオン
ブラッディソード
スパイダーソード
スクリーマー
イビルアイ
龍鱗の剣
降魔の剣
七星剣
大剣
ツヴァイハンダー
カムシーン
バスタードソード
フランベルジュ
東方不敗
月下美人
氷の剣
妖刀龍光
トリプルソード
手斧
戦斧
ブランヴァ
フランシスカ
バイキングアックス
ホークウィンド
バスターアクス
魔王の斧
バトルハンマー
ツイスター
詩人のフィルド
棍棒
スレッジハンマー
ゴールデンバット
栄光のつえ
ルーンのつえ
生命のつえ
仕込みつえ
フルーレ
レイピア
エストック
グラディウス
マスカレイド
シルバーフルーレ
ナイチンゲール
クリスナーガ
トリプルソード
ロングスピア
アーメントゥーム
パルチザン
ハルベルト
ブリッツランサー
ルシェルンガード
ウィルピアス
獣人の槍
聖王の槍
龍槍スマウグ
狩人の弓
長弓
あずさ弓
エルダーボウ
カナリアの弓
妖精の弓
死の弓
強化の弓
ドビーの弓
七星剣
マスカレイド
仕込みつえ
聖杯
小盾
大盾
騎士の盾
スパイクシールド
炎獣の盾
水鏡の盾
龍鱗の盾
魔王の盾
ライトガード
スマートガード
エクセルガード
バックラー
ターゲット
アースガード
ウィルガード
ワンダーバンクル
兵士の鎧
騎士の鎧
シルバーチェイル
白銀の鎧
魚鱗の鎧
星辰の鎧
魔王の鎧
スターチェイル
ロードアーマー
武神の鎧
龍鱗の鎧
蒼龍の鎧
朱雀の鎧
白虎の鎧
玄武の鎧
黄龍の鎧
クマちゃん
永久氷晶
サラサのシャツ
炎獣の革
魔獣の革
ヒドラ革
チェーンベスト
ボーンブレスト
アンデットメイル
ボーンメイル
ビーストメイル
ナッツのチョッキ
樹木の鎧
蛸のはちまき
スライムスキン
ゴーストコート
ゼラチンスーツ
魚鱗の鎧
蛇の抜け殻
耐熱アーマー
魔族の鎧
精霊冠
フラワースカーフ
ロブスターメイル
炎のマント
フォースマント
ラヴォスアーマー
トウテツアイ
プロテクター
プロテクター
プロテクター
プロテクター
革鎧
リジットレザー
ブリガンディ
ローレザー
きれいな指輪
ビーストレザー
ヒドラレザー
ワニ革の鎧
術士のローブ
道士のローブ
湖水のローブ
陽炎のローブ
月白のローブ
星屑のローブ
宵闇のローブ
宵闇のローブ
ソルジャースーツ
プロテクトスーツ
強化装甲
フォートスーツ
タイタンスーツ
コンバットスーツ
機動装甲
謎のスーツ
チェニック
シルティーク
武道着
毛皮のベスト
ぼろ布
羅刹のベルト
ナッツのチョッキ
強化道着
フルフェイス
クロースヘルム
サイコメット
角兜
ヘッドバンド
ナイトキャップ
邪眼のマスク
聖王の兜
ガントレット
ヴァンプレイス
シェルブレーサー
パワーグラブ
デュエルマスター
鬼神小手
骨の腕輪
銀の手
革のブーツ
神威のブーツ
シューズ
道化の靴
疾風の靴
ラバーソウル
フェザーブーツ
聖王ブーツ
骨十字
月の骨
デットハート
クリスナイフ
トウテツパターン
魔女の瞳
トロールストーン
ガードリング
キャンディリング
牙のお守り
翼のお守り
鳳の髪飾り
水心の爪
妖精環
霧の水環
イルカ像
王家の指輪
死指輪
タイニイフェザー
魚鱗
龍鱗
ゴールドメダル
ハートエイク
夢見る宝石
技の香薬
力の香薬
心の香薬
ヘリオトローブ
エーデルワイス
術酒
霊酒
神酒
生命の素
結界石
野生の薬
邪香
ピドナジュエル
妖精のハーブ
アイテムいいいい
バクの涙
猫いらず
隕石のかけら
死のかけら
毛皮
カード
チョコボカード
アイテムえふろく
アイテムえふなな
アイテムえふはち
アイテムえふく
アイテムえふえい
アイテムえふびい
アイテムえふしい
アイテムえふでい
生命のおおもと