パリイ
なぎ払い
かすみ二段
失礼剣
十文字斬り
飛水断ち
バックスタッフ
龍尾返し
疾風剣
残像剣
亜空間斬り
五月雨斬り
分身剣
剣閃
黄龍剣
デミルーン
デミルーンエコー
スパイダーネット
ブレードネット
氷の瞳
魅惑の瞳
スケアーボイス
スターバースト
スターストリーム
強力剣撃
みね打ち
巻き打ち
切り落とし
スマッシュ
払いのけ
地走り
無形の位
ブルクラッシュ
無刀取り
逆風の太刀
乱れ雪月花
地すり残月
ムーランルージュ
退魔神剣
霧氷剣
ダンシングソード
トマホーク
スカルクラッシュ
大木断
ウォークライ
ハイパーハンマー
アクセルターン
ブレードロール
メガホーク
次元断
マキ割りダイナミック
スカイドライブ
デッドリースピン
ヨーヨー
ジンギスカン
オービットボーラ
未定
未定
脳天割り
ハードヒット
ジャストミート
回転撃
骨砕き
大震撃
エアロビート
削岩撃
活殺重力波
グランドスラム
かめごうら割り
プレス
パワーヒール
振り逃げ
ウェアバスター
スペルエンハンス
居合抜き
マイダスハンド
抜刀ツバメ返し
シャッタースタッフ
フェイント
アクセルスナイパー
インプリズン
マインドステア
スネークショット
ライトニングピアス
マタドール
スクリュードライバー
サザンクロス
ファイアクラッカー
ファイナルレター
ウェイクアップ
ウェアバスター
ナースヒール
蛇剣
未定
未定
足払い
石突き
二段突き
エイミング
風車
脳削り
チャージ
ミヅチ
スパイラルチャージ
双龍破
活殺獣神衝
大車輪
無双三段
流星衝
スウィング
ラウンドスライサー
勝利の詩
サイコバースト
トライシューター
未定
影ぬい
でたらめ矢
イドブレイク
ビーストチェイサー
瞬速の矢
フラッシュアロー
サイドワインダー
ショットウェイブ
挑発射ち
プラズマショット
連射
影殺し
ミリオンダラー
妖精の矢
レゾナンスウィープ
心眼でたらめ矢
死ね矢
未定
永久氷晶
みんなの歌
キック
サミング
集気法
カウンター
空気投げ
ジャイアントスイング
稲妻キック
短勁
ナイアガラバスター
逆一本
活殺破邪法
超次元ペルソナ
流星蹴り
練気拳
タイガーブレイク
竜神烈火拳
未定
シールドラッシュ
ユリアンブロック
未定
ウインドダート
ナップ
ダンシングリーフ
ソーンバインド
サクション
トルネード
龍神降臨
エアスラッシュ
ハードファイア
セルフバーニング
フェザーシール
バードソング
ファイアウォール
リヴァイヴァ
ストーンバレット
ベルセルク
クラック
ストーンスキン
アースヒール
タッチゴールド
超重力
スコール
生命の水
神秘の水
ウォーターポール
スパークリングミスト
サンダークラップ
クイックタイム
サンシャイン
ヒートウェイブ
スターフェクサー
デイブレイク
太陽風
再生光
幻日
シャドウボルト
ムーンブロウ
ソウルフリーズ
ムーンシャイン
月読みの鏡
幻惑光
シャドウサーバント
吸血
凝視
アンデット支配
ジェントルタッチ
わざでいはち
わざでいく
わざでいええ
わざでいびい
ネット
斬り払い
多段攻撃
巻き打ち
スマッシュ
遠当て
マルチウェイ
舞千鳥
骨砕き
ブレードロール
フリーズバリア
地震攻撃
フェイント
アクセルスナイパー
スクリュードライバー
足払い
エイミング
影ぬい
でたらめ矢
触手
ふみつけ
体当たり
稲妻キック
催眠
死神のかま
ライフスティール
フェロモン
凝視
脳天割り
みきりえふく
みきりえふええ
みきりえふびい
みきりえふしい
みきりえふでい
みきりえふいい