なし

－武器・片手剣－
ダガー
クリスナイフ
ミスリルナイフ
クリーバー
ショートソード
ロングソード
レイピア
サーベル
ミスリルソード
バリーイングダガー
メイルブレイカー
ジャダマハル
カタール
漆黒の短刀
クリスタルナイフ
マインゴーシュ
アサシンダガー
フレイムダガー
疾風のナイフ
エクスカリバー
聖なる剣
シャムシール
フランベルジュ
ショテル
エストック
ロイヤルレイピア
ソードブレイカー
折れた剣
紅蓮
アイアンソード
ウィップソード
ルーンブレイド
ヴァルキュリア
クラウソラス
ドラグヴェンデル
イグニスソード
血のヘビ
オリハルコンソード
柄
アイスピック
ククリ
リングダガー
ゴールドダガー
果物ナイフ
青竜刀
タルワール
カットラス
ヴェノムブレイド
雷光剣
クリティカルエッジ
金剛刀
フラガック
マチェット
ファルシオン
プラチナソード
奇跡の剣
天空の剣
魂狩り
古錠刀
ナイトメア

－武器・両手剣－
ブロードソード
バスターソード
クレイモアー
グレートソード
ダマスクスブレイド
銀の剣
黒曜石の剣
エクスキューション
小狐丸
小烏丸
ガルヴォルン
アンドゥリル
ドラゴンキラー
デュランダル
爆炎剣
破山剣
グラムドリング
精霊の剣
サンクトゥス
ブラッドソード
ソウルイーター
ヴァンテイレン
ダインスレイフ
レーヴァンティン
アイボリーソード
七支刀
なまくらな剣
セラミックブレード
巨人の剣
封魔の剣
トリプルエッジ
クイックブレード
フォースブレード
ファーゾルド
氷結剣
雷鳴剣
長曽根虎徹
菊一文字則宗
二代和泉守兼定
鬼一法眼
妖刀村正

－武器・斧－
ハンドアックス
ブローバ
ヘヴィアックス
クレセントアックス
ハチェット
フランキスカ
トマホーク
ブロードアックス
バトルアックス
ミスリルアックス
ル－ンアックス
ダブルハーケン
巨人の斧
灰塵の戦斧
ポールアックス
ギロチンアックス
石斧
魔人の斧
スラッシャー
虚無の刃

－武器・棍棒－
ハンマー
ウォーハンマー
モーニングスター
ミスリルハンマー
スタッフ
メイジスタッフ
銀の錫杖
青銅の錫杖
大金槌
バット
ミョルニール
シルバーハンマー
ダグザハンマー
マジカルハンマー
クラブ
アイアンメイス
鉄の鞭
スパイクドクラブ
ニードルメイス
狼牙棒
フレイル
フレイムフレイル
スコーピオンテイル
トンファー
アイアントンファー
鉄笛
鉄パイプ
木刀
釘バット
金属バット
パイクスタッフ
ルビーワンド
シルバーロッド
ウィザードロッド
神の杖
ルーンスタッフ
偉大なる魔導師の杖
悪魔のワンド
クリスタルロッド
精霊の杖
瘴気の杖
いやしの杖
マジカルステッキ
ステッキ
木の杖
樫の棍棒
アンバーメイス
バトルハンマー
裁きの鉄槌
ホーリーメイス
チェインフレイル
ダークロッド
月の紋章の杖
太陽の紋章の杖
ラングランド
シャインブルーム
鉄疾藜骨朶

－武器・槍－
スピア
パイク
トライデント
ハルベルト
月牙
バルディッシュ
ミスリルスピア
ジャベリン
ランス
ロンギヌスの槍
グレイヴ
蛇矛
青竜偃月刀
パルチザン
蜻蛉切
ゲイボルグ
十文字槍
ミリタリーフォーク
ツインシャフト
三尖両刃刀
双鉄戟
紅きコンドル

－武器・弓矢－
ショートボウ
ロングボウ
アルバレスト
クロスボウ
ハンティングボウ
コンポジットボウ
銀の弓
精霊の弓
ポイズンボウ
ツインクロスボウ
セラフィックアロー

－武器・素手－
ナックルダスター
鉄の爪
ガントレット
ネコぱんち
バトルフック
クロスカウンター
レザーグローブ
メタルグラブ
カイザーナックル
フレイムファング
ブラッドトゥース
ドラゴンクロー
セスタス
子母鴛鴦鉞
アダマングラブ
毒手
鬼神の爪
三鈷杵
テクンベ

－武器・投具－
魔弾タスラム
くない
手裏剣
鋼の手裏剣
セラミック手裏剣
漆黒の手裏剣
風斬りの刃
流星鎚
チャクラム
飛刀
手戟

－防具・鎧－
布の服
革の服
ローブ
シルクのローブ
冒険者の服
神官の法衣
ハードジャケット
ホーリーローブ
チェインメイル
リングメイル
チェインプレート
レザープレート
ブロンズプレート
ミスリルプレート
シルバープレート
ゴールドプレート
レザーアーマー
ブロンズアーマー
ミスリルアーマー
シルバーアーマー
ゴールドアーマー
黒装束
鶴装
ミラージュスーツ
ボンテージスーツ
クローク
水の衣
琥珀の法衣
光のローブ
精霊の法衣
ドラゴンガーブ
漆黒の法衣
魔術師のローブ
黒きコルセット
スケールメイル
ホウバーク
スタッドメイル
グランドチェイン
チェインベスト
エルブンチェイン
ミスリルチェイン
メタルジャケット
ゴールドチェイン
ブリガンダイン
ドラゴンメイル
スケルトンメイル
クロスアーマー
ラメラーアーマー
バンデッドアーマー
紅糸威小腹巻
昇梯子二枚胴
白糸素懸威胴
スチールアーマー
フィールドアーマー
シャドウメイル
サビた鎧
ヘヴィアーマー
パレードアーマー
みかわしのローブ
マンチュアの鎧
クリムゾンメイル
マクシミリアン
メリアグランスの鎧
ブリキの鎧
サバイバルベスト
アダマンベスト
銅の胸当て
鱗の胸当て
プラチナプレート
マジックプレート
守りの胸当て
ヘヴィプレート
大地の胸当て
重装の胸当て
太陽の胸当て
カオスメイル
漆黒の胸当て
木綿の衣服
道着
僧侶の服
魔導師の服
ぼろぼろの服
穴のあいた服
魔力の衣
英知の衣
毛皮の服
革のジャケット
浴衣
チャイナドレス
メイド服
着ぐるみ
守りのクローク
麻のクローク
防水クローク
暗黒のローブ
シルバーローブ
静寂の衣
賢者の衣
クロウガーブ
シャドウマント
チェインローブ
深紅のローブ
エメラルドローブ
天衣無縫
プレートアーマー
鋼の鎧
セラミックアーマー
チタンアーマー
イビルサーヴァント
漆黒の甲冑
呪縛の鎧
キュアアーマー
パラサイトアーマー
ナイトアーマー
アンデッドアーマー
ヴァーンメイル
聖騎士の鎧
ルビーアーマー
神竜の鎧
飛竜の鎧
ドラグーンアーマー
暗黒竜の鎧
焔の鎧
氷の鎧
イブリースアーマー
ショルダーアーマー
ルーンメイル
魔法返し
魔力の鎧
生命の鎧
太古の鎧
グラビティアーマー
白金の鎧
天使の光輪
ダイアアーマー
ジルコンアーマー
オーラアーマー
ライトアーマー
ガイアアーマー
死者の鎧
聖なる鎧
冥界の鎧
アイアンメイデン
破邪の鎧
刃の鎧
深緑の鎧
百鬼の鎧
クリスタルアーマー
勇者の鎧
女神の鎧
アビスアーマー
グランドクロス
破滅の甲冑
死者の甲冑
転生の鎧
ヴァンパイアメイル
精霊の鎧
ゲーリュオン
ヴァルキリーメイル
禰襠甲
明光鎧
道袍黒帯
ネクロノミカ
セントクルセイド
ホーリークロス
スレイヴクィーン
マジシャンズベスト
学生服
閃光のトランクス
巫女装束
ミストレス
マジカルドレス
陽炎
ファニーポップ
レタルベ
武闘着
稽古着
闘将烈覇
龍装
ドラゴンジャージ
シャインドリーム
漆黒のスーツ
セーラー服
フォーマルスーツ
ブレザー

－装飾品－
理力の腕輪
幸運の指輪
幸運の鈴
幸運のカード
邪悪な指輪
女神の涙
大数珠
月の石
アクアマリン
ウロボロスの腕輪
神力の腕輪
大地の女神
闇の腕輪
金の腕輪
銀の腕輪
虹の腕輪
棘の腕輪
ドラウプニル
プラチナリング
守りの指輪
生命の指輪
疾風の指輪
ゴールドリング
ジェイドリング
トパーズリング
ダイヤモンドリング
ルビーリング
サファイアリング
エメラルドリング
ターコイズリング
オパールリング
ガーネットリング
アメジストリング
ヘマタイトリング
マラカイトリング
黒の指輪
ヘッジホッグ
レザーブーツ
バトルブーツ
安全靴
スパイクシューズ
エナメルブーツ
カンフーシューズ
サドマゾ
マジカルカード
神速の足袋
編みタイツ
招きの鈴
羽ペン
綸巾羽扇
イビルイヤリング
まきびし
知性の眼鏡
サングラス
エナメルパンツ
王家の指輪
イビルベルト
閃きの指輪
ファイターブーツ
ヨーヨー
マウスピース
服従の首輪
ケリ
魂のともし火
雪駄
ブリーシンガメン

－防具・兜－
革の帽子
バンダナ
ニードルキャップ
レザーヘルム
ブロンズヘルム
ミスリルヘルム
鉄仮面
クロスヘルム
スタッドヘルム
ハーフヘルム
ユニコーンヘッド
ヴァイキングヘルム
アイアンキャップ
アイアンヘルム
ホーンドヘルム
朽ちた兜
サーリット
シルバーヘルム
プラチナヘルム
バルビューダ
ボーンヘルム
スカルヘルム
フルフェイス
フェイスガード
ブラックヘルム
デスヘルム
バンデッドヘルム
シルバーアーメット
カッパーアーメット
ミスリルアーメット
ヘクトルの兜
ナイトヘルム
グレイトヘルム
英雄の兜
八日月阿古蛇形筋兜
八間星兜
獅噛春日星兜
精霊の兜
インフェルノヘッド
ベレー帽
大地の帽子
氷の帽子
輝ける帽子
布の帽子
カメレオン
学童帽
青い帽子
流行りの帽子
硬い革の帽子
探検家の帽子
韮山笠
海賊帽
ヘッドバンド
ミスリルバンド
はちがね
黒司祭の帽子
商人の帽子
黒頭巾
魔術師の帽子
ウィザードハット
ルーンハット
ダークメイジハット
綸巾
玄武巾
死人使いの綸巾
虚無僧の帽子
白孤の頭巾
三角帽子
作業帽
司祭の帽子
看護婦の帽子
クラウン
ティアラ
小人の帽子
妖精の帽子
リボン
うさ耳帽子
ウサギの付け耳
メイドの髪飾り
ボブウィッグ
呪いの面
デスマスク
猫耳帽
サイマヘルム
ドリルヘッド
エンジェルハィロウ
カチューシャ
マタンブシ
ヘッドギア
兜麒麟
朱雀冑
クロスハット
マジカルベレー

－防具・盾－
レザーシールド
ターゲットシールド
アイアンシールド
ヘヴィシールド
ミスリルシールド
タワーシールド
バックラー
ウッドシールド
ラージシールド
こうらの盾
ラウンドシールド
ローズクォーツ
スモーキークォーツ
クレストシールド
ルーンシールド
マンドルラ
聖なる盾
ナイトシールド
カイトシールド
見切りの盾
イージスの盾
石の盾
バリアシールド
光の盾
精霊の盾
ミラーシールド
ラージバックラー
紅玉の盾
青玉の盾
黄玉石の盾
翠石の盾
ハードレザーガード
錆びた盾
アスビス
スペルシールド
ヒヒイロカネの盾
生命の盾
三日月の盾
暗黒竜の盾
神竜の盾
飛竜の盾
ドラグーンシールド
スクトゥム
鋼の盾
スピネルシールド
クイックシールド
クロスシールド
業火の盾
マスターガード
プラチナシールド
ダークシールド
白銀の盾
フェザーシールド
守りの盾
メイジシールド
竜鱗の盾
チタンシールド
アダマンシールド
ダイアの盾
レジストシールド
破魔の盾
大骨の盾
スケルトンシールド
血塗られた盾
いびつな盾
クリスタルシールド
虚無の盾
デモンズシールド
オーガシールド
腐蝕の盾
学生カバン
ウェディングトレイ
ブラススリーブス
夏祭

－消耗品・治療－
魔石
リンゴ
ポーション
フルポーション
青リンゴ
ミカン
スィーティー
洋ナシ
バナナ
ブドウ
イチゴ
サクランボ
スイカ
メロン
キウイ
柿
レモン
栗
プリン
トロ
オオトロ
玉子
いくら
うに
ネギトロ
えび
いか
ハマチ
カニ
サーモン
たこ
かんぴょう巻き
いなり
焼きイモ
腐ったトロ
腐ったいなり
腐ったバナナ
腐ったオニギリ
腐った肉
チーズケーキ
イチゴのショート
エクレア
ドラ焼き
食パン
おにぎり
肉
シャケの切り身
たこやき
マナポーション
フルマナポーション
毒消し草
魔法の花
息吹の葉
謎のぬいぐるみ
変なぬいぐるみ
心の花
真心の花
生肉
クロワッサン
パン
ドクポーション
モウドクポーション
金のコイン
金貨
金の延べ棒
体力の種
至福の財布
ばんそうこう
注射器
夢見の竪琴
天使の卵
奇妙な薬
天空の笛
魂の叫び
素早さの種
ハンバーグ
チョコクロワッサン
イチゴクロワッサン
アンズクロワッサン
チョコパン
イチゴパン
アンズパン
マフィン
クルミマフィン
チョコマフィン
イチゴマフィン
アンズマフィン
ラズベリーマフィン
メロンマフィン
ミルク
コーヒー牛乳
さかな
ホネ
ハイポーション
フルハイポーション
長ねぎ
知力の種
腕力の種
精神力の種
器用さの種
ピヨコ
キャンディー
深緑のコイン
ビックバン
魂の灯
－呪文書－

ヴァーンレイド
フレアーヴォム
インフェルノ
アイシクルエッジ
ホワイトフリーズ
アクエリアス
レイヴォルト
プラズマレイジズ
テンペスト
アースバインド
ヘヴンズライト
ヴォルケーノ
エアースラッシュ
ウィンドブラスト
ヴォーテックス
ヴェノムがガスト
サイレンス
パラライズ
ヒール
グレーターヒール
リザレクション
キュア
リカヴァー
エンハンスウェポン
エンハンスシールド
フェイズトランス
