ˆ¢‰ïšf
‚¢º
ˆÉÐ
›šÜ
›š‘å–Ú
›š–Ù
˜°‹g
˜°‹Ö
˜°‘F
‰z‹g
åÍˆâ
åÍˆû
è…‰F
åÍà†
è…_
åÍp
åÍ®
åÍÐ
åÍæ
è…•Þ
åÍƒˆƒE
‰¤ˆÐ
‰¤ˆò
‰¤Šî
‰¤‹Ò•Å
‰¤‹§
‰¤Œo
‰¤˜Â
‰¤ŸÓ
‰¤âê
‰¤ãù
‰¤^
‰¤à\
‰¤‘o
‰¤â
‰¤•½
‰¤•á
‰¤—Ý
‰¤˜N
‰—•v—…
‰½å
ðD‰z
ðD—Ç
‰ØæI
‰â‰½Äœ÷
æÉçœ
‰½‹V
‰ØðU
æÉðI
Šsšó
Šs‰Ã
Š{à…
Šsúö
è·s
ðZº
Šyi
Šyðr
Šs}
Šs¿”V
è·œT
ŠsŸÌ
‰ÄŒòˆÐ
‰ÄŒò•£
‰ÄŒò‰¶
‰ÄŒò˜a
‰ÄŒòŒb
‰ÄŒòŒº
‰ÄŒò®
‰ÄŒò“¿
‰ÄŒò“Õ
‰ÄŒò”e
‰ÄŒòž¼
æÉ[
‰êÄ
‰Ø˜Ç
‰ë’O
æÉ”Í
çe”ä”\
‰Ø—Y
ŠÖœR
ŠÖ‰H
ŠÇˆå
Ÿx‹uŒ
ŠØŒº
ŠØ_
ŠÖ‹»
ŠÖõ
ŠØ‹
ŠØ“
ŠØù
ðQ‘ò
ŠÖ“
ŠØ“–
ŠÃ”J
Šº”Í
ŠØée
ŠÖ•½
ŠÈè´
Šç—Ç
ŠÇçi
é°‰„
‹`
‹YŽuË
é°‘±
é°¿
‹‹à
‹•ã
‹u—Í‹
›IˆÛ
èÝŽu
‹´ðy
ð„“s
‹´àî
‹–‹V
‹–v
‹–™¡
‹––õ
‹–ð]
‹–¿
‹I—ì
‹àŠÂŽOŒ‹
‹àù
‹ñ–|
ŒY“¹‰h
çº³
ŒµŠç
Œµj
Œµûo
Œµ”’ŒÕ
Œµ—`
Œàœò
‰©ŠW
‚Š²
ãÔ‹I
‰©Œ 
‰©á©
‚‡
‚ãÄ
Œò¬
‰©‘c
Œö‘·‰z
Œö‘·•£
Œö‘·‹±
Œö‘·N
Œö‘·ð@
Œö‘·‘±
Œö‘·“x
Œö‘·”Í
Eð\
‰©’‰
‚’è
‚Ÿ
c•á“
E—Z
‚——
Œà‹
Œá•F
Œàj
ŒàŽ¿
ŒÓŽÔŽ™
ŒÓ…
ŒÄœCò
™Y“Ëœ
ŒÓ”Ç
Œà”Ç
ŒÓ•±
ŒÚè´
Œà—–
›Áð€
äï˜a
äïŒM
äï’†
äïàî
äïðG
ðw—Z
¶Žœ
Žmˆë
Žm‹J
Žm‹§
ŽmâL
Žm™×
Žm‘·
Ži”nœò
Ži”n‰Š
Ži”n‹J
Ži”nŽt
Ži”nº
Ži”n›t
Ži”n–]
Ži”n¿
Ži”n˜N
ŽÓÕ
ŽÔãò
¹–€žh
ŽéˆÙ
ŽüúÏ
ŽüŽ|
Žü‘q
Žü‘×
B‘×
Žüéµ
Žüàï
ŽéŠº
Žé‹’
j—Z
Žé™M
Žé‘R
ŽéŽ¡
Žé–J
Žé—ì
ä¤ú¹
~˜°àù
ä¤ûª
ä¤¿
ÓðY
ß‰ï
ÓŠ²
Ó‹`‹”
Ó‹Ô
ÓÏ
ðXŽü
Ó˜®
Œü’ž
ßðM
Œü˜N
™‰h
”Š‹œ
”Š‹àõ
”Š‹‹Ï
”Š‹®
”Š‹ð~
”Š‹áÛ
”Š‹’a
”Š‹—º
™W
™Ž¿
™Ž
™·
™ðN
’¾àð
\‹V
›¨¨
\’^
R”z
hðŽ
h•]
`ð
ð…ŒÅ
¬‹X
Îäš
åLàð
åL‘Ž
‘Sð’
’PŒo
‘Sûj
‘S’[
‘‚‰F
‘‚‰b
‘‚šô
‘‚ãº
‘‚‹x
‘‚ŒP
‘vŒ›
‘‚V
‘‚^
‘‚ƒ
‘‚²
‘‚A
‘‚^
‘‚m
‘‚«
‘‚‘€
‘‚‘u
äh”e
‘‚˜¡
‘‚•^
‘‚–F
‘‚é˜
‘‚ŒF
ŸœŽö
‘h”ò
‘c–Î
‘·ˆÙ
‘·˜a
‘·Šº
‘·‹x
‘·‹§
‘·ðU
‘·Œ˜
‘·Š£
‘·Œ 
‘·ì
‘·ô
‘·G
‘·s
‘·èî
‘·Ã
‘·ðr
‘·“o
‘·àï
‘·ãÂ
‘·—º
‘·—ç
‘·˜N
‘¾Žj‹
‘¾ŽjŽœ
‘Ñ—ˆ“´Žå
‘ìä^
žSŽv‘å‰¤
æ—Y
’£ˆò
æâ‰_
’£‰q
’£‰p
’£‰
’£‰¡
’£‰·
’£‰Ø
’£ðV
’£Šù
’£‹x
’£›Ö
’£ŒM
’£ŒÕ
’£h
’£ðC
æâL
’£Ï
’£J
’£º
’£¼
’£Ð
’£”C
’£ß
’£’î
æâ“
’£“ì
’£ðN
æâ”Í
’£”ò
’£•z
’£äš
’£—k
’£—ƒ
’£—É
æâ—Ý
’£˜D
’Â‰¡
’Â‹{
’Â‹¸
’Âã¸
’ÂŒ]
’Âéy
’ÂŽõ
’ÂŽ®
’Âk
’Â‘×
’Â“o
’Â“|
’Â•
’Â—–
’Â—Ô
’öúc
’ö‹â
”Ht
’ö•
’ö•
’öâ\
’š•ò
“O—¢‹g
“Tèè
“cž²
“c‘±
“cáe
“c–L
Ÿìˆû
“Ÿˆò
û¹äˆ
“Ÿ™Î
“©Œª
û¹Œ«
û¹ŽÅ
“‚™ü
“ŸP
“©à\
“Ÿ³
“Ÿº
“Ÿ‘ì
“©’‰
“Ÿä¶“ß
ð—“Ú
“Ÿß
“Ÿ˜a
“m—a
åèŒ³Ð
”nŠß
”n‹x
”nçà
”n“úðn
”n…
”næŒ
”n‘Ð
”n’‰
”n’‰
”n’´
”n“S
”n“«
”nðN
”n—Ç
–œú¹
žæŒš
àNà\
àNàö
žæâf
àN–P
”ïð’
”ÚŸ¥
”ïŽ
êgŽ±
êg–F
•ˆÀ‘
égK
˜ú‰d
•šŠ®
˜úŽmm
™B™@
˜ú’F
˜úðg
•¶éñ
•¶‹Ô
•¶X
•¶ãÙ
™ÄŠì
–Z‰å’·
ˆ§‹I
ðLãº
é¸M
–@³
ðL“
ðL“¿
é¸—²
–s‡
à`—z‹»
–ØŽ­‘å‰¤
•àè«
–ž’ž
–À“–‘å‰¤
–ÑðR
–ÐŠl
–Ð’B
–Ð—D
—k‰ù
è´ðV
—k‹V
—rðx
—kX
—kC
—kH
—k¼
—kâN
—k”
—k•V
—k–N
—k•ò
—‹“º
—‹”–
ép“
—›ˆÙ
—›‰ø
—›ðF
—¤ŠM
—¤R
—¤Ñ
—¤‘»
—›Œµ
—›Žò
—›l
—›“T
—›–L
—«‰i
—«à
—«ûg
—«‹ñ
—«™¬
—«Œ«
—«z
—«àö
—«ûª
—«‘T
—«ûj
—«‘Ð
—«“x
—«”b
—«”õ
—«•\
—«•^
—«ç„
—«••
—«ž@
—«ðM
—«—
—¯—ª
˜CˆÐðz
œ@‰»
—À‹»
—½‘€
—½“
œ@—§
˜CŠM
˜C‹`
˜Cåi
˜CžD
˜CãÄ
˜C‘Ð
˜C”Í
˜C•z
˜C–Ö
—Ï’¼
˜Dl
á¸A
•«00
•«01
•«02
•«03
•«04
•«05
•«06
•«07
•«08
•«09
•«10
•«11
•«12
•«13
•«14
•«15
•«16
•«17
•«18
•«19
•«20
•«21
•«22
•«23
•«24
•«25
•«26
•«27
•«28
•«29
•«30
•«31
•«32
•«33
•«34
•«35
•«36
•«37
•«38
•«39
•«40
•«41
•«42
•«43
•«44
•«45
•«46
•«47
•«48
•«49
•«50
•«51
•«52
•«53
•«54
•«55
•«56
•«57
•«58
•«59
•«60
•«61
•«62
•«63
•«64
•«65
•«66
•«67
•«68
•«69
•«70
•«71
•«72
•«73
•«74
•«75
•«76
•«77
•«78
•«79
•«80
•«81
•«82
•«83
•«84
•«85
•«86
•«87
•«88
•«89
•«90
•«91
•«92
•«93
•«94
•«95
•«96
•«97
•«98
•«99