旅芸人の竹光
護身刀
山賊の刀
鋼鉄の剣
船乗りの刀
軍人の刀
戦士の剣
切り裂きの剣
細身の剣
剣士の剣
蛇紋刀
幅広の剣
騎士の剣
新月刀
熟練の剣
星屑の剣
レゾナブレード
木刀
蒼騎士の剣
薄手のグローブ
革のグローブ
厚革のグローブ
鋲つきのグローブ
鉄甲のグローブ
狼爪のグローブ
影のグローブ
拳法家のグローブ
虎爪のグローブ
咆哮のグローブ
勝者のグローブ
熊爪のグローブ
鉄心のグローブ
王者のグローブ
竜爪のグローブ
覇者のグローブ
黒法師のグローブ
野球のグローブ
未登録38
未登録39
スローインダガー
ニードルダガー
ラークダガー
ショットダガー
スワロウダガー
フラッシュダガー
シャドウダガー
コンドルダガー
ハリケンダガー
クレセントダガー
チェイスダガー
イーグルダガー
ブラストダガー
ビートダガー
シャウトダガー
フルムーンダガー
未登録56
未登録57
未登録58
未登録59
短槍
二叉の槍
長槍
兵士の槍
蛇身の槍
騎兵の槍
三叉の槍
閃光の槍
迎撃の槍
青竜の槍
貫通の槍
突撃騎兵の槍
鳳凰の槍
雷撃槍
戦乙女の槍
竜騎兵の槍
未登録76
未登録77
未登録78
未登録79
テイクハンマー
ライトハンマー
ソーンハンマー
ビートルハンマー
ロングハンマー
ネイルハンマー
ミドルハンマー
シャークハンマー
フレイルハンマー
ヘヴィハンマー
ブレイクハンマー
オルカハンマー
ウォーハンマー
ハイパーハンマー
ホエールハンマー
バーストハンマー
未登録96
未登録97
未登録98
未登録99
射的の弓
ユズの弓
牧童の弓
旋風の弓
カエデの弓
狩人の弓
吹雪の弓
イチイの弓
狙撃の弓
雷鳴の弓
ヒイラギの弓
兜割の弓
十字の弓
妖精の弓
トネリコの弓
大地の弓
マグノリアの弓
未登録117
未登録118
未登録119
ブーメラン
ハイブーメラン
チャクラム
ハイチャクラム
ハイゲイラー
スピンソーサー
イエガー
ホエールウィンド
未登録128
未登録129
ヘイゼルロッド
マルベリーロッド
ローズベイロッド
フェアロッド
エルムロッド
アシューロッド
ランクルケイン
オークロッド
未登録138
未登録139
旅芸人の服
毛皮
革鎧
なめし革の鎧
強化革鎧
鋲つき鎧
戦士の鎧
胸当て
環鎖鎧
剣士の鎧
鎖かたびら
板金鎧
騎士の鎧
狂戦士の毛皮
装甲兵の鎧
奇跡の鎧
重量鎧
ミニスカート
未登録158
未登録159
旅芸人の盾
帆布の盾
小型の盾
藤の盾
円形の盾
海賊の盾
戦士の盾
中型の盾
凧型の盾
剣士の盾
大型の盾
鉄甲の盾
騎士の盾
突撃兵の盾
鉄壁の盾
守護の盾
うとわ
未登録177
未登録178
未登録179
禊
心眼
水
生命
大地
子守歌
忍耐
技
束縛
的
光
行進
力
闇
風
精霊
炎
戸惑い
泥濘
鏡
愛
刻
隠者
誕生
未登録204
未登録205
未登録206
未登録207
未登録208
未登録209
ダミー
それ見よ我が元気
木漏れ日の詩
ゆかいな小鳥
旅人たちの前奏曲
陽気な旅人
ともに踊らん
心を開いて
エチュード
森と海のメモリア
フリーズソード
フレイムソード
キュアーソード
ノックソード
諸刃の剣
コンフュナックル
サンダーナックル
レッシュナックル
ノックナックル
特拳５229
スリープボウ
ノックボウ
エアーボウ
特弓４233
特弓５224
テレポアーマー
アースアーマー
ウォータアーマー
ファイヤーアーマー
エアーアーマー
レトラッド入国
レトラッド出国
グレイスール入国
グレイスール出国
ペニソラ入国
ペニソラ出国
ヘローズ入国
ヘローズ出国
オースタン入国
オースタン出国
ヌメロス入国
ヌメロス出国
ブロデイン入国
ブロデイン出国
254
255
256
257
258
259
闘魂はちまき
真紅のバンダナ  
角つき兜    
ブロックコート  
フリップマント  
ガードジャケット    
コバルトリング  
ホワイトリング  
シルバーリング  
水玉リボン  
貝の髪飾り  
とんがり帽子    
ジョリィホルダー    
ハッピィホルダー    
ラッキィホルダー    
磁気ネックレス  
コールベル  
ノイズベル  
リザレクリング  
エコノミィリング    
エナジーリング  
詠唱のティアラ  
ブレスリング    
リッシュ人形    
記念コイン  
紅蓮の爪    
ウサ耳  
浄化のお守り    
気付けのお守り  
－－ 249－  
－－ 250－  
－－ 251－  
－－ 252－  
－－ 253－  






キュアーの小瓶  
キュアーの中瓶  
キュアーの大瓶  
レッシュの小瓶  
レッシュの中瓶  
レッシュの大瓶  
(没)ビー玉  
(没)釣竿(没アイテム)    
(没)ミントキャンディ    
(没)焼き立てパン    
ピリフィの薬    
ラキティの薬    
レストアの薬    
トランキの薬    
パナシアの薬    
リザレクの薬    
ミントキャンディ    
焼き立てパン    
ピッグサブレ   
リュトムパイ    
鳴り石のかけら  
タープ  
炎の手投げ玉    
水の手投げ玉    
ビー玉  
－－ 325－   
－－ 326－  
－－ 327－  
－－ 328－  
－－ 329－  
－－ 330－  
－－ 331－  
－－ 332－  
－－ 333－  
－－ 334－  
－－ 335－  
－－ 336－  
－－ 337－  
－－ 338－  
－－ 339－  
アメジスト  
パール  
ラピスラズリ    
エメラルド  
キャッツアイ   
ルビー  
スターサファイア    
ブルーダイヤ    
エサ８  
エサ９  
クロダイ    
サンショウウオ  
メジナ  
ブラックバス    
ニジマス    
アユ    
キンブナ    
ヤマメ  
イワナ  
シーラス    
染料の袋    
(没)旅券手帳    
乗船券  
(没)楽譜帳  
合鍵    
染料の支払い    
(没)魔法の地図  
伝票    
古い鍵  
バケツ  
子爵の紹介状    
公爵への手紙    
ビロードの小袋  
パン入り大袋    
唐辛子  
鳴り石  
お菓子  
祠の鍵  
メモ    
クロトの糸  
ポスター    
虫カゴ  
フローレの虫カゴ    
鉄の鍵  
レゾナストーン  
招待券  
スプーンセット  
鉄の火掻き棒    
ロイヤルハーブ  
組立て室の報告書    
燃料室の報告書  
部品室の報告書  
１階の報告書    
招待券の束  
倉庫の鍵    
クロトの糸の代金    
くまのぬいぐるみ    
灯台の鍵    
人形の騎士  
詐欺師フロード  
岩柱の鍵    
クサビ  
地下室の鍵  
お食事  
闇の太陽     
泥湖の原生生物  
キメラの研究   
魔獣観察手帳    
－－ 408 －－   
－－ 409 －－   
－－ 410 －－   
－－ 411 －－   
－－ 412 －－   
－－ 413 －－   
ようこのようは  
太陽のよう☆    
－－ 416 －－   
－－ 417 －－   
－－ 418 －－   
開発室の鍵  
－－ 420 －－   
－－ 421 －－   
－－ 422 －－   
－－ 423 －－   
－－ 424 －－   
－－ 425 －－   
水底のメロディー    
旅券手帳    
楽譜帳  
魔法の地図  
コルブラント    
ユーフォリア    
エンジェリクボウ    
メリュジーヌボウ    
－－ 434 －－   
リープアーマー  
ノームアーマー  
シアナアーマー  
ピュラアーマー  
ジニーアーマー  
