ー
ーグ  
ーザン
ーシ  
ーマン
ール  
ーン  
ＢＣ  
ＣＯ  
ＤＨ  
Ｆ    
ＨＣ  
ＲＨ  
おりも
たか子
つつじ
ゆき恵
ア    
アイア
アクス
アショ
アスム
アバ  
アリン
アル  
アルド
アン  
アント
アンド
イアン
イト  
ウ    
ウー  
ウィー
ウィル
ウェイ
ウエマ
ウォル
ウォン
エ    
エイダ
エデラ
エバー
ォル  
オア  
オドー
カグラ
カスト
カチ  
カメル
カルメ
カン  
ガータ
ガッフ
ガルシ
キネー
キャシ
キルト
クィネ
クリー
クルー
クロー
クワン
クン  
グ    
グラム
グレー
グレノ
ケイン
ケニー
ケン  
コーン
コクル
コック
ゴネス
ゴン  
サ    
サイモ
サミー
サムレ
サン  
サング
サンセ
サント
サンマ
シー  
シェン
シベル
シム  
シャイ
シャル
シャン
ジェー
ジェド
ジェル
ジャル
ジョン
ス    
スイン
スコス
スティ
スプレ
スミム
スリー
ズ    
セス  
セラー
ソノ  
ソリシ
ソン  
ゾ    
タト  
ダンバ
チェン
チャベ
チャリ
チャン
チン  
ッソン
ット  
ティー
ディ  
ディー
デウ  
デザー
デット
デパル
デラフ
デリ  
ト    
トニー
ド    
ドゥフ
ナカサ
ナル  
ニ    
ニー  
ニック
ヌ    
ネット
ノート
ノア  
ハー  
ハイス
ハスラ
ハップ
ハン  
ハンク
バース
バーフ
バリー
パトゥ
ヒイ  
ヒガタ
ヒュー
ビーコ
ビッグ
ビュー
ピータ
ピアヌ
ピネ  
ピル  
ピンカ
フ    
ファー
ファン
フィ  
フォー
フォロ
フジコ
フット
フライ
フレデ
フロー
ブラ  
ブラッ
ブリグ
プラダ
ヘッズ
ヘフナ
ベイル
ペリア
ホー  
ホーリ
ボーン
ボエ  
ボビー
ボブ  
ボロー
マーク
マーシ
マーチ
マイ  
マイス
マクツ
マッキ
マック
マッケ
マニー
マホメ
ミーテ
ミネリ
ミヤ  
ム    
ムーラ
ムンノ
メイジ
モク  
モニン
モン  
モング
ャヌ  
ャノン
ュ    
ュー  
ユー  
ユーザ
ユン  
ヨーグ
ヨム  
ラ    
ライ  
ラルフ
ランド
リー  
リーズ
リス  
リチャ
リンド
ル    
ルー  
ルト  
ルトン
レスト
レッデ
レン  
レヴィ
ロ    
ロート
ロード
ロイス
ロップ
ロバー
ロレン
ン    
ンＦ  
ンズ  
ンタム
ヴェラ
亜由美
阿藤  
芦口  
綾    
安永  
安谷  
安藤  
安能  
安平  
安雄  
伊井  
井田  
一位  
一見  
一宏  
一哉  
一子  
一俊  
一二三
一之  
一弥  
壱生  
稲倉  
稲造  
稲穂  
臼井  
栄一  
永吉  
永野  
英    
英樹  
英臣  
英二朗
越夫  
園田  
遠藤  
塩町  
奥    
奥山  
往広  
横町  
横平  
岡崎  
岡谷  
岡路  
荻原  
下    
下河内
下原  
下村  
佳子  
加島  
加東  
加納  
嘉紀  
嘉樹  
嘉和  
夏哉  
河口  
華代  
我妻  
雅    
雅好  
雅志  
雅臣  
雅満  
海原  
垣園  
柿崎  
角谷  
笠折  
寛    
寛昭  
管    
関内  
岸田  
岩井  
岩崎  
岩毛  
喜紀  
喜明  
寄智  
毅    
紀昌  
貴美夫
貴裕  
輝久  
輝文  
義弘  
義信  
義人  
義成  
義直  
義明  
義弥  
菊川  
菊田  
菊夫  
吉光  
吉森  
吉村  
吉野  
吉野ノ
杵白  
丘田  
宮前  
共和  
強    
恭彦  
教    
橋谷  
橋内  
暁夫  
芹村  
金井  
金村  
熊野  
熊里  
栗原  
栗林  
桑嶋  
勲    
勲人  
君久  
君政  
薫    
啓一  
恵一  
慶治  
敬    
敬三  
敬助  
桂一  
継男  
軽種馬
潔    
結城  
健児  
憲好  
憲司  
憲志  
権五郎
賢    
賢三  
賢治  
賢治朗
原田  
古窪  
古山  
古木  
後閑  
悟    
護夫  
光    
光三  
光次郎
光二  
公人  
公徳  
公二  
功一朗
好夫  
孝好  
孝直  
孝夫  
孝和  
宏    
宏伸  
宏真  
宏人  
宏之  
幸孝  
幸昌  
幸雄  
広泰  
広之  
広美  
康志  
康朗  
弘士  
弘志  
晃    
晃昌  
江賀  
江藤  
江奈  
浩    
浩一  
浩治  
浩二  
浩文  
甲斐  
耕作  
荒井  
行孝  
行浩  
行次  
行春  
行雄  
行利  
香    
高司  
高川  
高知  
高津  
剛太朗
豪太  
克紀  
克秋  
克也  
国宏  
国際  
国彦  
今路  
根布  
佐々岡
佐生  
佐川  
佐渡  
佐藤  
左千夫
細山  
細谷  
坂木  
阪音  
作山  
桜子  
笹森  
笹木  
三上  
三石河
三太夫
三朗  
三澤  
山川  
山村  
山中  
山田  
山目  
四古田
市山  
時田  
次雄  
滋吾郎
治    
鹿賀  
鹿山  
実    
篠原  
柴原  
柴草  
社来  
若森  
守広  
酒井  
酒口  
寿広  
宗田  
秀    
秀晴  
秀邦  
秀明  
秀茂  
秋一  
秋成  
秋谷  
充夫  
重昭  
重男  
俊英  
俊幸  
俊弘  
俊治  
春田  
春文  
駿    
駿馬  
淳一  
潤    
潤二  
順    
順之輔
初    
勝    
勝海  
勝弘  
勝哉  
勝司  
勝也  
勝野  
匠    
将己  
小笠原
小吉  
小宮山
小境  
小柴  
小森  
小端  
小塚  
小鉢  
尚久  
尚志  
尚之  
尚列  
彰彦  
昇    
昌恵  
昌二  
昭仁  
晶吾  
晶夫  
松岡  
松居  
松前  
松村  
松中  
松尾  
松平  
松目  
渉    
照喜  
省二  
祥夫  
章次  
章大  
上郷  
丈一朗
常岩  
譲    
譲治  
植前  
植谷  
織茂  
伸    
伸宏  
伸二  
信一  
信茂  
慎一  
慎介  
慎太朗
新冠  
晋一  
晋藤  
森下  
森崎  
真一  
真琴  
真士  
真次  
真美  
神野  
針田  
仁    
仁志  
仁藤  
仁美  
尋樹  
尋人  
須々木
須賀  
水尾  
瑞紀  
崇    
杉村  
菅野  
瀬之内
征    
征一  
成美  
政一  
政史  
政樹  
政信  
政人  
政達  
政二  
政利  
星田  
星野  
晴一  
晴高  
晴人  
晴雄  
正    
正裕  
正陽  
正和  
清盛  
清田  
聖司  
西谷  
西嶋  
誠    
誠史  
誠造  
青山  
静内  
斉藤  
石元  
石川  
石部  
赤石  
千代蔵
千田  
千葉  
川下  
川勝  
川上  
川西  
川添  
川野  
浅井  
浅尾  
浅野  
前園  
前山  
前川  
前藤  
善    
善幸  
善晴  
善明  
早沢  
早田  
早来  
相馬  
蒼次郎
蒼沢  
増北  
増木  
村幹  
村元  
村山  
村持  
村上  
村畑  
多恵  
太一  
太治  
太平  
泰    
泰昌  
泰之  
大榎木
大河  
大賀  
大介  
大吉  
大金  
大原  
大三郎
大西  
大石  
大東  
大平  
大野  
大洋  
大和田
鷹    
鷹井  
滝橋  
卓哉  
沢渡  
達吉  
達夫  
達也  
谷山  
知幸  
知明  
智輝  
智美  
池井  
池越  
池戸  
池添  
竹澤  
中山  
中松  
中城  
中沢  
中達  
中町  
中田  
中浜  
朝田  
朝彦  
長海  
長野  
直    
直之介
通昌  
辻井  
貞夫  
禎生  
的矢  
哲造  
徹    
徹二  
鉄夫  
鉄雄  
典英  
天塩  
天馬  
天野  
田崎  
田山  
田城  
田村  
田町  
田辺  
田野  
渡瀬  
渡部  
渡辺  
土居  
土橋  
土田  
東京  
東野  
藤    
藤浩  
藤山  
藤川  
藤村  
藤島  
藤尾  
藤野  
徳下  
敦哉  
内浦  
内谷  
楢岡  
南    
南野  
二寺  
二聞  
日    
日原  
日向  
日高  
馬場  
梅沢  
萩澤  
博康  
博恒  
博司  
白瀬  
白田  
白老  
畑山  
隼平  
板井  
繁    
範広  
飯田  
飛雄  
樋口  
尾花  
尾元  
尾村  
尾方  
美濃  
美穂  
美優  
百合子
浜口  
浜之田
敏夫  
敏明  
武    
武見  
武者  
武野  
舞子  
福沢  
文男  
文也  
文雄  
平山  
米原  
保科  
宝    
宝塚  
宝島  
峰    
朋章  
芳樹  
芳郎  
邦和  
牧村  
堀    
堀井  
本山  
本西  
本多  
麻衣  
万寿美
満    
満章  
満之  
満明  
明    
明弘  
明人  
茂    
茂久  
茂文  
茂雄  
木寺  
門別  
野木  
矢尾  
靖寛  
靖人  
靖智  
柳下  
柳川  
唯継  
優策  
優次朗
勇    
勇美  
有馬  
由希子
由紀  
由子  
祐二  
裕    
裕次郎
裕太  
裕太郎
裕二  
雄三  
夕次  
洋一  
洋寿  
陽次朗
陽治  
陽二朗
翼    
嵐    
利恵  
利秋  
利雄  
裏山  
流    
隆    
隆次  
隆俊  
隆人  
隆善  
竜司  
竜二  
龍一  
龍次  
良貞  
良文  
領屋  
力    
林    
林上  
鈴森  
六浦  
和賀  
和志  
和実  
和昭  
和人  
和正  
和銅  
和彦  
兒嶋  
國弘  
翔    
脩一  
脩蔵  
蛯滝  
蛯田  
鯱島