ノーザンテースト
グレイゾヴリン
レズアネイティヴ
サーゲイロード
プリンスリーギフト
パーソロン
スインフォード
プリンスローズ
トウルビヨン
ブラインドフォード
ノーザンダンサー
テディ
ボワルセル
オリオール
ニアークティック
ネイティヴダンサー
ロイヤルチャージャー
ハイペリオン
ネアルコ
フェアウェイ
ケーレッド
リボー
ナスルーラ
ニジンスキー
エクリプス
マッチェム
ヒムヤー
ペンドア
ロックフェラ
オーエンテューダー
ダンテ
サンデーサイレンス
ゲイズボロー
マノンウォー
ザテトラーク
セントサイモン
トムフール
ネヴァーベンド
レッドゴッド
エルバジェ
レュティエ
ザボス
ファイントップ
ボールドルーラー
モスボロー
リファール
ヘドロ
ヌレイエフ
ヘイルトゥリーズン
ハンプトン
新規1
新規2
新規3
新規4
新規5
新規6
新規7
新規8
新規9
新規10
新規11
新規12
新規13
新規14
ノーザンテースト
グレイゾヴリン
レズアネイティヴ
サーゲイロード
プリンスリーギフト
パーソロン
スインフォード
プリンスローズ
トウルビヨン
ブラインドフォード
ノーザンダンサー
テディ
ボワルセル
オリオール
ニアークティック
ネイティヴダンサー
ロイヤルチャージャー
ハイペリオン
ネアルコ
フェアウェイ
ケーレッド
リボー
ナスルーラ
ニジンスキー
エクリプス
マッチェム
ヒムヤー
ペンドア
ロックフェラ
オーエンテューダー
ダンテ
サンデーサイレンス
ゲイズボロー
マノンウォー
ザテトラーク
セントサイモン
トムフール
ネヴァーベンド
レッドゴッド
エルバジェ
レュティエ
ザボス
ファイントップ
ボールドルーラー
モスボロー
リファール
ヘドロ
ヌレイエフ
ヘイルトゥリーズン
ハンプトン
新規1
新規2
新規3
新規4
新規5
新規6
新規7
新規8
新規9
新規10
新規11
新規12
新規13
新規14
ノーザンテースト
グレイゾヴリン
レズアネイティヴ
サーゲイロード
プリンスリーギフト
パーソロン
スインフォード
プリンスローズ
トウルビヨン
ブラインドフォード
ノーザンダンサー
テディ
ボワルセル
オリオール
ニアークティック
ネイティヴダンサー
ロイヤルチャージャー
ハイペリオン
ネアルコ
フェアウェイ
ケーレッド
リボー
ナスルーラ
ニジンスキー
エクリプス
マッチェム
ヒムヤー
ペンドア
ロックフェラ
オーエンテューダー
ダンテ
サンデーサイレンス
ゲイズボロー
マノンウォー
ザテトラーク
セントサイモン
トムフール
ネヴァーベンド
レッドゴッド
エルバジェ
レュティエ
ザボス
ファイントップ
ボールドルーラー
モスボロー
リファール
ヘドロ
ヌレイエフ
ヘイルトゥリーズン
ハンプトン
新規1
新規2
新規3
新規4
新規5
新規6
新規7
新規8
新規9
新規10
新規11
新規12
新規13
新規14
ノーザンテースト
グレイゾヴリン
レズアネイティヴ
サーゲイロード
プリンスリーギフト
パーソロン
スインフォード
プリンスローズ
トウルビヨン
ブラインドフォード
ノーザンダンサー
テディ
ボワルセル
オリオール
ニアークティック
ネイティヴダンサー
ロイヤルチャージャー
ハイペリオン
ネアルコ
フェアウェイ
ケーレッド
リボー
ナスルーラ
ニジンスキー
エクリプス
マッチェム
ヒムヤー
ペンドア
ロックフェラ
オーエンテューダー
ダンテ
サンデーサイレンス
ゲイズボロー
マノンウォー
ザテトラーク
セントサイモン
トムフール
ネヴァーベンド
レッドゴッド
エルバジェ
レュティエ
ザボス
ファイントップ
ボールドルーラー
モスボロー
リファール
ヘドロ
ヌレイエフ
ヘイルトゥリーズン
ハンプトン
新規1
新規2
新規3
新規4
新規5
新規6
新規7
新規8
新規9
新規10
新規11
新規12
新規13
新規14