日本
日本
日本
日本
米国
米国
米国
米国
愛国
愛国
愛国
愛国
英国
英国
英国
英国
伊国
伊国
伊国
伊国
独国
独国
独国
独国
仏国
仏国
仏国
仏国
豪国
豪国
豪国
豪国
日本ブックフル
日本ブックフル
日本ブックフル
日本ブックフル
米国ブックフル
米国ブックフル
米国ブックフル
米国ブックフル
愛国ブックフル
愛国ブックフル
愛国ブックフル
愛国ブックフル
英国ブックフル
英国ブックフル
英国ブックフル
英国ブックフル
伊国ブックフル
伊国ブックフル
伊国ブックフル
伊国ブックフル
独国ブックフル
独国ブックフル
独国ブックフル
独国ブックフル
仏国ブックフル
仏国ブックフル
仏国ブックフル
仏国ブックフル
豪国ブックフル
豪国ブックフル
豪国ブックフル
豪国ブックフル
日本
日本
日本
日本
米国
米国
米国
米国
愛国
愛国
愛国
愛国
英国
英国
英国
英国
伊国
伊国
伊国
伊国
独国
独国
独国
独国
仏国
仏国
仏国
仏国
豪国
豪国
豪国
豪国
日本ブックフル
日本ブックフル
日本ブックフル
日本ブックフル
米国ブックフル
米国ブックフル
米国ブックフル
米国ブックフル
愛国ブックフル
愛国ブックフル
愛国ブックフル
愛国ブックフル
英国ブックフル
英国ブックフル
英国ブックフル
英国ブックフル
伊国ブックフル
伊国ブックフル
伊国ブックフル
伊国ブックフル
独国ブックフル
独国ブックフル
独国ブックフル
独国ブックフル
仏国ブックフル
仏国ブックフル
仏国ブックフル
仏国ブックフル
豪国ブックフル
豪国ブックフル
豪国ブックフル
豪国ブックフル
日本
日本
日本
日本
米国
米国
米国
米国
愛国
愛国
愛国
愛国
英国
英国
英国
英国
伊国
伊国
伊国
伊国
独国
独国
独国
独国
仏国
仏国
仏国
仏国
豪国
豪国
豪国
豪国
日本ブックフル
日本ブックフル
日本ブックフル
日本ブックフル
米国ブックフル
米国ブックフル
米国ブックフル
米国ブックフル
愛国ブックフル
愛国ブックフル
愛国ブックフル
愛国ブックフル
英国ブックフル
英国ブックフル
英国ブックフル
英国ブックフル
伊国ブックフル
伊国ブックフル
伊国ブックフル
伊国ブックフル
独国ブックフル
独国ブックフル
独国ブックフル
独国ブックフル
仏国ブックフル
仏国ブックフル
仏国ブックフル
仏国ブックフル
豪国ブックフル
豪国ブックフル
豪国ブックフル
豪国ブックフル
日本
日本
日本
日本
米国
米国
米国
米国
愛国
愛国
愛国
愛国
英国
英国
英国
英国
伊国
伊国
伊国
伊国
独国
独国
独国
独国
仏国
仏国
仏国
仏国
豪国
豪国
豪国
豪国
日本ブックフル
日本ブックフル
日本ブックフル
日本ブックフル
米国ブックフル
米国ブックフル
米国ブックフル
米国ブックフル
愛国ブックフル
愛国ブックフル
愛国ブックフル
愛国ブックフル
英国ブックフル
英国ブックフル
英国ブックフル
英国ブックフル
伊国ブックフル
伊国ブックフル
伊国ブックフル
伊国ブックフル
独国ブックフル
独国ブックフル
独国ブックフル
独国ブックフル
仏国ブックフル
仏国ブックフル
仏国ブックフル
仏国ブックフル
豪国ブックフル
豪国ブックフル
豪国ブックフル
豪国ブックフル