白毛or青鹿毛ノーザンテースト
白毛or青鹿毛グレイゾヴリン
白毛or青鹿毛レズアネイティヴ
白毛or青鹿毛サーゲイロード
白毛or青鹿毛プリンスリーギフト
白毛or青鹿毛パーソロン
白毛or青鹿毛スインフォード
白毛or青鹿毛プリンスローズ
白毛or青鹿毛トウルビヨン
白毛or青鹿毛ブラインドフォード
白毛or青鹿毛ノーザンダンサー
白毛or青鹿毛テディ
白毛or青鹿毛ボワルセル
白毛or青鹿毛オリオール
白毛or青鹿毛ニアークティック
白毛or青鹿毛ネイティヴダンサー
白毛or青鹿毛ロイヤルチャージャー
白毛or青鹿毛ハイペリオン
白毛or青鹿毛ネアルコ
白毛or青鹿毛フェアウェイ
白毛or青鹿毛ケーレッド
白毛or青鹿毛リボー
白毛or青鹿毛ナスルーラ
白毛or青鹿毛ニジンスキー
白毛or青鹿毛エクリプス
白毛or青鹿毛マッチェム
白毛or青鹿毛ヒムヤー
白毛or青鹿毛ペンドア
白毛or青鹿毛ロックフェラ
白毛or青鹿毛オーエンテューダー
白毛or青鹿毛ダンテ
白毛or青鹿毛サンデーサイレンス
白毛or青鹿毛ゲイズボロー
白毛or青鹿毛マノンウォー
白毛or青鹿毛ザテトラーク
白毛or青鹿毛セントサイモン
白毛or青鹿毛トムフール
白毛or青鹿毛ネヴァーベンド
白毛or青鹿毛レッドゴッド
白毛or青鹿毛エルバジェ
白毛or青鹿毛レュティエ
白毛or青鹿毛ザボス
白毛or青鹿毛ファイントップ
白毛or青鹿毛ボールドルーラー
白毛or青鹿毛モスボロー
白毛or青鹿毛リファール
白毛or青鹿毛ヘドロ
白毛or青鹿毛ヌレイエフ
白毛or青鹿毛ヘイルトゥリーズン
白毛or青鹿毛ハンプトン
白毛or青鹿毛新規1
白毛or青鹿毛新規2
白毛or青鹿毛新規3
白毛or青鹿毛新規4
白毛or青鹿毛新規5
白毛or青鹿毛新規6
白毛or青鹿毛新規7
白毛or青鹿毛新規8
白毛or青鹿毛新規9
白毛or青鹿毛新規10
白毛or青鹿毛新規11
白毛or青鹿毛新規12
白毛or青鹿毛新規13
白毛or青鹿毛新規14
芦毛or青毛ノーザンテースト
芦毛or青毛グレイゾヴリン
芦毛or青毛レズアネイティヴ
芦毛or青毛サーゲイロード
芦毛or青毛プリンスリーギフト
芦毛or青毛パーソロン
芦毛or青毛スインフォード
芦毛or青毛プリンスローズ
芦毛or青毛トウルビヨン
芦毛or青毛ブラインドフォード
芦毛or青毛ノーザンダンサー
芦毛or青毛テディ
芦毛or青毛ボワルセル
芦毛or青毛オリオール
芦毛or青毛ニアークティック
芦毛or青毛ネイティヴダンサー
芦毛or青毛ロイヤルチャージャー
芦毛or青毛ハイペリオン
芦毛or青毛ネアルコ
芦毛or青毛フェアウェイ
芦毛or青毛ケーレッド
芦毛or青毛リボー
芦毛or青毛ナスルーラ
芦毛or青毛ニジンスキー
芦毛or青毛エクリプス
芦毛or青毛マッチェム
芦毛or青毛ヒムヤー
芦毛or青毛ペンドア
芦毛or青毛ロックフェラ
芦毛or青毛オーエンテューダー
芦毛or青毛ダンテ
芦毛or青毛サンデーサイレンス
芦毛or青毛ゲイズボロー
芦毛or青毛マノンウォー
芦毛or青毛ザテトラーク
芦毛or青毛セントサイモン
芦毛or青毛トムフール
芦毛or青毛ネヴァーベンド
芦毛or青毛レッドゴッド
芦毛or青毛エルバジェ
芦毛or青毛レュティエ
芦毛or青毛ザボス
芦毛or青毛ファイントップ
芦毛or青毛ボールドルーラー
芦毛or青毛モスボロー
芦毛or青毛リファール
芦毛or青毛ヘドロ
芦毛or青毛ヌレイエフ
芦毛or青毛ヘイルトゥリーズン
芦毛or青毛ハンプトン
芦毛or青毛新規1
芦毛or青毛新規2
芦毛or青毛新規3
芦毛or青毛新規4
芦毛or青毛新規5
芦毛or青毛新規6
芦毛or青毛新規7
芦毛or青毛新規8
芦毛or青毛新規9
芦毛or青毛新規10
芦毛or青毛新規11
芦毛or青毛新規12
芦毛or青毛新規13
芦毛or青毛新規14
鹿毛or栗毛ノーザンテースト
鹿毛or栗毛グレイゾヴリン
鹿毛or栗毛レズアネイティヴ
鹿毛or栗毛サーゲイロード
鹿毛or栗毛プリンスリーギフト
鹿毛or栗毛パーソロン
鹿毛or栗毛スインフォード
鹿毛or栗毛プリンスローズ
鹿毛or栗毛トウルビヨン
鹿毛or栗毛ブラインドフォード
鹿毛or栗毛ノーザンダンサー
鹿毛or栗毛テディ
鹿毛or栗毛ボワルセル
鹿毛or栗毛オリオール
鹿毛or栗毛ニアークティック
鹿毛or栗毛ネイティヴダンサー
鹿毛or栗毛ロイヤルチャージャー
鹿毛or栗毛ハイペリオン
鹿毛or栗毛ネアルコ
鹿毛or栗毛フェアウェイ
鹿毛or栗毛ケーレッド
鹿毛or栗毛リボー
鹿毛or栗毛ナスルーラ
鹿毛or栗毛ニジンスキー
鹿毛or栗毛エクリプス
鹿毛or栗毛マッチェム
鹿毛or栗毛ヒムヤー
鹿毛or栗毛ペンドア
鹿毛or栗毛ロックフェラ
鹿毛or栗毛オーエンテューダー
鹿毛or栗毛ダンテ
鹿毛or栗毛サンデーサイレンス
鹿毛or栗毛ゲイズボロー
鹿毛or栗毛マノンウォー
鹿毛or栗毛ザテトラーク
鹿毛or栗毛セントサイモン
鹿毛or栗毛トムフール
鹿毛or栗毛ネヴァーベンド
鹿毛or栗毛レッドゴッド
鹿毛or栗毛エルバジェ
鹿毛or栗毛レュティエ
鹿毛or栗毛ザボス
鹿毛or栗毛ファイントップ
鹿毛or栗毛ボールドルーラー
鹿毛or栗毛モスボロー
鹿毛or栗毛リファール
鹿毛or栗毛ヘドロ
鹿毛or栗毛ヌレイエフ
鹿毛or栗毛ヘイルトゥリーズン
鹿毛or栗毛ハンプトン
鹿毛or栗毛新規1
鹿毛or栗毛新規2
鹿毛or栗毛新規3
鹿毛or栗毛新規4
鹿毛or栗毛新規5
鹿毛or栗毛新規6
鹿毛or栗毛新規7
鹿毛or栗毛新規8
鹿毛or栗毛新規9
鹿毛or栗毛新規10
鹿毛or栗毛新規11
鹿毛or栗毛新規12
鹿毛or栗毛新規13
鹿毛or栗毛新規14
黒鹿毛or栃栗毛ノーザンテースト
黒鹿毛or栃栗毛グレイゾヴリン
黒鹿毛or栃栗毛レズアネイティヴ
黒鹿毛or栃栗毛サーゲイロード
黒鹿毛or栃栗毛プリンスリーギフト
黒鹿毛or栃栗毛パーソロン
黒鹿毛or栃栗毛スインフォード
黒鹿毛or栃栗毛プリンスローズ
黒鹿毛or栃栗毛トウルビヨン
黒鹿毛or栃栗毛ブラインドフォード
黒鹿毛or栃栗毛ノーザンダンサー
黒鹿毛or栃栗毛テディ
黒鹿毛or栃栗毛ボワルセル
黒鹿毛or栃栗毛オリオール
黒鹿毛or栃栗毛ニアークティック
黒鹿毛or栃栗毛ネイティヴダンサー
黒鹿毛or栃栗毛ロイヤルチャージャー
黒鹿毛or栃栗毛ハイペリオン
黒鹿毛or栃栗毛ネアルコ
黒鹿毛or栃栗毛フェアウェイ
黒鹿毛or栃栗毛ケーレッド
黒鹿毛or栃栗毛リボー
黒鹿毛or栃栗毛ナスルーラ
黒鹿毛or栃栗毛ニジンスキー
黒鹿毛or栃栗毛エクリプス
黒鹿毛or栃栗毛マッチェム
黒鹿毛or栃栗毛ヒムヤー
黒鹿毛or栃栗毛ペンドア
黒鹿毛or栃栗毛ロックフェラ
黒鹿毛or栃栗毛オーエンテューダー
黒鹿毛or栃栗毛ダンテ
黒鹿毛or栃栗毛サンデーサイレンス
黒鹿毛or栃栗毛ゲイズボロー
黒鹿毛or栃栗毛マノンウォー
黒鹿毛or栃栗毛ザテトラーク
黒鹿毛or栃栗毛セントサイモン
黒鹿毛or栃栗毛トムフール
黒鹿毛or栃栗毛ネヴァーベンド
黒鹿毛or栃栗毛レッドゴッド
黒鹿毛or栃栗毛エルバジェ
黒鹿毛or栃栗毛レュティエ
黒鹿毛or栃栗毛ザボス
黒鹿毛or栃栗毛ファイントップ
黒鹿毛or栃栗毛ボールドルーラー
黒鹿毛or栃栗毛モスボロー
黒鹿毛or栃栗毛リファール
黒鹿毛or栃栗毛ヘドロ
黒鹿毛or栃栗毛ヌレイエフ
黒鹿毛or栃栗毛ヘイルトゥリーズン
黒鹿毛or栃栗毛ハンプトン
黒鹿毛or栃栗毛新規1
黒鹿毛or栃栗毛新規2
黒鹿毛or栃栗毛新規3
黒鹿毛or栃栗毛新規4
黒鹿毛or栃栗毛新規5
黒鹿毛or栃栗毛新規6
黒鹿毛or栃栗毛新規7
黒鹿毛or栃栗毛新規8
黒鹿毛or栃栗毛新規9
黒鹿毛or栃栗毛新規10
黒鹿毛or栃栗毛新規11
黒鹿毛or栃栗毛新規12
黒鹿毛or栃栗毛新規13