アーカンソー
アーガント
アーギュメント
アーク
アークティック
アーシャリム
アージナ
アース
アーチ
アーツアンド
アーティアス
アーティカナ
アーティスティック
アーティック
アーディエント
アーデル
アーデン
アーデント
アート
アーニー
アーニャ
アーバー
アーバン
アーマー
アーマド
アーミジャー
アーミン
アーム
アームフル
アーメリア
アーモス
アーモリアル
アーモンド
アーランザ
アーリー
アーリアン
アール
アーント
ア
アイ
アイアムザ
アイアン
アイウィル
アイオニアン
アイキャン
アイクーン
アイコクシャ
アイシー
アイス
アイスレット
アイズ
アイセイ
アイッセ
アイディ
アイディア
アイドリームドア
アイドル
アイドルアワー
アイナ
アイネイアス
アイネス
アイノ
アイバー
アイバンカ
アイビー
アイヘンドルフ
アイボリー
アイミー
アイミング
アイム
アイランド
アイラヴ
アイリス
アイリッシュ
アイル
アイルランド
アイレ
アイロニカリー
アイロニス
アイン
アインス
アイヴ
アイヴァー
アイヴァ
アイヴィ
アイヴォリー
アウア
アウアボニー
アウアレディ
アウイッシュ
アウインドイズ
アウェー
アウェイ
アウェイク
アウザール
アウティング
アウト
アウトインザ
アウトオブ
アウトサイド
アウトルック
アウトワード
アウラダ
アウリバン
アウル
アウレータ
アオイ
アオバ
アカイ
アカウント
アカサカ
アカツキ
アカテナンゴ
アカデミー
アカラッド
アガールズ
アガサ
アガシア
アガシアズ
アガロ
アキタ
アキッスフォー
アキノ
アキンボ
アクース
アクアク
アクアリウム
アクウィラ
アクエリアス
アクシピター
アクション
アクス
アクセス
アクティヴ
アクト
アクトレス
アクルアル
アクロス
アクロポリス
アグサン
アグジッタ
アグネス
アグノー
アグラエ
アグラヴェート
アグリー
アグリーメント
アグリ
アグリコーラ
アグリピン
アグレー
アグレアブル
アグレッサー
アグレット
アケフミ
アケボノ
アゲイン
アコーディング
アサーション
アサート
アサカ
アサガイ
アサクサ
アサコ
アサシー
アサタケ
アサティス
アサノ
アサヒ
アサブキ
アサマ
アザミ
アザミノ
アザレア
アシガラ
アシャラズ
アシヤ
アシヤガワ
アシュカラニ
アシュタルカ
アジーズ
アジア
アジォ
アジテーション
アジャード
アジャル
アジュディ
アジンザ
アスカ
アスク
アスコット
アスター
アスタナ
アスティスプマンテ
アステック
アステフォン
アステリオール
アステロイド
アストリアス
アストレンティア
アストロノミー
アストロン
アスノ
アスパラ
アスピディストラ
アスベリー
アスペン
アスリート
アスワン
アズール
アズ
アズテック
アズマ
アズリナ
アズリン
アセクート
アセット
アセマ
アセンズ
アソカ
アタイア
アタック
アダー
アダム
アッシュ
アッズ
アッテーム
アッティカ
アッティクス
アッドトゥ
アッパー
アッパンド
アップ
アップザ
アップル
アップワード
アティカ
アティス
アテナ
アテナザ
アテネ
アテンション
アデール
アディド
アデュー
アトール
アトウォー
アトザ
アトム
アトラクティヴ
アトラクト
アトラス
アトランティス
アトランティダ
アトランティック
アトレヴィダ
アド
アドバイザー
アドバイザ
アドマイア
アドマイヤ
アドミラブル
アドミラル
アドミラルズ
アドモニッシュ
アドラダ
アドヴァンテージ
アドヴォケート
アナイヴ
アナザー
アナシード
アナテヴカ
アナデム
アナル
アニー
アニップ
アヌエス
アバーナント
アバーメイド
アバウト
アバロン
アバヴ
アパチー
アパッチ
アパラチー
アパレル
アヒガン
アビー
アビシニア
アビリティ
アピーリング
アピール
アピアニ
アピティ
アファームド
アファシェーン
アフェア
アフェクショネイト
アフォニア
アフター
アフターザ
アフリート
アフリカン
アフリク
アフレイド
アフロディーテ
アブクマ
アブセンティア
アブドーラ
アブドス
アブラカダブラ
アブロゲート
アプス
アプリキリ
アプリル
アプルーヴァル
アプローズ
アプローチ
アヘッド
アベイ
アベイアンス
アベラ
アベルディーン
アホヌーラ
アボー
アボット
アポ
アポストロフィ
アポッスル
アポロ
アマ
アマガラ
アマゾン
アマチュア
アマリテュード
アマルーラ
アマルコ
アマルフィ
アミ
アミエタ
アミカブル
アミッド
アミュージング
アミンター
アムール
アム
アメイザー
アメジスト
アメリ
アメリア
アメリカ
アメリカン
アメリケーン
アメリゴ
アメリフローラ
アモレッツァ
アモレット
アモン
アヤナミ
アヤメ
アラーク
アラーム
アラ
アライアンス
アライン
アライヴ
アライヴァル
アライヴド
アラウンド
アラクネ
アラシ
アラジ
アラダ
アラトクラ
アラナス
アラブ
アラマ
アラマサ
アラモード
アラン
アランチェ
アランティック
アランテレ
アランド
アランヤ
アリー
アリーサ
アリーズ
アリーナ
アリ
アリアーン
アリアナ
アリウープ
アリエッタ
アリエル
アリゲーション
アリゲート
アリシア
アリシドン
アリシバ
アリジェ
アリス
アリスト
アリストファネス
アリゼッタ
アリソン
アリゾナ
アリタ
アリダー
アリダーズ
アリディード
アリディヴァ
アリバイ
アリバリー
アリューシャ
アリューヴィアル
アリュア
アリュンド
アリヴォー
アル
アルカード
アルカイン
アルカザーマ
アルカザール
アルカディナ
アルカング
アルキメデス
アルクティク
アルコア
アルゴ
アルゴンキン
アルサイド
アルザオ
アルザス
アルザラ
アルジェンティナ
アルジナ
アルズ
アルセア
アルター
アルタ
アルタイル
アルタザノ
アルタニア
アルダン
アルテス
アルテミス
アルデレ
アルドロス
アルナズール
アルバ
アルバドゥー
アルバロ
アルバンシア
アルパイン
アルビトレート
アルビレオ
アルファ
アルファベット
アルフェイジ
アルフォリア
アルブレヒト
アルプミー
アルヘリナ
アルベルティン
アルベンシア
アルペン
アルマ
アルマゲスト
アルマゲドン
アルミール
アルミラ
アルメンティアレス
アルモス
アルヴィエール
アレイ
アレオラ
アレキサンドリア
アレグリア
アレグレッタ
アレグロ
アレジアンス
アレッジ
アレッジド
アレツ
アレミ
アレンジメント
アロー
アローター
アロートゥ
アロード
アローラ
アローン
アロイ
アロウ
アロエ
アロニフ
アロマ
アロマティック
アロング
アロンドラ
アワー
アワーオブ
アワ
アワイルド
アワシフ
アン
アンカー
アンカーズ
アンカリア
アンガー
アンク
アンクシャス
アンクル
アンクレット
アングル
アンケー
アンコール
アンコンシャス
アンサー
アンサング
アンジェ
アンジェラ
アンジェラス
アンジェリーナ
アンジェリカ
アンジェリック
アンジェロ
アンジェヴァイン
アンジュリ
アンジュレ
アンストッパブル
アンセム
アンタゴニズム
アンダー
アンダースタディ
アンチー
アンチ
アンテ
アンティグア
アンティック
アンティネア
アンデス
アンデュキング
アントライド
アントローナ
アンドゥ
アンドルート
アンドレ
アンドロ
アンドロメダ
アンナ
アンヌ
アンネ
アンハースト
アンバー
アンバシアトリス
アンバレラ
アンパート
アンビオポイズ
アンビオリクス
アンファンテ
アンフィニィ
アンフォー
アンフォールド
アンフワイン
アンブライドルド
アンブラス
アンブリー
アンブレラ
アンブローシア
アンメンショナブル
アンリアル
アヴァサンド
アヴァタール
アヴァランス
アヴァランチ
アヴィノン
アヴィリオン
アヴェニダ
イー
イーグランド
イーグル
イージー
イースター
イースタン
イースト
イーストオブザ
イーズリー
イーター
イーティー
イーデン
イーヴル
イーヴン
イアンヌ
イエス
イエスディア
イエッサー
イエラパ
イエリュウ
イエロー
イエローローズオブ
イエン
イオ
イカホ
イクイファン
イクスクルシヴ
イクスチェンジ
イクストリーミス
イクスパンシヴ
イクスビュリー
イクスプルーシヴ
イクスプルーデント
イクスプレス
イクスプレッシヴ
イクスベラント
イクスペディアンシー
イクスペディット
イクセプション
イグザンプル
イグジット
イグジットトゥ
イグゾールト
イコーディフ
イコール
イコマ
イサベリーン
イサベル
イサミ
イサント
イザベラ
イザベル
イザラ
イシス
イシドラ
イシノ
イシュー
イシュクーダー
イシュベル
イジター
イスクライスズ
イスチャ
イストワール
イズミ
イセ
イセユウ
イセリナ
イソノ
イソベラ
イソベリン
イゾルト
イタリアン
イダリザ
イチ
イチコ
イチシン
イチノ
イチバン
イチバンボシ
イチワカ
イッセイ
イッツ
イッツア
イッツマイ
イットー
イット
イットウセイ
イデラ
イドメネオ
イドモン
イナヅマ
イナナキ
イナリ
イノセンス
イノセント
イノリ
イブ
イブキ
イブニング
イブン
イベリア
イベント
イマ
イマコミン
イマジニング
イマジネーションゼ
イマナティヴ
イミテーション
イミディエイト
イメージ
イメージオブ
イヤー
イヤリング
イラストリアス
イラディエイト
イラプション
イラン
イランダ
イリーナ
イリス
イリプローチャブル
イルティス
イルド
イルミ
イレーン
イレヴン
イロンデル
イワ
イワイズミ
イン
インガ
インク
インクィジティヴ
インクイジション
インクイスティブ
イングランド
イングリッシュ
イングレス
インゴット
インザ
インザサン
インシュージア
インシュリンド
インシュレア
インスタント
インスピレーション
インソレンス
インター
インターナショナル
インタグリオ
インタレスティング
インチーフ
インテンシファー
インテンショナリー
インテンション
インテンス
インテンツ
インテント
インデアナ
インディ
インディア
インディアナ
インディアン
インディアンヌ
インディオ
インディゴ
イントリーギング
イントレピッド
インナー
インバイティング
インパーフェクト
インパクト
インピータス
インピッシュ
インフォーム
インフラ
インペリアル
インホット
インリアリティ
インヴァーネス
インヴァ
イティング
インヴォルヴメント
イヴ
イヴェイジョン
イヴォンヌ
イヴニング
ウーク
ウーチャ
ウーナ
ウーマン
ウーリー
ウーンデッド
ウィー
ウィーク
ウィーケンド
ウィーゼル
ウィード
ウィール
ウィールド
ウィア
ウィアナ
ウィザー
ウィザード
ウィステリア
ウィスパー
ウィスパリング
ウィスプ
ウィズ
ウィチュライアナ
ウィッシュ
ウィッシング
ウィッチ
ウィッチズ
ウィッチング
ウィッティ
ウィット
ウィットネス
ウィドー
ウィドゥ
ウィナー
ウィノナ
ウィラメー
ウィリー
ウィル
ウィルクズ
ウィロー
ウィロウィック
ウィン
ウィンサム
ウィンター
ウィンディ
ウィンド
ウィンドミル
ウィンナー
ウィンボーン
ウィンヴァー
ウイーン
ウイグル
ウイスキー
ウイチュレイアナ
ウイット
ウイップ
ウイドー
ウイナー
ウイニング
ウイバーン
ウイヤ
ウイルス
ウイン
ウイング
ウイングス
ウイングズオブ
ウイングド
ウインズ
ウインズオブ
ウインディ
ウインド
ウインドオブ
ウインドソー
ウインドミル
ウェー
ウェーク
ウェージュ
ウェーブ
ウェーヴ
ウェア
ウェイー
ウェイ
ウェイク
ウェイズ
ウェイズトゥ
ウェイド
ウェイヴィ
ウェイヴィング
ウェザー
ウェスタン
ウェストワード
ウェッジ
ウェッジウッド
ウェディング
ウェル
ウェルカム
ウェルシュ
ウェルシュオブ
ウェルズ
ウェルダン
ウエスタン
ウエスト
ウエストオブザ
ウエストコースト
ウォー
ウォーカー
ウォーク
ウォーター
ウォーターズ
ウォーターファウル
ウォード
ウォーニング
ウォーム
ウォームス
ウォームド
ウォーレン
ウォーロック
ウォリアー
ウォルシー
ウォルド
ウォルフェア
ウォレスカ
ウォロー
ウォン
ウォント
ウズシオ
ウッド
ウッドグローブ
ウッドパール
ウッドラス
ウテナ
ウネビ
ウミノ
ウメ
ウメノ
ウラカワ
ウリアンテ
ウルゲン
ウルトラ
ウルバヌス
ウルフ
ウルレイ
ウルヴァー
ウレシノ
エー
エーエル
エーガス
エークーン
エーコ
エーシェント
エーシズ
エージェント
エース
エーデルワイス
エービー
エーピー
エーム
エーラン
エール
エア
エアデール
エアフォーブス
エアロ
エイ
エイカン
エイガーズ
エイグ
エイゲツ
エイコーン
エイコウ
エイシェント
エイシュン
エイション
エイシン
エイジ
エイジアン
エイジャー
エイダ
エイダイ
エイティ
エイト
エイブラ
エイブラム
エイブル
エイプリル
エイミー
エイミング
エイム
エイリーンズ
エイルコン
エイレーネ
エイレス
エインシェント
エイヴィー
エイヴィアンス
エオルデメール
エガオ
エキスパート
エキスプレス
エキゾチック
エキゾティック
エクスカリバー
エクスチェンジ
エクストラ
エクスパトリアック
エクスプレス
エクスプローラー
エクスプローラ
エクスポ
エクセル
エクセルサ
エクセレント
エクソダス
エクレア
エケルス
エコー
エコーズオブ
エコルシュ
エザナ
エシャロン
エシル
エジプシャン
エジンザ
エス
エスカミー
ロエスケープ
エスコ
エスタブリッシュメント
エスティーナ
エスティーム
エスティナ
エスティメイト
エステイト
エスディー
エスパー
エスプリ
エスプレッソ
エスペランサ
エスメラルダ
エズード
エセーン
エセル
エゾ
エターナル
エターニティ
エタン
エダビヤ
エチュード
エッギー
エッグ
エッジ
エッセ
エッヂオブ
エテオ
エテオルド
エディー
エディーズ
エディ
エディターズ
エディトリアル
エディンバラ
エデリーテ
エデリック
エデン
エトニアン
エトランゼ
エトワール
エトワールド
エドウィナ
エナジー
エニーウェー
エニーシング
エニグマ
エニス
エネドラー
エノーラ
エノシマ
エバージヤ
エバート
エビ
エビス
エピグラム
エピストラ
エピセット
エピセフリュイ
エフ
エフィシオ
エフォート
エフテー
エブロス
エプソム
エプソン
エベレスト
エペルヴィエ
エホー
エポーレット
エポロ
エマーディー
エマ
エマリー
エマンシペーション
エミー
エミーレ
エミネンス
エミノ
エミリー
エム
エメラルド
エラー
エラード
エラ
エラティス
エラマナムー
エラミラ
エリア
エリカ
エリザ
エリザベス
エリシオ
エリシヤ
エリス
エリト
エリモ
エリュシオン
エリン
エリンズ
エリヴェス
エルード
エル
エルウェー
エルカー
エルカン
エルク
エルクワント
エルグラン
エルコンドル
エルザ
エルジー
エルジャジー
エルスール
エルセンタウロ
エルドラド
エルナンデス
エルナンド
エルバジェ
エルビラ
エルフ
エルプス
エルプラド
エルベス
エルミエール
エルミエ
エルム
エルムソン
エルメス
エルモス
エルランド
エルレイナ
エルヴィナ
エレーン
エレガンス
エレガンスイン
エレガント
エレクト
エレクトリック
エレクトロ
エレクトロニック
エレノア
エレベーター
エレン
エロキューショニスト
エン
エンコア
エンコレル
エンシャンティ
エンジェル
エンジェルズ
エンジェローラ
エンジョイ
エンスン
エンセン
エンゼル
エンタープライズ
エンチャンティド
エンテント
エンディコッタ
エンディット
エンディング
エンデバー
エントリー
エンドーバー
エンド
エンドア
エンバラスト
エンパイア
エンパイヤ
エンブロイダレス
エンプレス
エンベリー
エンベリッシュト
エンペラー
エンペリー
エンペリーズ
エンルム
エンヴィアド
エンヴォイ
エヴィーザ
エヴィータ
エヴィローン
エヴェレット
オー
オーウィル
オーエン
オーカン
オーガスタ
オーオッド
オーク
オークション
オークス
オークツリー
オークラ
オークレー
オーケストラ
オーサ
オーサム
オーシャナ
オーシャン
オーシャンズ
オーシャンテ
オース
オースオブ
オースケ
オースピシャンテ
オースミ
オーソー
オーソドックス
オータム
オーダー
オーダシティ
オーディエンス
オート
オートリテ
オードーン
オード
オードリー
おーナーズ
オーナ
オーハヤブサ
オーバー
オーバーザ
オーバートン
オーバン
オーヒ
オーピー
オーブ
オープニング
オープン
オーベイド
オーベルジーン
オーメン
オーラ
オール
オールウェイズ
オールウェイズラン
オールオブ
オールデン
オールド
オールフォー
オールマイ
オールレディ
オーロ
オーロイ
オーロラ
オーワットア
オアー
オアーズ
オアシス
オイル
オウイン
オウカ
オウカン
オウビア
オウル
オ
オオク
オオサカヅ
オオシマ
オオミー
オオミ
オカタカ
オカノ
オカメ
オノ
オノバンダ
オュパイ
オワカ
オギ
オクターブ
オクタヴィア
オグラ
オグラディ
オグリ
オゴジョ
オサ
オシマ
オジジアン
オジョー
オストリア
オズモース
オッケー
オデオン
オデッセイ
オトゥール
オトヒメ
オトメ
オトメノ
オトラ
オドリコ
オナー
オナーアウォード
オナーアンオファー
オナーズ
オナラブル
オニオス
オネスト
オノ
オノデン
オハラン
オパリア
オフ
オフィサー
オフィス
オフェンシヴ
オフサイド
オブザライト
オブパリ
オブメン
オブライエン
オプアート
オプティミスティック
オプティミスト
オベー
オペラ
オペラー
オムスビ
オメリア
オヤマ
オラシオン
オラトリオ
オラミック
オランジェリー
オリーブ
オリーン
オリエント
オリオール
オリオン
オリッサ
オリヒメ
オリモ
オリン
オリンピア
オリヴィア
オリヴェイラ
オルガ
オルタラン
オルニス
オルフェウス
オルメック
オルヴィエト
オレ
オレンジ
オロマツ
オン
オンアンドオン
オンザ
オンディーヌ
オンディーン
オンドギー
オンナ
オンナノ
オンミー
オンリー
オンリーフォア
オンワード
カー
カースル
カーズ
カーソン
カーター
カーテン
カーディス
カーディナル
カード
カードリラ
カーナ
カーニバル
カーニヴァル
カーネギー
カーネル
カーノウバ
カーヒラ
カーミー
カーム
カーメリタ
カーラ
カーリー
カーリア
カーリアン
カーリング
カール
カーロッタ
カーン
カーヴ
カーヴィン
カイ
カイザー
カイザーリン
カイソウ
カイドウ
カイマナ
カイリュウ
カインディ
カインド
カウ
カウアイ
カウンセラー
カウンセル
カウンター
カウンタス
カウンティ
カウンテス
カウント
カウントオン
カウントリー
カオリ
カオル
カオルコ
カガリ
カクタス
カクテル
カグラ
カゲロウ
カコイーシーズ
カコガワ
カサック
カサブランカ
カザン
カシー
カシオペア
カシマ
カシミール
カシャン
カシュカ
カシワ
カジュン
カスガ
カスガミネ
カスケード
カスタネット
カスタム
カズサ
カゼ
カゼノブ
カタナ
カタニア
カタルパ
カチドキ
カッサラ
カッター
カッティング
カット
カッパー
カップ
カップオブ
カツ
カツクモ
カツヒメ
カツフジ
カツミ
カツラ
カツラギ
カツラノハイセイコ
カヅトヨ
カティー
カティーズ
カテラ
カディシヤ
カデンザゼ
カトーバ
カトラッシー
カトリシア
カトル
カトンカ
カドー
カナーン
カナガワ
カナス
カナデアン
カナリー
カヌー
カヌート
カネー
カネ
カネツ
カネトシ
カネミツ
カバーラップ
カバディ
カピクア
カピストラーノ
カフ
カフェ
カフェド
カブキ
カブラヤ
カプチーノ
カプリ
カプリコーン
カプリシャン
カペイド
カペライン
カペレット
カホー
カポーティ
カマー
カマーゴ
カマダ
カミーナ
カミーニー
カミ
カミカゼ
カミトモ
カミノ
カミング
カム
カムイオー
カムデン
カムバイ
カムマイ
カムリー
カメオ
カメリア
カメリタ
カメルーン
カモナ
カモン
カヤージ
カラー
カラーズ
カラード
カラキ
カラグロー
カラコル
カラコレロ
カラバス
カラミタ
カラミティ
カラムーン
カララ
カランドラ
カランバ
カランボラ
カラヴェル
カリー
カリーナ
カリーノ
カリ
カリア
カリカチューラ
カリクセン
カリスタ
カリスマティック
カリズマ
カリビアン
カリブ
カリム
カリユガ
カル
カルオーン
カルチャー
カルテット
カルデラ
カルト
カルドゥン
カルビー
カルマ
カルミア
カルヴァン
カルヴィニア
カレー
カレッジ
カレッタ
カレラ
カレン
カレンダー
カレント
カローザ
カロ
カロニス
カワチ
カンカオー
カンカン
カンザシ
カンシュリン
カントウ
カントリー
カンパニー
カンパネット
カンパラ
カンブリエンヌ
カンブリオ
カンブリモント
カンブレッタ
カンブレラ
カンプ
カンラン
カンリュウ
ガー
ガーサント
ガーデン
ガーナ
ガーネット
ガーベラ
ガーラム
ガール
ガーヴェイ
ガイア
ガイガー
ガイディング
ガイド
ガウリ
ガガ
ガギー
ガザラ
ガスカ
ガストロ
ガズニ
ガゼン
ガゾリーナ
ガッサン
ガティス
ガディア
ガトデルソル
ガナ
ガナジベナ
ガバドール
ガミタイ
ガム
ガラーシャ
ガラス
ガリッサ
ガリッタ
ガリバー
ガリヴァンター
ガルー
ガルガル
カドール
ガルダン
ガルチ
ガルド
ガルフ
ガルボ
ガレオン
ガレット
ガン
ガンズ
ガントレット
ガンナー
ガンナーズ
ガンバロン
ガンベッタ
ガンリュウ
キー
キーズ
キート
キートゥ
キートゥザ
キーパー
キープア
キープス
キームス
キアスク
キイーン
キイ
キクカ
キクジュ
キクノ
キサンドラ
キシャナ
キシュー
キス
キスノス
キセキ
キソジ
キタノ
キチノ
キッス
キッチン
キッツ
キッテン
キット
キットン
キッド
キティ
キヌコ
キノー
キミコ
キミノ
キムラス
キャサリン
キャサリンズ
キャシー
キャシディ
キャスター
キャステリ
キャスト
キャストザ
キャスモイ
キャセロール
キャタオラ
キャッスリング
キャッスル
キャッチ
キャッチング
キャット
キャットキー
キャットバード
キャップ
キャップアンド
キャップト
キャティ
キャニー
キャニキン
キャニス
キャノニゼーション
キャノネード
キャノネイド
キャノン
キャバリエ
キャピタリゼーション
キャピタル
キャピトル
キャプティベイティング
キャプティヴ
キャプテン
キャプリアン
キャペレット
キャメネー
キャメラ
キャメル
キャメロット
キャメロン
キャラクター
キャリー
キャリーズ
キャリア
キャリック
キャリドウェン
キャリロン
キャレール
キャローザ
キャロル
キャロルズ
キャンザ
キャンセラーダ
キャンテーション
キャンディー
キャンディ
キャンドル
キャンプ
キャンベル
キャンペン
キャンヴァス
キャヴァン
キャヴィアト
キュー
キューティ
キューピット
キューピッド
キュール
キュア
キュアザ
キュイーブ
キュラット
キュリキス
キョウエイ
キョウト
キョウワ
キョクトウ
キヨ
キヨサチ
キヨフジ
キラク
キラトバ
キラボシ
キラロー
キラヴィー
キリコ
キリサナ
キリニスキ
キリフィ
キリマンジャロ
キル
キルガーヴェン
キルクー
キルティー
キルティ
キルティング
キルト
キロ
キロフ
キンカ
キンキー
キング
キングオブ
キングオブザ
キングス
キングダム
キンコー
キンコウ
キントン
キンプトン
ギーギー
ギガント
ギク
ギネーヴィア
ギフティサ
ギフト
ギムレット
ギャッツビー
ギャモン
ギャラ
ギャラリー
ギャラント
ギャル
ギャレザ
ギャロー
ギャロップ
ギャング
ギャンブリング
ギリアン
ギルズ
ギルデッド
ギルバーツ
ギルマジ
ギルム
ギンガー
ギンスギ
ギンヒデ
ギンロウ
ギヴ
クー
クーガー
クーガ
クード
クーパー
クービス
クーリッジ
クーリンチェ
クール
クアレル
クィ
クィネード
クィラ
クィリクィナ
クィル
クィロン
クイーナリー
クイーン
クイーンオブ
クイーンシティ
クイーンズ
クイズ
クイック
クイン
クインカール
クインシー
クインズ
クインテス
クウェリダ
クェイ
クエイカー
クエスター
クエスチョネア
クエスチョン
クエスト
クォドラティック
クォドラングル
クサツ
クッキー
クテシフォン
クニ
クニハタ
クノスペン
クモ
クモハタ
クライ
クライアー
クライング
クラウズ
クラウディ
クラウディアンド
クラウド
クラウニング
クラウン
クラウンオブ
クラウンズ
クラウンド
クラカタオ
クラシカル
クラシック
クラシッシスト
クラス
クラック
クラックストンズ
クラッシー
クラッシーン
クラッシャー
クラティック
クラナッフ
クラバー
クラフォルディ
クラフティ
クラフト
クラブ
クラブィミー
クラメルド
クラメン
クララ
クラリー
クラリオン
クラレンティア
クラン
クランジングル
クランデスティン
クリーク
クリークロード
クリード
クリーム
クリームデラ
クリームン
クリーン
クリ
クリアー
クリア
クリアランス
クリエイション
クリエイター
クリエイト
クリガム
クリケント
クリゲン
クリス
クリスザ
クリスタ
クリスタル
クリスティアナ
クリスマス
クリティック
クリテリオン
クリノ
クリビ
クリフ
クリプシー
クリプティック
クリプテク
クリプト
クリホマレ
クリミナル
クリミニ
クリムズン
クリムゾン
クリン
クルーザー
クルーナ
クルーピア
クルーン
クルミ
クレーバー
クレーム
クレール
クレーン
クレアー
クレア
クレイ
クレイジー
クレイジア
クレイニア
クレイロ
クレイロン
クレシダ
クレスカ
クレスタ
クレスティング
クレスト
クレスピン
クレッシェンド
クレノ
クレバー
クレパス
クレペラ
クレペラナ
クレペロ
クレムブルー
クレメンティン
クレリタ
クレヴァー
クレヴァス
クロー
クロージェ
クロース
クローズ
クロード
クローバ
クローヴリー
クロクエット
クロケット
クロサト
クロシェット
クロス
クロック
クロフト
クロユリ
クロワッサン
クワイアット
クワイズ
クンバヤ
グース
グーディーズ
グーフド
グーラブ
グァッシュ
グッズ
グッド
グッドリー
グッバイ
グディニア
グライディング
グラウンズ
グラシラ
グラス
グラッソ
グラッド
グラティテュード
グラディスカ
グラナダ
グラニー
グラニューズ
グラハム
グラフ
グラフィティ
グラマー
グラマーギャル
グラミー
グラン
グランシル
グランディ
グランディス
グランデュール
グランドール
グランド
グランドインク
グランマ
グリーク
グリーミング
グリーム
グリーン
グリーンアズ
グリーンヒル
グリス
グリセリン
グリッター
グリッターズ
グリフ
グリフォン
グリル
グリン
グリンカップ
グルース
グルーピー
グルーム
グルーヴ
グルメ
グレーシャス
グレース
グレースフル
グレート
グレイ
グレイシア
グレイシャス
グレイジア
グレイス
グレイスフル
グレイト
グレイニース
グレイル
グレイン
グレシャス
グレシャン
グレナリス
グレン
グレンスタル
グレンヴィア
グロー
グロース
グローバル
グローブ
グローリー
グローリア
グローリアス
グロリー
グロリア
グロリアス
グロリアム
グングニール
グンシン
ケー
ケーエイ
ケーオ
ケーション
ケース
ケーター
ケーティング
ケーディー
ケーニッツ
ケーブル
ケープ
ケーレッド
ケーン
ケアフル
ケアレス
ケイ
ケイウン
ケイエム
ケイオロク
ケイコ
ケイスイ
ケイティ
ケイティドガール
ケイディー
ケイト
ケイワン
ケイヴィアト
ケドラ
ケプト
ケミス
ケリー
ケリーズ
ケリ
ケリガン
ケリダ
ケリュニッサ
ケルティ
ケルティック
ケルベロス
ケン
ケンエイ
ケンキョウ
ケンザン
ケンタッキー
ケンテル
ケンディー
ケンブリッジ
ケンプ
ケンポウ
ケンマル
ゲージ
ゲート
ゲーベル
ゲーム
ゲームズ
ゲイ
ゲイザー
ゲイシャ
ゲイファング
ゲイム
ゲイメセン
ゲイリー
ゲイルー
ゲイル
ゲイロード
ゲイン
ゲインオア
ゲインザー
ゲインズ
ゲインズボロー
ゲシー
ゲスト
ゲッコー
ゲッター
ゲット
ゲニヴィエール
ゲノム
ゲファール
ゲブール
ゲラン
ゲレン
ゲヴレイ
コー
コーエー
コークス
コーサ
コーシング
コージー
コース
コースタル
コーストン
コーストンズ
コーズ
コーズフォー
コーセイ
コーター
コーティアス
コーティング
コーテル
コーディアリー
コーディアル
コーデイ
コーデックス
コート
コートリー
コード
コードン
コーナー
コーナーズ
コーニス
コーニッシュ
コーニッジ
コーネリアン
コーネル
コープス
コーホーズ
コーム
コーモラント
コーラー
コーラス
コーラル
コーリー
コーリアー
コール
コールザ
コールド
コールミー
コーン
コーンウォール
コーヴ
コイゴコロ
コイフル
コイン
コインド
コウイチスタア
コウエイ
コウエツ
コウギョウ
コウゲン
コウジン
コウストンズ
コウトオーノ
コウトクテン
コウラク
コウリツ
コギトエルゴスム
コクオー
コクサイ
コクシニア
ココ
ココット
ココブル
コジーン
コスクィラ
コスタ
コスマー
コスミアー
コスモ
コスモス
コズオー
コズミック
コタシャーン
コダマ
コック
コックス
コッケード
コッペリア
コテツ
コトノ
コトブキ
コナファ
コニーグ
コニストラーノ
コニヴァー
コネクション
コノート
コノミ
コハク
コバーン
コバン
コビナタ
コピー
コブラ
コペリナ
コマーシャル
コマーズ
コマチ
コマネチ
コマンシュ
コマンダー
コマンチ
コマンド
コミック
コム
コメット
コメディ
コモーション
コモドール
コモン
コラ
コラリヴィア
コラレーション
コラレハ
コランデア
コランディア
コリム
コルコ
コルド
コルベット
コルライン
コルヴェヤ
コレスポンデント
コレラ
コローズ
コロシアム
コロナ
コロニー
コロニア
コロニアル
コロネット
コロン
コン
コンキスタドール
コンキスト
コンクラベ
コング
コンコルド
コンゴー
コンサート
コンサーン
コンサルタンツ
コンシャス
コンスタブル
コンスタンス
コンスタンツ
コンセプト
コンセンティダ
コンソート
コンチネンタル
コンツェルト
コンティニュー
コンティニュアル
コンティニュエイション
コンテッサ
コンテント
コントライト
コントル
コントレイル
コントロール
コンノート
コンバタント
コンバット
コンパクト
コンフィデンス
コンフェス
コンプリス
コンプリメント
コンペンセイション
ゴー
ゴーイング
ゴーグル
ゴーゴー
ゴージャス
ゴースト
ゴート
ゴーフウ
ゴール
ゴールウィン
ゴールデン
ゴールド
ゴールドアズ
ゴーレット
ゴーン
ゴア
ゴシップ
ゴショノハナ
ゴジラ
ゴッデス
ゴッド
ゴッドネス
ゴディス
ゴラス
ゴリー
ゴルゴン
ゴルト
ゴン
ゴンドラ
サー
サーアイヴァーズ
サーカス
サーカスティック
サーキット
サークラー
サークル
サークレット
サージェリー
サージュ
サーチング
サーティ
サーティエイト
サーティン
サード
サービス
サーブ
サーベル
サーペン
サーモン
サールス
サーヴィス
サイアン
サイエダティ
サイエラ
サイクラス
サイクル
サイクロ
サイクロン
サイコー
サイサイ
サイズ
サイゼリヤ
サイタ
サイダー
サイド
サイビ
サイプレス
サイレン
サイレンス
サイレント
サウザンド
サウス
サウンディングズ
サウンド
サウンドオブ
サエズリ
サカウンタラ
サカエ
サカキ
サカズキ
サガ
サガス
サガネカ
サガミ
サギー
サクセサー
サクセス
サクヤ
サクラ
サクリー
サクレット
サケビュート
サゲネー
ササ
ササフラ
サザン
サジタリアス
サジタリウス
サスケ
サスピシャス
サスピション
サスペンス
サセッタ
サターン
サタン
サタンズ
サダ
サチ
サチノ
サチヨ
サッカー
サック
サッシュ
サッシュオブ
サッチ
サッチャー
サッチング
サツマ
サティエティ
サティン
サティンゴ
サディ
サディアー
サトル
サドラーズ
サドルズ
サドン
サドンソー
サニー
サニドリン
サネルタ
サハラ
サバイバル
サビー
サファーン
サファイア
サファイヤ
サフィー
サフィシェント
サフラン
サブ
サブライム
サブリーナ
サブレ
サプライズ
サプリメント
サベージ
サボン
サマー
サマーズ
サマータイム
サマニン
サマリア
サマリテン
サマルタン
サマレックス
サマンサ
サマンシア
サマンダ
サミー
サム
サムイ
サムシング
サムタイム
サムボディ
サムライ
サムワン
サモア
サモス
サモハン
サヤジラキ
サユリ
サヨナラ
サラ
サラゴーサ
サラスト
サラソージュ
サラトガ
サラマンドル
サラミス
サリー
サリーズ
サリ
サリタマー
サリナ
サリバー
サリュウ
サリヴァー
サルーン
サルガッソー
サルス
サルトリー
サルナン
サルノ
サルビヤ
サルピンクス
サルベージ
サルヴォ
サルヴォラ
サロメ
サロン
サワー
サワヤカ
サン
サンイン
サンエイ
サンエム
サンキスト
サンキュー
サンキョウ
サンギョウ
サンクス
サンクタス
サンクチュアリ
サンクフル
サング
サングル
サンコー
サンゴク
サンゴショウ
サンサン
サンシー
サンシャイン
サンジェルマン
サンジョー
サンスター
サンズ
サンセット
サンタ
サンタン
サンダー
サンテステフ
サンデー
サンディ
サンディズ
サントス
サンド
サンドラ
サンドリヨン
サンバー
サンビ
サンフォード
サンプル
サンマン
サンライズ
サンライト
サヴィニー
サヴェッジ
サヴレ
ザー
ザーラージル
ザーラヴィック
ザール
ザ
ザイザー
ザイザフォン
ザガーデン
ザクラ
ザグレブ
ザケ
ザゴールデン
ザサンクス
ザック
ザッツ
ザツマイ
ザナドゥ
ザバラ
ザフォクシー
ザブルヒル
ザヘッド
ザベラ
ザムール
ザヤタラ
ザラスト
ザラズー
ザラタイア
ザラピア
ザリッパー
ザンザラ
ザンゼ
ザンページ
シー
シーア
シーエル
シーオン
シーガル
シーキャン
シーキングザ
シークエンス
シークレット
シーサイド
シーザー
シーズ
シーズア
シーズシャープ
シーズン
シーダー
シーナ
シーニック
シーバ
シービー
シーフュリュー
シーマー
シーマン
シーム
シーユーアトザ
シーラ
シーリング
シール
シーレーン
シーン
シァンド
シアター
シアトリカル
シアトル
シアマ
シェーバー
シェーン
シェア
シェアザ
シェアラー
シェイク
シェイクア
シェイクニー
シェイズ
シェイディー
シェイディ
シェイド
シェシューン
シェスキイ
シェッキー
シェナニガンズ
シェニール
シェヘラザード
シェラ
シェリー
シェリフズ
シェリル
シェル
シェルカラ
シェルシュール
シェルダン
シェルナザール
シェルニヤ
シェンナ
シエロ
シオ
シオカゼ
シオサイ
シカ
シカラド
シカンブル
シガー
シキット
シギサン
シクラメン
シクレノン
シグナル
シグネット
シグレ
シゲル
シザラ
シシキス
シスター
シスターズ
システム
シチー
シック
シックス
シップ
シップス
シップズ
シティーズ
シティ
シテイション
シデラル
シドンズ
シナノ
シナラ
シナルド
シネジータ
シネラ
シネラリア
シノブ
シノプス
シバ
シパーヨ
シビオ
シビルズ
シピー
シフ
シフト
シフラント
シブレット
シプリアニ
シベルタ
シペット
シポール
シマ
シマタカ
シマトリー
シマノ
シミズ
シム
シモーヌ
シャー
シャーガー
シャーク
シャーディー
シャーナザール
シャープ
シャーペン
シャーポ
シャーミーン
シャーミット
シャーリー
シャイーナーズ
シャイ
シャイニン
シャイニング
シャイマー
シャイマ
シャイン
シャカ
シャコウ
シャシュナ
シャダイ
シャチ
シャック
シャッター
シャッツィ
シャット
シャットル
シャッフラー
シャッフル
シャディード
シャトー
シャトゥー
シャシャトウ
シャトル
シャドー
シャネル
シャノン
シャパネーズ
シャパラル
シャマカ
シャマラ
シャマリタン
シャミエ
シャミン
シャム
シャムシール
シャモセール
シャライ
シャラム
シャリーフ
シャルード
シャルール
シャル
シャルウィー
シャルダン
シャルパンティエ
シャルマン
シャルロット
シャレー
シャレード
シャロナ
シャロン
シャワー
シャン
シャンクシー
シャンター
シャンタン
シャンダー
シャンテ
シャンデリア
シャントゥール
シャントゥ
シャンハイ
シャンパン
シャンブラー
シャンペン
シャンポール
シュー
シューズ
シューティン
シューティング
シュート
シュア
シュアレラ
シュウザン
シュウチョウ
シュガー
シュクレ
シュシュ
シュトライト
シュトラヴィン
シュトラヴィンスキー
シュペール
シュペリーヌ
シュペルター
シュボティカ
シュリリー
シュレイ
シュワルツ
シュワヴィテ
シュン
シュンキー
シュンライ
シュヴァリエ
ショー
ショーシー
ショート
ショール
ショーン
ショア
ショウグン
ショウゲツ
ショウリ
ショウワ
ショシャンナ
ショッキング
ショック
ショット
ショッド
ション
シラオ
シラオク
シラサギ
シラナ
シラフ
シラフジ
シラユキ
シラユリ
シリー
シリアン
シリウス
シリシアナ
シリニ
シリネラ
シリバー
シル
シルエット
シルエラ
シルク
シルクン
シルコ
シルティーク
シルネット
シルバー
シルバード
シルビア
シルフィード
シルヴァー
シルヴィナ
シレトコ
シロー
シロ
シン
シンガー
シンキング
シンギング
シング
シングス
シングライク
シングル
シンゲキ
シンコウ
シンザン
シンダベル
シンディ
シンデレラ
シンフォニー
シンプー
シンプル
シンボー
シンボリ
シンミス
シンモエ
ジーナ
ジーニー
ジーン
ジーンズ
ジ
ジアイリッシュ
ジアノッティ
ジィーン
ジェーン
ジェイ
ジェイオー
ジェイコブズ
ジェイジョーンズ
ジェイド
ジェイパー
ジェイン
ジェシー
ジェスター
ジェスト
ジェストレス
ジェダー
ジェット
ジェットトゥ
ジェディナ
ジェドゥー
ジェニー
ジェニーズ
ジェニファー
ジェニングズ
ジェヌイン
ジェネラス
ジェネラル
ジェネラルズ
ジェネルー
ジェネレーション
ジェノマ
ジェファーソン
ジェフォ
ジェフォリー
ジェベ
ジェベリカ
ジェベリナ
ジェベル
ジェム
ジェラード
ジェラール
ジェラティナ
ジェリー
ジェリコ
ジェレラ
ジェントル
ジェントルマアンズ
ジェヴェリン
ジエアー
ジオイア
ジギーズ
ジグ
ジグノペディ
ジスカ
ジスタ
ジデアノ
ジナ
ジニア
ジパング
ジフタルト
ジプシー
ジミー
ジム
ジモン
ジャイアント
ジャイプール
ジャイヴ
ジャカオ
ジャカルタ
ジャガー
ジャケット
ジャコミマ
ジャコンダ
ジャシント
ジャスタ
ジャスティス
ジャスト
ジャスミナ
ジャスミン
ジャズ
ジャッキー
ジャッジ
ジャッジアンジェ
ジャッジメント
ジャッジャー
ジャドウォル
ジャニータ
ジャヌワ
ジャハン
ジャパン
ジャビクララ
ジャポニカ
ジャミーラ
ジャリー
ジャルディーノ
ジャワ
ジャン
ジャングル
ジャンディ
ジャンパー
ジャンブリー
ジャンプ
ジャンプウィズ
ジャンボ
ジャヴァ
ジャヴェロ
ジャヴリン
ジューク
ジュース
ジュードー
ジュール
ジュウジ
ジュウニヒトエ
ジュエル
ジュディ
ジュディナ
ジュデラ
ジュナレット
ジュニア
ジュニアス
ジュニヤ
ジュノニア
ジュビー
ジュピック
ジュピトリス
ジュピロス
ジュベル
ジュラク
ジュリー
ジュリーズ
ジュリアナ
ジュリアン
ジュリエッタ
ジュリエッツ
ジュリエット
ジュリオ
ジュンコ
ジユウノ
ジョー
ジョージ
ジョーンズ
ジョーヴ
ジョアン
ジョイーゼ
ジョイ
ジョイアス
ジョイデソアー
ジョイナー
ジョイフル
ジョイント
ジョインド
ジョウ
ジョウオー
ジョオー
ジョシュア
ジョシュアズ
ジョジョ
ジョッキー
ジョック
ジョッピー
ジョニー
ジョリー
ジョリーズ
ジョリエット
ジョリティ
ジョリボニータ
ジョワド
ジョン
ジョンティオン
ジョヴィート
ジルザル
ジルドレ
ジレンマ
ジン
ジンクス
ジンクスト
ジンクル
ジンスキー
ジンダイコ
ジンデン
ジンライ
スー
スージー
スージーウォン
スーズ
スーパー
スーパースター
スービック
スーピリア
スープ
スーペリア
スール
スーン
スアシノ
スイート
スイーブ
スイシュン
スイショー
スイス
スイセイ
スイト
スイフト
スイン
スインギング
スイング
スウーニング
スウーンズ
スウィース
スウィーツ
スウィーティ
スウィート
スウィートアンド
スウィートネス
スウィートリー
スウィープ
スウィーペスタ
スウィスター
スウィフティ
スウィフト
スウィンギング
スウェイン
スウェット
スウェプト
スウォード
スウォーム
スウォーンズ
スオール
スカート
スカーレット
スカイ
スカウト
スカッシュ
スカッフ
スカレシア
スカロ
スガタ
スキー
スキーナ
スキップ
スキマー
スキャタリング
スキャッター
スキャン
スキン
スクーナー
スクール
スクウェア
スクエア
スクォー
スクラッチ
スクリーマー
スクリーン
スクワンダー
スケーター
スケーターズ
スケート
スケープ
スコート
スコーピオ
スコープ
スコール
スコールディング
スコーン
スコア
スコッチ
スコット
スコラッタ
スズ
スズカ
スズカケ
スズキ
スズシロ
スズタカ
スズダマシイ
スズノ
スズラン
スター
スターオブ
スターオブザ
スターク
スターズ
スタード
スターナ
スターナイト
スターライト
スターリング
スタール
スタイ
スタイミー
スタイリッシュ
スタイル
スタイルアンド
スタウト
スタジオ
スタッフ
スタティスティック
スタテュート
スタファ
スタメサルト
スタン
スタンス
スタンダード
スタンディング
スタンド
スタンフォード
スダ
スチュワーデス
ステーシィ
ステージ
ステージズ
ステージドア
ステーツ
ステート
ステーブル
スティール
スティーヴ
スティーヴス
スティーヴンス
スティーヴンズ
スティクリー
スティッキー
スティックトゥ
スティッフ
スティル
スティルツオン
スティルヴィ
スティング
スティングレー
スティンティノ
ステイ
ステイツマン
ステイト
ステッパー
ステッピング
ステップ
ステディ
ステファン
ステフィ
ステューペンダンス
ステラー
ステラ
ステラズ
ストーカー
ストーク
ストーミー
ストーム
ストームアンド
ストーリー
ストーリーズ
ストール
ストールン
ストーン
ストーンズ
ストア
ストップオン
ストップザ
ストップユア
ストモール
ストラ
ストライキング
ストライク
ストライクア
ストライダー
ストライプ
ストライプス
ストラダビン
ストラテジック
ストラトマト
ストラング
ストリーク
ストリート
ストリーム
ストリクトリー
ストリングス
ストル
ストレーツ
ストレート
ストレイト
ストレイド
ストレッチ
ストレングス
ストロー
ストローク
ストロークト
ストローム
ストロベリー
ストロング
ストロングホール
スナー
スナージ
スネップ
スノー
スノーマン
スノッブ
スパー
スパーク
スパークオブ
スパーコ
スパータン
スパート
スパ
スパイ
スパイアリング
スパイシー
スパイス
スパイトフル
スパニッシュ
スパニッツ
スパルタクス
スパルタン
スパロー
スパン
スピーキング
スピーキングオブ
スピーク
スピーチ
スピード
スピードウェル
スピードオー
スピア
スピカ
スピニング
スピノザ
スピリッツ
スピリット
スピン
スフアグナム
スフィーダ
スフィンクス
スフレ
スプーン
スプラッシュオブ
スプラング
スプリー
スプリーム
スプリナ
スプリンクラー
スプリング
スプリングイズ
スプリングイン
スプリンター
スプルース
スプレー
スプレンダー
スプレンダード
スプレンディド
スペース
スペア
スペイン
スペキュラム
スペクタキュラー
スペシャリスト
スペシャル
スペス
スペック
スペル
スペンド
スペンドア
スポーツ
スポート
スポッツ
スポッティド
スポット
スマーテア
スマーテン
スマート
スマイリング
スマイル
スマイルズ
スマコバ
スマッシュ
スミス
スミタ
スミッテン
スミノ
スミレ
スムーズ
スモーキー
スモーク
スモール
スライ
スライトリー
スラスト
スラバジャ
スラム
スランティド
スリー
スリーク
スリート
スリープ
スリッパー
スリップ
スリリング
スリル
スルー
スルーオ
スルーザ
スルーピー
スレーディ
スレイヴ
スレスホールド
スレナン
スレマイフ
スロープ
スワップ
スワップス
スワニー
スワプスコ
スワロー
スワン
スワンズ
ズール
ズ
ズイショウ
ズクロ
ズグ
ズフォリー
ズライカ
ズラマ
ズルム
ズンタタ
セーヌ
セーハ
セーラー
セーラーズ
セーリング
セイ
セイウン
セイキ
セイコー
セイコ
セイコウ
セイダイ
セイフティー
セイフリー
セイブ
セイモア
セイラー
セイラウェイ
セイラム
セイラン
セイリング
セイル
セイロン
セイワット
セイント
セオ
セオニア
セカンド
セカンドザ
セガ
セキテイ
セキノ
セキュリタス
セキロ
セギュラ
セクサ
セクシー
セクシエーム
セクスタリー
セクト
セクメト
セクレタム
セクレタリー
セクレタリアト
セクレト
セコイア
セシリア
セダン
セックス
セックストン
セッツ
セット
セッラー
セティル
セドリック
セニョール
セニョリータ
セネカ
セノーヌ
セビリア
セフト
セフトニヤ
セブン
セブンス
セプション
セプティエーム
セプテンバー
セミラント
セモール
セラー
セリーズ
セリーヌ
セリーン
セリア
セリナ
セルティック
セルノ
セルフ
セルマ
セレス
セレスティアル
セレスト
セレナーデ
セレナズ
セレブリティ
セレブル
セレブレイト
セレモニー
セレンゲティ
セローナ
セン
センコー
センコウ
センゴク
センサー
センザン
センシティヴォ
センシビリティ
センジュウ
センス
センゾク
センター
センダ
センダナ
センテイン
センテニアル
センテンス
セント
セントアンド
セントオー
セントスキー
セントリー
センネン
センヒメ
センプロニア
センボン
センリョウ
セヴァーン
ゼア
ゼアバイ
ゼイラー
ゼサード
ゼダーン
ゼッタ
ゼット
ゼニス
ゼファー
ゼファリン
ゼブンス
ゼム
ゼルドナー
ゼルマ
ゼロ
ゼロヨン
ゼンギ
ゼンシチ
ソー
ソーギョウ
ソース
ソーダ
ソーチリー
ソーディア
ソート
ソード
ソーバス
ソーファイン
ソーフリー
ソーホー
ソーホワッツ
ソーマレス
ソーラー
ソーリング
ソール
ソールド
ソウマ
ソウル
ソウルオブザ
ソガ
ソクホウ
ソサイエティ
ソシアル
ソディアム
ソデリニ
ソナチネ
ソニア
ソニック
ソニバイ
ソネット
ソネラ
ソフィー
ソフィスティ
ソフィスト
ソフォニスベ
ソフト
ソブリン
ソムファス
ソラ
ソラグナ
ソラゾ
ソラタンゼリン
ソリシター
ソリタリー
ソリダリティ
ソリチュード
ソリッド
ソリディティ
ソルシエール
ソルティ
ソルト
ソルフェリノ
ソレイユ
ソレイル
ソレサ
ソレジナ
ソロー
ソローズビッド
ソロ
ソロナ
ソロナウェー
ソロリー
ソロン
ソング
ソングオブ
ソンザ
ソヴィエ
ソヴィエト
ソヴリン
ゾナー
ゾラ
ゾリ
ゾンタ
ターカン
ターキー
ターキ
ターキッシュ
ターキン
ターク
ターコマン
ターゴワ
ターゴワイス
ターザン
タージ
タータ
タータリナ
タービニア
ターフ
ターブーシュ
タームズ
ターン
ターントゥ
ターンバック
タイ
タイア
タイアップ
タイアフェア
タイガー
タイガ
タイキ
タイクーン
タイコ
タイシン
タイズキ
タイタイ
タイテエム
タイト
タイトル
タイニー
タイニャン
タイノア
タイフーン
タイプ
タイヘイ
タイマー
タイム
タイムズ
タイムトゥ
タイムフォーア
タイムマシーン
タイムリー
タイムレス
タイモア
タイヤ
タイヨウ
タイラ
タイランツ
タイラント
タイランド
タイリン
タイルズ
タイロン
タウィー
タウロ
タウン
タカ
タカイ
タカハタ
タカハロウ
タカバル
タカフジ
タカラ
タカラブネ
タカレット
タクティクス
タグニオリ
タグボート
タケ
タケシバオー
タケノ
タケヒデ
タシュ
タジ
タスキュラム
タスマ
タタラー
タタン
タチバナ
タック
タックス
タックスペイヤーズ
タッチ
タッチング
タット
タッフィー
タップ
タップオン
タップス
タツヒメ
タナ
タナタ
タナナリヴ
タナバタ
タニア
タニイチ
タニカゼ
タニノ
タネット
タネラ
タネルコ
タバ
タバコ
タバスコ
タヒチ
タヒチアン
タヒリ
タビュレーター
タピオカ
タピキュリー
タフィー
タフィタアンド
タブ
タマ
タマナー
タマノ
タマモ
タマレーン
タミー
タミーズ
タミアナ
タム
タムキー
タメレット
タメレラ
タヤス
タラ
タラズ
タラタン
タリム
タリヤートス
タリヤ
タルゴ
タルマエ
タレンティド
タレント
タロー
タワー
タン
タンガニーカ
タンゴ
タンタ
タンティエーム
タンパ
タンブリン
タンブリング
タンブル
タンホイザ
ダーク
ダート
ダーナ
ダーバー
ダーバン
ダーバンヴィル
ダービー
ダーリン
ダーリング
ダーレーン
ダーレイ
ダーン
ダーンザット
ダイ
ダイアゴネール
ダイアナ
ダイアモンズフォー
ダイアモンド
ダイアン
ダイオー
ダイク
ダイゴ
ダイサン
ダイザ
ダイスキ
ダイタク
ダイナ
ダイナスティ
ダイナソア
ダイナマイト
ダイナメン
ダイナモ
ダイニ
ダイボサツ
ダイヤ
ダイヤモンド
ダイユウ
ダイヨン
ダイワ
ダイヴァー
ダウ
ダウン
ダゴベルト
ダスキー
ダスク
ダスゲニー
ダスティ
ダスト
ダック
ダッシュ
ダッシング
ダッチェス
ダッテル
ダッパー
ダディ
ダディガール
ダニエル
ダニラ
ダネイ
ダハール
ダフネ
ダブリー
ダブリン
ダブル
ダブルズ
ダボス
ダマール
ダマ
ダマシ
ダマシイ
ダマスカス
ダマスク
ダマダトール
ダマナ
ダミー
ダミスター
ダムール
ダム
ダムカ
ダライアス
ダラノーア
ダリーズ
ダリア
ダリカ
ダリグル
ダリル
ダル
ダルゴンヌ
ダルサーン
ダルシニア
ダルシャーン
ダルジャン
ダルタワ
ダルネシア
ダン
ダンク
ダンサー
ダンサーズ
ダンシェンヌ
ダンシン
ダンシンインザ
ダンシング
ダンジュー
ダンスール
ダンス
ダンスインザ
ダンスダンス
ダンスバイ
ダンセル
ダンチヒ
ダンツ
ダンテ
ダンディ
ダンフィ
ダンフリーズ
ダンプティ
ダンモア
チーズ
チータ
チーフ
チーフズ
チーフテン
チーフネル
チアキ
チアフル
チアリー
チェアーズ
チェイサー
チェイスザ
チェイン
チェサヴェグリア
チェス
チェスター
チェスト
チェック
チェブ
チェリー
チェリ
チェリオ
チェリッシュト
チェル
チェルシー
チェルシアナ
チェロキー
チェン
チェンジ
チェンジャー
チエ
チカコ
チカラ
チキータ
チグサ
チケット
チダ
チック
チックリー
チックリング
チップ
チップキー
チトセ
チトセオー
チハル
チモン
チャージャー
チャーマー
チャーミング
チャーム
チャーリー
チャイナ
チャイニーズ
チャイム
チャイムス
チャイムズ
チャイルド
チャッキー
チャッター
チャッタ
チャペル
チャポーサ
チャルロ
チャレディ
チャレドン
チャレンジャー
チャロン
チャンシー
チャンス
チャンデリア
チャンドラー
チャンネル
チャンプ
チューザレ
チュール
チューン
チュウオー
チョイス
チョウセイ
チョコ
チョコレート
チョップ
チョベリグ
チョンピオン
チヨ
チヨカゼ
チヨダ
チヨノ
チヨノオー
チリー
チリ
チリドッグ
チルー
チルドレンズ
チレイディ
チロル
ツー
ツーイースト
ツービート
ツアー
ツィンクル
ツイスト
ツイッグ
ツイン
ツキ
ツキカワ
ツキノ
ツキフサ
ツダ
ツナミ
ツバキ
ツヨシ
ツリー
ツリーオブ
ツリールー
ツル
ツルカメ
ツルギノマイ
ツルナゴラ
ツルフジ
ツルマル
ツルミ
テーシルダ
テースト
テーブル
テール
ティー
ティーエム
ティーシー
ティージング
ティーズ
ティータ
ティーチャー
ティーチャーズ
ティーティー
ティーティ
ティーピー
ティーフォー
ティーン
ティーンズ
ティーヴィー
ティア
ティアット
ティアラ
ティエポロ
ティエンロン
ティクス
ティグレッセ
ティシノ
ティス
ティズナ
ティズリー
ティターン
ティタニア
ティッカネン
ティックリー
ティットフォア
ティナ
ティナティナ
ティファニー
ティベット
ティマー
ティムズ
ティムタム
ティラン
ティラント
ティリー
ティリーズ
ティルト
ティルドーン
ティン
ティンバー
テイエム
テイオー
テイク
テイクア
テイクレディ
テイスティド
テイト
テイブン
テイム
テイムズ
テイラーズ
テイル
テイルオブ
テイルズトゥ
テオドラ
テオペピ
テオサス
テオスト
テサリー
テシオ
テスコ
テスタ
テスタニー
テッサ
テッセン
テッソ
テツ
テツザン
テツトヨ
テツノ
テツハタ
テティス
テニー
テネシー
テネドス
テネベル
テネラニ
テパーンタル
テビエ
テヘラン
テモワニャージュ
テューズデイ
テューダー
テューダーズ
テュール
テューン
テュデナム
テュナ
テュラリア
テュルヤー
テュレッグ
テュンティア
テラー
テラオ
テラス
テリエンヌ
テリオス
テリブル
テリング
テル
テルギク
テルドフー
テルノ
テルミエンヌ
テルモピレー
テルユー
テルリンガ
テレイニアン
テレサ
テレラン
テン
テンコウリュウ
テンザン
テンション
テンジン
テンセンツァ
テンタム
テンダーフット
テンドレス
テンネン
テンパー
テンパランス
テンパレート
テンビー
テンプル
テンマ
テンモン
テンリ
テンリュウ
デー
デージー
デート
デーモン
デーモンズ
デール
デ
デア
デアリング
ディー
ディーシー
ディース
ディーディー
ディード
ディーネ
ディープ
ディール
ディーン
ディーンズ
ディーヴァ
ディーヴァズ
ディアー
ディア
ディアギレフ
ディアブロ
ディアブロズ
ディアレスト
ディエラ
ディオメディア
ディオラマ
ディカード
ディカーレム
ディガー
ディクシーランド
ディクス
ディクソン
ディクター
ディクタウェイ
ディクタス
ディクテイター
ディクテイタス
ディクテイツ
ディクト
ディグニダス
ディグレッション
ディケンズ
ディサプリナー
ディサプリン
ディシート
ディシジョン
ディシデント
ディスク
ディスグレイス
ディスコ
ディスタ
ディスタフ
ディスタント
ディスティンクション
ディスティンクティヴ
ディスティング
ディスパーサル
ディセノ
ディターミン
ディターミンド
ディッシュ
ディナー
ディナリーナ
ディナンド
ディネロ
ディファレンス
ディフェレンテ
ディフェンシヴ
ディプレイク
ディプロマシー
ディプロマット
ディペンデンス
ディミヌ
ディライト
ディン
ディヴァイン
ディヴィアナ
デイ
デイズ
デイバイン
デイム
デイラミ
デイリー
デイル
デイン
デインジャラス
デインスカヤ
デインヒル
デイヴィス
デウォン
デウオ
デオール
デオドラン
デカスロン
デカダンス
デキシー
デコレイティド
デザート
デザイラブル
デザイン
デザフィアダ
デザルマダ
デジャ
デス
デスカ
デスタール
デスデメール
デスパレート
デソイヤー
デッキ
デック
デット
デッド
デッドオア
デディケート
デトリアーノ
デトロワ
デトワール
デニール
デニア
デニス
デニム
デビー
デビュー
デビルズ
デピュティ
デブ
デプグリーフ
デプス
デヘア
デボネア
デボン
デポジット
デミュア
デミング
デモリション
デュー
デューク
デュークズ
デュース
デューティ
デュール
デュ
デュエット
デュカイナ
デュガルズ
デュタン
デュネット
デュノール
デュビアン
デュビオラ
デュプリシト
デュポン
デュモンド
デュライン
デュラサー
デュラック
デュラハン
デュラブ
デュルゼッタ
デュレン
デュンギヴン
デユール
デラ
デライト
デラクレーム
デリー
デリーデ
デリィ
デリオ
デリケート
デリシャス
デリリサキ
デリング
デル
デルジー
デルソ
デルソル
デルタール
デルタ
デルニエ
デレペント
デンタ
デンタル
デンテュリウス
デント
デヴィアス
デヴィッズ
デヴィネット
デヴィル
デヴィルズ
デヴェリュー
デヴォーション
トーア
トーエイ
トーキン
トーク
トースト
トータ
トーダイ
トート
トートレル
トーヨー
トール
トーワ
トゥー
トゥース
トゥートゥ
トゥーマッチ
トゥールース
トゥーロン
トゥーン
トゥ
トゥアメント
トゥインクル
トゥザ
トゥシティーズ
トゥモロー
トゥリー
トゥルー
トゥルース
トゥループ
トゥルーラヴ
トゥルーリー
トゥワード
トゥワイス
トゥワイスザ
トウカイ
トウキョウ
トウケイ
トウコウ
トウザイ
トウショウ
トウジン
トウスイ
トウセイ
トウタアイ
トウト
トウフク
トウホー
トウミノン
トウランジュ
トウルネル
トウルビヨン
トカチ
トカレフ
トガトガ
トガワ
トキ
トキオ
トキノ
トキメキ
トキワ
トクマル
トサ
トサモアー
トサリナ
トシ
トシマ
トス
トッピング
トップ
トップオブザ
トップガン
トップレディ
トップロード
トニー
トニービン
トノカブト
トパーズ
トビ
トビラ
トビン
トピキ
トマト
トミー
トミーン
トミ
トミセン
トミマル
トム
トムボーイ
トモエ
トモカゼ
トモコ
トヤマ
トライアル
トライアングル
トライアンファント
トライバル
トライマイ
トライング
トライングフォー
トラスト
トラック
トラップ
トラフィック
トラブル
トラベル
トラン
トランス
トランプ
トリー
トリーズン
トリーティ
トリート
トリアラーク
トリシン
トリジェット
トリステ
トリストラム
トリッキー
トリック
トリップ
トリニダート
トリニティ
トリビュート
トリプティク
トリプティック
トリプリケート
トリプル
トリムザ
トリリオン
トルーエン
トルーパー
トルナード
トルナドール
トルネード
トルベラ
トレード
トレープ
トレ
トレイル
トレイルズ
トレイン
トレサ
トレジャー
トレダム
トレッカ
トレパドーラ
トレフィン
トレヴィエール
トレヴィサ
トレヴィザナ
トレヴィラ
トロア
トロイ
トロサナ
トロット
トロピカル
トロピクール
トロピク
トロピック
トロピュラー
トロメオ
トロリー
トロン
トワイニング
トワイライト
トンガ
トンピオン
ドージマ
ドーゼット
ドーター
ドータ
ドーツ
ドーム
ドール
ドーン
ドーンオブザ
ドーンザ
ドーンズ
ドーンツ
ドーント
ド
ドア
ドゥーン
ドゥ
ドゥナット
ドゥバリー
ドゥラニ
ドゥルガ
ドゥルシラ
ドウカン
ドウター
ドクール
ドクター
ドクターズ
ドッグ
ドッジー
ドッジ
ドット
ドッフ
ドナ
ドナテロ
ドファージ
ドフザ
ドミエール
ドミニー
ドミニオン
ドユーン
ドライ
ドライバー
ドライブ
ドライン
ドライヴ
ドラコーン
ドラゴネス
ドラゴン
ドラッグ
ドラマ
ドラマティック
ドラム
ドラムス
ドランゴ
ドリー
ドリーマー
ドリーミー
ドリーミング
ドリーム
ドリームズ
ドリーン
ドリア
ドリック
ドリット
ドリマー
ドリル
ドリレオ
ドルガ
ドルス
ドルスク
ドルド
ドルフィン
ドルフィンズ
ドレス
ドレスデン
ドレズデンドル
ドレッサー
ドレッシング
ドレット
ドローバイ
ドロール
ドローン
ドロ
ドロシー
ドロップ
ドロニク
ドロネット
ドワール
ドン
ドンナ
ナース
ナースリー
ナイアガラ
ナイキ
ナイス
ナイツ
ナイト
ナイトアンド
ナイトリー
ナイナー
ナイル
ナイン
ナオミ
ナカセン
ナカノ
ナカミ
ナカヤマ
ナガイカ
ナガサキ
ナガレボシ
ナグルスキー
ナゲット
ナゴミ
ナシオ
ナシプール
ナシャマー
ナシュア
ナシュワン
ナシュヴィル
ナショナル
ナス
ナスクラ
ナスティアンド
ナスノ
ナスラ
ナスラム
ナスリーン
ナスルーラ
ナスル
ナスルエル
ナズワ
ナターシャ
ナタシュカ
ナタリー
ナタルマ
ナチュラリズム
ナチュラル
ナッショリーナ
ナッシング
ナッシングス
ナッシングライク
ナッツ
ナット
ナツコ
ナツメグ
ナディア
ナデシコ
ナトー
ナトリウス
ナナクサ
ナナハン
ナナヨー
ナナヴァティ
ナネット
ナポリ
ナマハゲ
ナマラ
ナムラ
ナヨタケ
ナラシノ
ナリアガール
ナリタ
ナリディア
ナルガ
ナルタキ
ナルビー
ナレー
ナレーズ
ナンカイ
ナンカロウ
ナンシー
ナンシーズ
ナンジェラ
ナンタ
ナンタラー
ナンティシャス
ナンディ
ナンバー
ナンバード
ナンバーワン
ナンバイチバン
ナンポウ
ナヴァホ
ナヴァル
ナヴァロン
ナヴィラ
ナヴォノド
ナヴサップ
ニー
ニース
ニート
ニードル
ニードルズ
ニーヴァス
ニアー
ニアークティック
ニアルーラ
ニイアンド
ニクサー
ニコル
ニコルス
ニサ
ニシオ
ニシキ
ニシキノ
ニシノ
ニシャプール
ニジノ
ニジャナ
ニジンスキー
ニスカンプ
ニセイ
ニゾン
ニチドウ
ニッキー
ニックル
ニッコー
ニッショウ
ニット
ニットウ
ニップ
ニッポー
ニトロ
ニニスキ
ニフティ
ニフティアンド
ニフティニース
ニホン
ニホンピロ
ニャンガル
ニュー
ニュース
ニュースター
ニュクレア
ニレーヌ
ニレ
ニンジャ
ニンバス
ニンフ
ニンブル
ヌーク
ヌーラ
ヌアー
ヌアーズ
ヌエボ
ヌソル
ヌリャーナ
ヌレイエフ
ヌワド
ネーハイ
ネーム
ネアシャム
ネアルーラ
ネアル
ネアルコ
ネアン
ネイチャー
ネイチャ
ネイティヴ
ネイティヴォ
ネイビー
ネイヴィ
ネオ
ネオクラシー
ネオン
ネギン
ネクスト
ネグロ
ネザートン
ネザ
ネシアン
ネス
ネッカー
ネック
ネックレス
ネット
ネバー
ネフュー
ネプテューヌス
ネプテューン
ネメシス
ネラ
ネリー
ネリアード
ネリエ
ネル
ネルズ
ネルソン
ネロリ
ネロンガ
ネント
ネヴァー
ネヴィエスタ
ノー
ノーウェア
ノーク
ノーサード
ノーザリー
ノーザン
ノーション
ノーションズ
ノース
ノースウッド
ノースオブ
ノーズ
ノーセール
ノーティカル
ノート
ノートレス
ノーノー
ノーパス
ノーブル
ノーブルアンド
ノーブレス
ノーベル
ノーベンバー
ノーホーム
ノーホームス
ノーミア
ノーモア
ノーヴィス
ノアモント
ノイチ
ノイド
ノウズ
ノウン
ノエシス
ノエル
ノスタルジア
ノスタルヒアス
ノストラ
ノックス
ノット
ノットリング
ノト
ノノアルコ
ノビー
ノボリ
ノボリジロ
ノボル
ノミー
ノミカル
ノラ
ノラリーン
ノリーンズ
ノリス
ノリッジ
ノルディスト
ノルド
ノルマニア
ノワール
ノンストップ
ノヴァ
ノヴィシェート
ハー
ハーゲン
ハーツ
ハーティド
ハーテッド
ハーディ
ハーデン
ハート
ハートオブ
ハートフル
ハード
ハーバー
ハービー
ハーフア
ハーブ
ハーブス
ハーマン
ハーミット
ハーモニー
ハーレー
ハーレム
ハーン
ハーヴェスト
ハイ
ハイエスト
ハイジ
ハイセイコー
ハイツ
ハイディング
ハイトオブ
ハイトランド
ハイド
ハイドロ
ハイナ
ハイネス
ハイパー
ハイビスカス
ハイブ
ハイペリオン
ハイペリカム
ハイユウ
ハイライズ
ハイランド
ハイリーパー
ハウ
ハウス
ハウズ
ハウヤ
ハガノ
ハギ
ハギノ
ハクウン
ハクスイ
ハクバ
ハクリュウ
ハクリョウ
ハゴロモ
ハザマ
ハシ
ハシイワ
ハシコ
ハシノ
ハスキー
ハスパー
ハズア
ハズブロークン
ハタ
ハタカゼ
ハタス
ハタノ
ハタブ
ハチェット
ハッシュ
ハッシュビー
ハッスル
ハット
ハットゥーフ
ハッピー
ハッピーゴー
ハツユキ
ハトンズ
ハド
ハドトゥ
ハナ
ハナコ
ハナノ
ハニー
ハニーサックル
ハニーズ
ハニームーン
ハニイ
ハニウェイ
ハニナ
ハバット
ハビタット
ハビッティー
ハビット
ハビトニー
ハピネス
ハマ
ハマイサミ
ハマナ
ハマナス
ハマノ
ハミング
ハム
ハヤ
ハヤシ
ハヤタケ
ハヤテ
ハヤテエース
ハヤト
ハヤノボリ
ハヤヒデ
ハヤヒメ
ハヤブサ
ハラエヤー
ハラハル
ハラパン
ハラン
ハリー
ハリアット
ハリナ
ハリマ
ハルーダ
ハル
ハルカゼ
ハルコ
ハルダー
ハロー
ハロウェー
ハワイ
ハワイアン
ハン
ハンザ
ハンズ
ハンセル
ハンター
ハンティング
ハント
ハンド
ハンバン
ハンプティ
バー
バーカー
バーカーヴィル
バーガー
バーク
バーグ
バージ
バージニア
バージャ
バージョン
バース
バースト
バーズ
バーツ
バーディ
バーディクト
バート
バード
バーナー
バーニー
バーバー
バーバラ
バーバリー
バービー
バービゾン
バーブス
バーブズ
バーベ
バーベキュー
バーベル
バーボン
バーミア
バーム
バーモント
バーリー
バール
バーレイン
バーロー
バーン
バーンズ
バーント
バイ
バイアモン
バイアリー
バイオレット
バイオロジー
バイザ
バイシュ
バイタリティ
バイタル
バイチョウ
バイト
バイナリー
バイヤー
バイユー
バイラック
バウアー
バウチャー
バウワー
バウンティ
バウンティアス
バウンディング
バウンド
バギー
バクシンオー
バグ
バグダッド
バグラチオン
バザード
バス
バスク
バスコ
バスター
バスティア
バスティノ
バステッド
バター
バターフライ
バタグリア
バタフライ
バタリアン
バッカール
バッカナム
バッカルー
バック
バックス
バッグ
バッシャー
バッシュ
バッシュフル
バッジオブ
バッテン
バッド
バッファロー
バッファント
バッフド
バッフルド
バティカ
バテュア
バテュカダ
バトラー
バトル
バドミントン
バニー
バニッシュ
バネット
バハミアン
ババ
ババルー
ババロア
バビー
バビロン
バブー
バブス
バブリング
バブル
バブルガム
バブルズ
バミアレス
バメシアン
バヤコア
バラージュ
バラーディア
バラード
バラ
バラカラ
バラクーナ
バラクラヴァ
バラコイス
バラディエ
バラワキ
バランス
バリー
バリ
バリシア
バリスティック
バリスランド
バリダー
バリダネル
バリダレス
バリナッシュ
バリヌルタ
バリモア
バリモス
バル
バルカニア
バルオン
バルサミク
バルチック
バルトニ
バルビゾン
バルボア
バルボネラ
バレー
バレーズ
バレシン
バレスコ
バレッサ
バレット
バレリーナ
バレンシア
バロサント
バロネス
バン
バンカ
バンキット
バンク
バンクオブ
バンクシャス
バンクブック
バンクリン
バングルド
バンケット
バンザイ
バンシー
バンシュー
バンジャ
バンダリラ
バンティア
バンティズ
バンデロール
バンド
バンドルズ
バンナー
バンナ
バンバー
バンバレラ
バンビー
バンビ
バンファイア
バンブー
バンブトン
バンベリ
バンボーラ
パー
パーキング
パーク
パーシア
パーシカ
パーシャミン
パーシャン
パーシヴ
パースーツ
パースーツオブ
パースエーシヴ
パーソスタン
パーソナリティ
パーソナル
パーソロン
パーダオ
パーダリス
パーダル
パーチ
パーチェス
パーティズ
パーティング
パート
パートナー
パードン
パーフェクション
パーフェクタ
パーフェクト
パープル
パーマー
パーム
パーメリア
パーラー
パーラ
パーラメント
パーリー
パール
パーロ
パーロミア
パーヴァース
パイ
パイキング
パイソン
パイト
パイナップル
パイファイ
パイプ
パイプス
パイロット
パイン
パウズ
パウダー
パウト
パガサイ
パクーン
パグナシティ
パゴパゴ
パサー
パサドブル
パサライン
パシオン
パシフィカス
パシフィック
パシフリン
パシャ
パシュミナ
パショナリア
パショネス
パス
パスザ
パステル
パスト
パストレール
パズル
パセアラケス
パター
パターン
パック
パッサー
パッション
パッシング
パッチ
パッチャー
パッツ
パット
パツィーズ
パテリン
パテントリー
パデーシャ
パディ
パトー
パト
パトス
パトラクシェ
パトリア
パトリオット
パトリシア
パトリシアズ
パトリス
パドスール
パドノム
パドルズ
パナ
パニッシュ
パネトナ
パヒューム
パピー
パピラ
パファ
パフォーマー
パフォーマンス
パプーズ
パメラ
パラ
パラス
パラセイル
パラゾ
パラダイス
パラディシア
パラボラ
パラミナ
パラモア
パラリヴァ
パリ
パリシアン
パリス
パル
パルオン
パルサー
パルサカ
パルシー
パルスター
パルテノ
パルナシャン
パルフェ
パレード
パレオ
パレス
パレスタイン
パレスチニアン
パレスティニアン
パレスティン
パロクサイド
パロサント
パロット
パワー
パワーリング
パワフル
パン
パンガニ
パンクチラス
パンサー
パンジー
パンジ
パンジェ
パンタッフル
パンテーラ
パンテオン
パントル
パンドラ
パンパード
パンパ
パンパス
パンフィリー
パンフリュー
パンプロナ
パヴォニア
ヒース
ヒード
ヒエラルキー
ヒカリ
ヒカル
ヒガシ
ヒガタ
ヒサエ
ヒザールック
ヒシ
ヒショウ
ヒスイ
ヒステリア
ヒストリー
ヒズ
ヒゼン
ヒダ
ヒダカ
ヒッター
ヒッティング
ヒット
ヒデ
ヒデノ
ヒドゥン
ヒドン
ヒナギク
ヒノクニ
ヒバナ
ヒバリ
ヒマラヤ
ヒミコ
ヒムロ
ヒメ
ヒヤク
ヒュー
ヒューネライ
ヒューマ
ヒューラ
ヒュール
ヒュールパス
ヒュドラ
ヒュネア
ヒラリー
ヒラルダ
ヒリュウ
ヒル
ヒルガオ
ヒルズ
ヒルズオブ
ヒルダ
ヒルデン
ヒロ
ヒロイン
ヒロスエ
ヒンター
ヒンド
ヒンドゥー
ヒンドスタン
ビー
ビーア
ビーアンド
ビーイング
ビーグッド
ビージュ
ビーズ
ビーズシスター
ビーダ
ビーチ
ビート
ビード
ビーナス
ビーナリー
ビーバップ
ビービー
ビービービー
ビーマイ
ビーミス
ビーム
ビーモル
ビーンズ
ビーヴァー
ビィジョン
ビウェアオブザ
ビオ
ビオス
ビオベル
ビオロント
ビカバリ
ビキニ
ビギン
ビクトリー
ビクトリア
ビクトリス
ビゴーン
ビサイズ
ビシャモン
ビショップ
ビジネス
ビジューダンド
ビジョン
ビジン
ビスケー
ビスマルク
ビゼン
ビダー
ビダーズ
ビック
ビッグ
ビット
ビットリオ
ビッド
ビトウィーン
ビナスカ
ビニイ
ビバーチェ
ビバール
ビバ
ビバリーヒルズ
ビバレジナ
ビビッド
ビビマー
ビファ
ビヘイヴィング
ビベ
ビホッパー
ビボップ
ビミューズ
ビム
ビムレッチ
ビムレット
ビュー
ビューチー
ビューティ
ビューティフル
ビューナノッテ
ビューパー
ビューパーズ
ビュイソン
ビュウチー
ビュリー
ビヨンド
ビラ
ビリーヴ
ビリック
ビル
ビルアンド
ビルジット
ビルボード
ビルム
ビレッジ
ビワ
ビン
ビンゴ
ビンテージ
ピーキー
ピーク
ピークスアンド
ピーケー
ピーシズオブ
ピース
ピースイン
ピースオブ
ピースフル
ピーズガール
ピーター
ピーターオン
ピーターズ
ピーチ
ピート
ピートスル
ピーポー
ピール
ピーロ
ピア
ピアサー
ピアス
ピアズ
ピアット
ピアノ
ピエール
ピクチャー
ピクトリアル
ピサノ
ピシキ
ピジェット
ピジョン
ピストレ
ピター
ピッカリリ
ピックオン
ピックル
ピッコロ
ピット
ピニー
ピネット
ピペット
ピューディカル
ピューリタ
ピューリタニカル
ピュア
ピュロー
ピラーヤ
ピルエット
ピルグリム
ピルサド
ピレット
ピローグ
ピン
ピンキー
ピンク
ピンナップ
フーズトゥ
フーセン
フード
フープラ
フーラ
フーリー
フーリッシュ
フール
フールズ
フールミー
ファー
ファーアウト
ファーイースト
ファーガー
ファーガーズ
ファーザー
ファーザーズ
ファースト
ファーズ
ファーディナンド
ファード
ファーネス
ファービュラ
ファーマ
ファーマメント
ファーム
ファーリー
ファーリング
ファール
ファールド
ファーレン
ファーロス
ファ
ファイア
ファイター
ファイタ
ファイティング
ファイト
ファイトオブザ
ファイナリー
ファイナル
ファイバー
ファイブ
ファイル
ファイン
ファインダー
ファエトン
ファエンツァ
ファクツ
ファクト
ファクリー
ファシネイター
ファシル
ファジー
ファスト
ファチュエイション
ファッシネーション
ファッショラ
ファッション
ファット
ファティマ
ファディシー
ファデッタ
ファナティコ
ファニングザ
ファバー
ファバージ
ファビュラス
ファビュリシマ
ファビュルー
ファビラス
ファピアノ
ファフネル
ファミリー
ファムール
ファム
ファラー
ファラーラ
ファラ
ファラウェイ
ファラオズ
ファラフェル
ファラモンド
ファランドル
ファリス
ファリヴァ
ファルコン
ファルセット
ファレサ
ファロー
ファロン
ファン
ファンキー
ファング
ファンシー
ファンシフリー
ファンシフル
ファンシミン
ファンタジー
ファンタジック
ファンタン
ファンダンゴ
ファンテ
ファンテスカ
ファンデーション
ファントム
ファンドリ
ファンフル
ファンブル
フィー
フィーナー
フィーニクス
フィーバー
フィーモス
フィーユ
フィーリング
フィールザ
フィールズ
フィールディ
フィールド
フィアー
フィアリー
フィクティシャス
フィゴネロ
フィジー
フィジ
フィジェット
フィズ
フィダルゴ
フィッシュ
フィッティド
フィット
フィットトゥ
フィットネス
フィディオン
フィディラ
フィトル
フィドリング
フィドル
フィニッシュ
フィネール
フィネガン
フィネス
フィネストラ
フィラ
フィラデルフィア
フィリ
フィリア
フィリップオブ
フィリバート
フィリピーナ
フィリュース
フィル
フィルギア
フィルド
フィルモン
フィレー
フィレット
フィンランディア
フウシュン
フウジン
フウレイ
フェート
フェートニア
フェード
フェーブル
フェーム
フェアー
フェア
フェアウェイ
フェアオブザ
フェアリー
フェイシズ
フェイシット
フェイス
フェイスザ
フェイスト
フェイスフル
フェイズ
フェイディング
フェイバー
フェイバリット
フェイブル
フェイマス
フェイム
フェイラ
フェイント
フェイヴァリット
フェイヴァント
フェザー
フェザーズ
フェザント
フェニックス
フェミーナ
フェラ
フェリア
フェリオール
フェルディナンド
フェルモイ
フェロー
フェンス
フォー
フォーエヴァー
フォーザ
フォーシア
フォーシイ
フォージュ
フォース
フォーチュン
フォーチュンオブ
フォーティ
フォート
フォートレス
フォード
フォーフラッシャー
フォーブス
フォーマ
フォーマル
フォーミダブル
フォーミュレート
フォーモア
フォーリン
フォール
フォールズ
フォールド
フォーワード
フォーン
フォアー
フォギー
フォゲッタブル
フォザリンゲイ
フォジー
フォックス
フォッグ
フォティテン
フォニック
フォプリング
フォモサ
フォリー
フォリーズ
フォリア
フォルカー
フォルテ
フォルティノ
フォルテッシモ
フォルトレス
フォルミ
フォルム
フォルリ
フォレスト
フォレット
フォロー
フォローイング
フォワード
フォン
フォンテーヌ
フク
フクキタル
フクコー
フサイチ
フジ
フジコウ
フジタカ
フジノ
フジノタカ
フジノヤマ
フジヤマ
フゼッタ
フヂ
フック
フッサール
フット
フットプリンツ
フッド
フッフール
フトウ
フブキ
フミノ
フューチャー
フューチャ
フュームド
フューレル
フュリー
フラー
フラート
フライ
フライト
フライネラ
フライバイ
フライヤー
フライング
フラウ
フラガナン
フラグポール
フラグメント
フラジェッタ
フラッグ
フラッシー
フラッシュ
フラッシュオブ
フラッシング
フラッター
フラッタリー
フラッテリー
フラット
フラットフリート
フラマ
フラミンゴ
フラム
フラワー
フラワーズ
フラワリング
フランオン
フランクリー
フランシーズ
フランシス
フランス
フランソワーズ
フランダース
フランダーズ
フランチェスカ
フリー
フリーウェイ
フリーオン
フリージング
フリース
フリーズザ
フリーティング
フリート
フリートゥ
フリスキー
フリソデ
フリッカー
フリッター
フリッチー
フリット
フリッパーズ
フリッパンシー
フリル
フリング
フリングス
フリンサム
フルーツ
フルート
フル
フルキー
フルマー
フレーク
フレーミング
フレーム
フレームオブ
フレールドゥ
フレ
フレアリング
フレイア
フレイズ
フレイム
フレスネス
フレックストン
フレッシュ
フレッシュアズ
フレネティック
フレンチ
フレンディ
フレンド
フレンドリー
フロー
フローズン
フロート
フロード
フローネ
フローラ
フローラル
フローリック
フローリン
フロール
フローレスリー
フローレンス
フローロウ
フローント
フロ
フロア
フロス
フロスティ
フロスティザ
フロスト
フロッシー
フロムザブルー
フロラドラ
フロリダ
フロリバンダ
フロリペデス
フロロー
フロンティア
フロント
フロントニアン
ブーケ
ブージー
ブース
ブータイ
ブーダ
ブート
ブートレス
ブーミーズガール
ブール
ブーン
ブイッキー
ブイミー
ブイラベイッセ
ブサンダ
ブゼン
ブック
ブックオブ
ブッシェルン
ブッシャー
ブッフラーブ
ブスカイヤ
ブラー
ブラ
ブライアン
ブライアンズ
ブライキレット
ブライダル
ブライティ
ブライト
ブライトン
ブライド
ブライドル
ブラインド
ブラウロット
ブラウン
ブラウンメイド
ブラザー
ブラスト
ブラック
ブラックアイド
ブラッケニー
ブラッサム
ブラッシュ
ブラッシング
ブラッディ
ブラット
ブラッド
ブラッフィング
ブラフ
ブラブラブラ
ブラボー
ブラン
ブランキ
ブランシェ
ブランシモン
ブランシュ
ブラントーム
ブランド
ブランドン
ブラヴォー
ブリージー
ブリーズ
ブリーフ
ブリアティック
ブリアランス
ブリガディア
ブリケット
ブリザード
ブリジット
ブリスデメール
ブリタニア
ブリック
ブリッジ
ブリティ
ブリティッシュ
ブリュッセル
ブリュニア
ブリリアント
ブリリアントリー
ブリンガー
ブリンキング
ブリンク
ブリング
ブリングトゥ
ブルー
ブルーアイド
ブルーアズア
ブルージーン
ブルージェイ
ブルース
ブルーズ
ブルーバード
ブルーベル
ブルーミング
ブルーム
ブルールー
ブル
ブルインヘザー
ブルガリア
ブルック
ブルティナ
ブルテッサ
ブルトン
ブルブラッド
ブルボン
ブルマ
ブルヤー
ブルリー
ブレージング
ブレーズン
ブレード
ブレードオブ
ブレーブ
ブレーヴ
ブレイク
ブレイクニー
ブレイスナ
ブレイズ
ブレイズン
ブレイドール
ブレイド
ブレイブ
ブレイブリー
ブレイン
ブレイヴニュー
ブレス
ブレスト
ブレスド
ブレソモーン
ブレックファスト
ブレッシング
ブレッド
ブレニム
ブレハット
ブレンド
ブレヴェスト
ブロー
ブローク
ブロークン
ブロード
ブロードウェー
ブロケード
ブロケイド
ブロス
ブロック
ブロッサム
ブロメリア
ブロンコ
ブロンズ
ブロンド
ブロンドインナ
プール
プッシー
プッシュ
プティット
プラーザ
プラース
プライウッド
プライス
プライスレス
プライズ
プライド
プライマリー
プライマリン
プライマル
プライム
プライムタイム
プライヴェート
プラウ
プラウド
プラクティカント
プラクティス
プラグド
プラザ
プラス
プラタ
プラチナ
プラチナム
プラッキー
プラッシー
プラッター
プラットル
プラネタリア
プラネット
プラネットイド
プラム
プラン
プランク
プランタン
プラント
プリーズ
プリアモス
プリオロ
プリシプティック
プリズム
プリセリオ
プリック
プリックス
プリティー
プリティ
プリテンス
プリテンダー
プリディ
プリマ
プリマドンナ
プリミエール
プリムローズ
プリメ
プリメイト
プリメラ
プリメロ
プリモ
プリン
プリンシピア
プリンス
プリンスオブ
プリンスリー
プリンセス
プリンティング
プルーデント
プルーフ
プルーヴ
プルーヴィアル
プル
プルラリズム
プレーセス
プレート
プレーン
プレイ
プレイガール
プレイス
プレイスド
プレイフォー
プレイボーイ
プレイヤー
プレザント
プレシデント
プレシャス
プレシューズ
プレジャー
プレジャーズ
プレス
プレスティッシモ
プレセリオ
プレゼント
プレティ
プレテエ
プレディタ
プレミアム
プレミエール
プレモニション
プレリー
プレリュード
プレンシア
プレンティオブ
プローデスト
プロ
プログレス
プロシダ
プロス
プロスコナ
プロストロス
プロスペクター
プロスペクターズ
プロスペクト
プロスペリナ
プロソディー
プロダナ
プロッター
プロテージ
プロテクター
プロディース
プロディジャス
プロデューサー
プロトン
プロパー
プロフィール
プロフィット
プロフェシー
プロブレム
プロミシング
プロミス
プロミスト
プロミナー
プロローグ
プロング
プロンティシマ
プロント
プロヴィデンス
ヘーゼル
ヘア
ヘイ
ヘイアン
ヘイグッド
ヘイザン
ヘイスティ
ヘイズ
ヘイディ
ヘイブン
ヘイリアラ
ヘイル
ヘイルトゥ
ヘイロー
ヘクター
ヘザー
ヘセルセット
ヘッド
ヘブン
ヘブンリー
ヘラクレス
ヘラト
ヘリ
ヘリオス
ヘリオポリス
ヘリテージ
ヘル
ヘルプフル
ヘルメス
ヘレニズム
ヘレニック
ヘレン
ヘロン
ヘン
ヘンプ
ヘンペン
ヘンペンズ
ヘンリー
ヘンリーザ
ヘンリーズ
ヘヴンリー
ベーコネージェ
ベーシィド
ベーシズ
ベージ
ベージュ
ベーダー
ベーリング
ベール
ベアーテ
ベアール
ベアコナイル
ベアハート
ベアラー
ベアリー
ベイ
ベイクト
ベイグリー
ベイシン
ベイツ
ベイビー
ベイブ
ベイル
ベイルオブ
ベウ
ベエンチャ
ベガ
ベゴニア
ベゴニヤ
ベジタブル
ベス
ベスティ
ベスト
ベストイン
ベゾラ
ベター
ベック
ベット
ベッド
ベッピン
ベツィ
ベティ
ベティズ
ベニー
ベニ
ベニバナ
ベネズエラ
ベネット
ベビー
ベボッパー
ベボップ
ベラーニ
ベラ
ベラドラ
ベラドンナ
ベリー
ベリーズ
ベリアーニ
ベリエール
ベリファ
ベリル
ベリンダ
ベル
ベルオブ
ベルオブザ
ベルガー
ベルガ
ベルシャント
ベルクー
ベルグ
ベルゲレッテ
ベルサザー
ベルスール
ベルズ
ベルセルガ
ベルティン
ベルデイル
ベルド
ベルドレ
ベルナドット
ベルバラ
ベルピアノ
ベルフレ
ベルベット
ベルマン
ベルメス
ベルモント
ベルモンド
ベレス
ベロネア
ベン
ベンガジ
ベンケイ
ベンズ
ベンダー
ベンチ
ベンチア
ベンチャー
ベンチャ
ベンテン
ベンド
ベンドアン
ベンプトン
ページ
ページェント
ペーパー
ペーパーチェイス
ペール
ペーヴァ
ペア
ペイオフ
ペイザ
ペイシェンス
ペイシェント
ペイシス
ペイシャ
ペイシャント
ペイション
ペイン
ペインティド
ペイヴィング
ペガサス
ペキッツ
ペギー
ペギーズ
ペグ
ペコス
ペタリア
ペタル
ペック
ペット
ペッパー
ペティ
ペティショナー
ペティション
ペティット
ペティティオ
ペティンゴ
ペトリウス
ペトルーシュカ
ペトローシュカ
ペトローヌ
ペトロリュース
ペナンブラ
ペニー
ペニ
ペニテンス
ペブルス
ペラトリース
ペリ
ペリオッド
ペリミーター
ペルー
ペルーズ
ペル
ペルケル
ペルシアン
ペルジン
ペルセポリス
ペルソナ
ペルティング
ペルメル
ペルリタ
ペルル
ペレーザ
ペロキサイド
ペロネリー
ペン
ペンシー
ペンシック
ペンス
ペンタイア
ペンダント
ホー
ホーキュリー
ホーク
ホーザン
ホース
ホースメン
ホーズ
ホーセイ
ホーティン
ホーネット
ホーブ
ホープ
ホープイズ
ホープスプリングス
ホープフォー
ホープフル
ホーミッジ
ホーミング
ホーム
ホームキンザ
ホームバイ
ホームメード
ホームワード
ホーメリック
ホーリー
ホーリックス
ホール
ホールド
ホールドオブ
ホールドミー
ホールドユア
ホーン
ホイストザ
ホイスリング
ホイッスラー
ホイッスラ
ホイッスル
ホウゲツ
ホウシュウ
ホウジュン
ホウセキ
ホウトー
ホウトク
ホウユウ
ホウヨウ
ホウラン
ホクエイ
ホクセー
ホクト
ホクトウ
ホクトオー
ホシ
ホステージ
ホステス
ホスト
ホスピタリティ
ホダア
ホッカイ
ホット
ホップ
ホマレ
ホライズン
ホラティウス
ホリ
ホロー
ホワイト
ホワイトウェー
ホワイミー
ホンコン
ボー
ボーイ
ボーション
ボースティング
ボーダー
ボーダ
ボート
ボード
ボードヴィル
ボーナ
ボーヌ
ボール
ボールド
ボールドアンド
ボールドバット
ボーン
ボーンア
ボアイヤー
ボイス
ボイズィー
ボイセアナ
ボウ
ボウモント
ボウル
ボウルオブ
ボサツ
ボジョー
ボスト
ボストニアン
ボストン
ボソト
ボタニー
ボタモチ
ボタン
ボッカ
ボックス
ボッチセリ
ボッティチェリ
ボディ
ボトム
ボトル
ボナ
ボナンザ
ボナヴィシタ
ボニー
ボニーズ
ボニータ
ボブ
ボブズ
ボム
ボラスラス
ボルガ
ボルジア
ボルテージ
ボルト
ボルド
ボレー
ボレアリス
ボレッサ
ボレロ
ボロー
ボロディン
ボワルセル
ボンジュール
ボンダー
ボンド
ボンネット
ボンヒュール
ボンモー
ポーカー
ポーキー
ポーサー
ポーサヴェン
ポーシア
ポーション
ポース
ポーズ
ポーター
ポーチル
ポート
ポーニーズ
ポーラー
ポーラ
ポーリヤ
ポール
ポールトゥ
ポーロ
ポーロニア
ポイズ
ポインテッド
ポイント
ポイントオブ
ポカホンタス
ポキート
ポケット
ポコロロ
ポシェット
ポシビリティ
ポジオ
ポジション
ポジティヴ
ポスチーヌ
ポスチャー
ポスト
ポゼッシヴ
ポッシュ
ポッセ
ポッターズ
ポット
ポップ
ポテト
ポピー
ポピュラー
ポプリ
ポポ
ポライ
ポライト
ポライトリー
ポラナ
ポラミア
ポリー
ポリシー
ポリック
ポリッシュ
ポリティカル
ポリネシアン
ポリノ
ポリポンダー
ポルタージュ
ポルト
ポレア
ポレンカ
ポロニア
ポロンドラ
ポンダー
ポントゥーン
ポンド
ポンバル
ポンピリア
マー
マーウェル
マーガレッツ
マーガレット
マーキュリー
マーキュリアル
マーキング
マーギー
マーク
マークズ
マークリ
マーグラ
マーケット
マーケル
マーゴット
マーサ
マーシー
マーシャス
マーシャル
マーシュ
マーシュア
マーシュアズ
マージュ
マージョリー
マージン
マースケイ
マーストンズ
マースフル
マーソー
マータ
マーチ
マーチング
マーディグラス
マートル
マーファ
マーブル
マープル
マーベラス
マーボー
マーマラ
マームード
マーメイズ
マーメイド
マール
マーレ
マーヴェラス
マアクツウ
マイ
マイア
マイアナ
マイウェイ
マイカグラ
マイク
マイコ
マイスピード
マイズル
マイダーリング
マイティ
マイディア
マイトアンド
マイナーズ
マイニング
マイネ
マイネル
マイハウス
マイハット
マイパール
マイファースト
マイヨール
マイライフ
マイラブ
マイリー
マイル
マイルズ
マイルド
マイワイルド
マイン
マインド
マウス
マウタ
マウンティン
マウンテン
マウント
マカディ
マカレナ
マカロヴァ
マガロ
マキシマム
マキシム
マキノ
マキャヴェリアン
マギー
マギキール
マクシムーヴァ
マグダ
マグナム
マグニテュード
マグネット
マグノリア
マグマ
マコー
マコト
マサ
マサイチ
マサカ
マサコ
マサノ
マサル
マザー
マザリン
マシーン
マシャラー
マシュアズ
マシュウ
マジェスタ
マジェスティ
マジェスティズ
マジェスティック
マジェステリアル
マジカル
マジック
マジデー
マジョリカ
マジョルカ
マスイチ
マスカット
マスク
マスクト
マスター
マスト
マスリ
マスワカ
マズル
マター
マターオブ
マタティナ
マタドア
マタハリ
マダム
マダラ
マダング
マチカネ
マック
マックイーン
マックス
マッケン
マッケンジー
マッケンロー
マッコイ
マッサリア
マッジクオブ
マッチーク
マッチータ
マッチ
マッチレス
マッド
マッドネス
マップ
マツ
マツァ
マツカゼ
マツトミ
マツナミ
マツノ
マツレン
マティニー
マテルダ
マディナ
マデュラ
マデリア
マデロン
マトリアーチ
マトリス
マトリックス
マトロン
マドキャップ
マドモワゼル
マドリーヌ
マドリッド
マドリレーヌ
マドンナ
マナー
マナーズ
マナスル
マニア
マニフェスト
マネーフォー
マハール
マハリ
マハル
マフィティス
マフィン
マフェット
マブ
マブロワ
マプティット
マプワナ
マホ
ママ
マミー
マミーズ
マムーニア
マム
マムタズ
マヤノ
マラ
マラガ
マラケート
マラパート
マラボー
マランダ
マランボ
マリー
マリータ
マリーノ
マリーン
マリ
マリア
マリアチェ
マリアドロ
マリアンナ
マリオ
マリオン
マリキータ
マリケ
マリシャス
マリッジ
マリッツァ
マリナー
マリノ
マリボー
マリポーサ
マリモ
マリヤ
マリラ
マリリン
マリン
マリンディ
マリンブラ
マル
マルイチ
マルガリーテン
マルグリット
マルコ
マルサ
マルサンチヨクイン
マルス
マルセーズ
マルセーユ
マルセイユ
マルゼン
マルタ
マルタカ
マルチ
マルティニ
マルテル
マルド
マルノ
マルハ
マルブツ
マルマツ
マルミチ
マルヨシ
マレステレラ
マローディング
マロット
マロン
マン
マンオブ
マンゲツ
マンシェ
マンジュザン
マンジュシャゲ
マンスズロング
マンゾッティ
マンデラ
マント
マントル
マンナ
マンネリスト
マンノー
マンノ
マンノウォー
マンハッタン
マンボ
ミー
ミーチャッド
ミーティング
ミート
ミートミー
ミーラ
ミーン
ミア
ミアンダー
ミエスク
ミエル
ミオ
ミカヅキ
ミクロ
ミグ
ミグノン
ミケランジェロ
ミゴリ
ミゴレット
ミサオ
ミサキ
ミシアーフ
ミシシッピ
ミシル
ミシン
ミジェット
ミス
ミスキュー
ミスズ
ミスター
ミスタファ
ミスタリ
ミスチーフ
ミスティ
ミスティカル
ミスティコ
ミスティス
ミステリー
ミステリーズ
ミステリアス
ミスト
ミストラル
ミストリー
ミストレス
ミスニュー
ミスビヘイヴ
ミスロロ
ミスワカ
ミスワキ
ミズーリ
ミズ
ミセス
ミゼル
ミゼン
ミソグラファー
ミタケ
ミチ
ミチモア
ミックス
ミックスト
ミッシー
ミッショナリー
ミッション
ミッテル
ミッド
ミッドサマー
ミッドナイト
ミツビシ
ミディネット
ミトレール
ミドウ
ミドリ
ミドル
ミナガワ
ミナミミナ
ミノ
ミナレット
ミニー
ミニ
ミニカム
ミニスター
ミニマム
ミネ
ミネソタ
ミネトンカ
ミネノ
ミネラロジー
ミネルバ
ミノブ
ミノル
ミノン
ミハル
ミバ
ミホ
ミホノ
ミミ
ミムズ
ミムベット
ミヤ
ミヤコ
ミヤサン
ミヤシロ
ミヤジ
ミヤノ
ミヤビ
ミヤマ
ミュージカ
ミュージカル
ミュージック
ミューゼ
ミューティド
ミュゲ
ミュッセ
ミユキ
ミョウ
ミョウガミネ
ミョウコウ
ミョウジン
ミヨ
ミラー
ミラージュ
ミラ
ミラクル
ミラジョンヌ
ミラフェム
ミラルゴ
ミラン
ミランディ
ミランブルー
ミリー
ミリ
ミリオネア
ミリオン
ミリタリー
ミリタント
ミル
ミルズ
ミルティ
ミルド
ミルマサ
ミロ
ミロンガ
ミワ
ミンクス
ミンシキ
ミンス
ミンスキー
ミンスタ
ミンストレス
ミンストレル
ミンティカ
ミンテシー
ミント
ムーグ
ムース
ムーティエ
ムード
ムーニー
ムービー
ムーラン
ムーリン
ムール
ムーン
ムーンストーン
ムーンパーク
ムーンライト
ムーヴ
ムーヴメント
ムエカ
ムサカ
ムサシ
ムシドラ
ムスメ
ムツミ
ムテキ
ムトト
ムラサキ
ムラマサ
ムラヤマ
ムルヌ
ムルル
ムワンザ
メーカー
メージ
メープル
メーラビ
メール
メアジー
メアリー
メイ
メイウォン
メイキング
メイク
メイクミー
メイショウ
メイジ
メイス
メイセイ
メイセツ
メイヂ
メイテツ
メイデン
メイト
メイトウ
メイド
メイドイン
メイドウ
メイドオブ
メイプル
メイヨー
メイル
メイワ
メイン
メガトン
メガミ
メガロ
メキシカン
メグロ
メジャー
メジロ
メソポタミア
メゾ
メゾン
メタモルフォーゼ
メダーユ
メダリー
メダリオン
メッサーラ
メッシーナ
メッセージ
メテオ
メディーヴァル
メディ
メディナ
メデューサ
メドウ
メドレー
メニー
メニナ
メネトリア
メノウ
メノリエス
メモリー
メモリーズ
メモリーズオブ
メラニー
メラルダ
メリー
メリーアンド
メリーダ
メリーノ
メリア
メリオン
メリス
メリディアン
メル
メルカル
メルキール
メルクリウス
メルシー
メルセデス
メルド
メルヴェイユ
メロー
メロウ
メロディ
メロディア
メロディアン
メロディック
メロドラマ
メロドラマティック
メロン
メンデス
メンバー
モーガイス
モーガン
モーション
モースト
モーテル
モードリン
モーニング
モービル
モーメント
モーメントトゥ
モーリー
モーリストン
モーリン
モール
モールコーム
モーン
モーヴィ
モアー
モア
モイエティ
モイラ
モインズ
モウティ
モエク
モカシン
モカラ
モガミ
モガンボ
モキューズ
モス
モスコミュール
モスレム
モダン
モック
モップス
モデスト
モデナ
モデル
モナーキー
モナーキア
モナーク
モナーシー
モナ
モナコ
モニカ
モニク
モネード
モネ
モノ
モバリッズ
モフィーダ
モプシー
モヘア
モママムー
モミジ
モモ
モモコ
モモヒメ
モヨ
モラナ
モラリスト
モリ
モリガン
モリタ
モル
モルテ
モルト
モルヴェド
モレロ
モロシナ
モン
モンジュー
モンタ
モンタナナ
モンタヴァル
モンテ
モントール
モント
モントリオール
モンド
モンナ
モンパリ
モンパルナス
モンフレール
モンベツ
モンロー
ヤード
ヤアテイズ
ヤエノ
ヤクモ
ヤグラ
ヤサカ
ヤシマ
ヤシュマック
ヤスナ
ヤッホー
ヤマ
ヤマカ
ヤマカツ
ヤマカワ
ヤマキ
ヤマタケ
ヤマト
ヤマナカ
ヤマニ
ヤマニエン
ヤマニン
ヤマノ
ヤマフ
ヤマユリ
ヤミ
ヤヨイ
ヤング
ユー
ユーウェイト
ユーエス
ユーキー
ユーキ
ユーザー
ユーシテラス
ユーショー
ユース
ユーミーン
ユーリード
ユーリェンセ
ユーワ
ユアー
ユア
ユアアイ
ユアトゥーズ
ユアラブ
ユウガナ
ユウ
コウ
ユウヅル
ユウナギ
ユウヒ
ユウホウ
ユウミロク
ユウライコー
ユウワ
ユキ
ユキノ
ユキヒメ
ユキミ
ユキワリ
ユタカ
ユタカオー
ユトリロユナ
ユナイティ
ユニー
ユニオン
ユニット
ユニティ
ユニヴァーサル
ユミコ
ユメウラナイ
ユリ
ユリディース
ユリノ
ユルビネラ
ユヴィラ
ヨーキヒ
ヨーコ
ヨーヨー
ヨーロッパ
ヨコハマ
ヨシ
ヨシキ
ヨシシバ
ヨシノ
ヨシマツ
ヨド
ヨネ
ラー
ラーイ
ラーキング
ラーク
ラークスフライ
ラーケン
ラージプト
ラージュ
ラーチェ
ラーティル
ラーニング
ラーフィング
ラーフター
ラーン
ラーンバイ
ラ
ライ
ライアタス
ライアン
ライオネス
ライカン
ライク
ライクリー
ライグロン
ライジー
ライジン
ライジング
ライス
ライズ
ライセンツィキソー
ライター
ライダー
ライダン
ライツ
ライディン
ライディング
ライデン
ライト
ライトオブ
ライトニング
ライド
ライドザ
ライネ
ライネル
ライバ
ライバリュウ
ライフ
ライフアトザ
ライフロング
ライブ
ライブラ
ライブリ
ライマー
ライラ
ライラック
ライン
ラインインザ
ラインオブ
ラインズ
ライヴァル
ライヴリー
ラウジー
ラウス
ラウンド
ラウンドアップ
ラオームドント
ラカス
ラカハンガ
ラガー
ラガパ
ラクレット
ラグーザ
ラグ
ラグズ
ラグタイム
ラグビー
ラグラ
ラケット
ラココ
ラコニア
ラコヴィア
ラシアン
ラシフォード
ラシャール
ラシャマード
ラショウモン
ラジャ
ラジャナ
ラジョウモン
ラス
ラスカル
ラスタム
ラスティ
ラスティカ
ラスティコン
ラスティック
ラスト
ラストオブザ
ラスパー
ラセーヌ
ラダ
ラダン
ラッカー
ラッカス
ラッカディ
ラッキー
ラック
ラックス
ラッシー
ラッシュ
ラッセラー
ラッセル
ラッド
ラッフィナル
ラッフリー
ラッフン
ラップ
ラティ
ラティフィケイション
ラティン
ラデーム
ラディカル
ラディガ
ラトゥール
ラド
ラドン
ラドンナ
ラナー
ラナーク
ラナ
ラナウェイ
ラナリータ
ラナヴァ
ロラニオン
ラニザナ
ラバテラ
ラビー
ラビーナ
ラビィ
ラビット
ラビューラ
ラビリンス
ラビン
ラピュ
ラフ
ラファエル
ラフアンドビー
ラフィング
ラフィンゴラ
ラフイン
ラフェイル
ラフマニノフ
ラフメニアス
ラフレスネ
ラブ
ラブス
ラブユー
ラブリー
ラブリィ
ラブリエル
ラプス
ラベル
ラペール
ラポート
ラマ
ラムールフ
ラムーヴ
ラムセス
ラムタラ
ラムダ
ラムボトル
ラメルバ
ラモーヌ
ララ
ララミー
ラララ
ララン
ラリティ
ラルワ
ラン
ランガディーヌ
ランギソラ
ラングル
ランサー
ランサム
ランザ
ランジェリー
ランジョルール
ランズ
ランセル
ランタン
ランディ
ランディング
ランデブー
ランデヴー
ランド
ランナー
ランニング
ランバー
ランバティカ
ランパート
ランフォア
ランブル
ランプ
ランペルール
ランペル
ランボリー
ランマン
ラヴ
ラヴァンダン
ラヴァント
ラヴァンドー
ラヴァンド
ラヴィアン
ラヴェンダー
ラヴェンダーアンド
ラヴェンデュラ
ラヴオブ
ラヴフォー
ラヴミー
ラヴユー
ラヴリー
リー
リーガル
リーグ
リージ
リージェント
リージャン
リーズナブル
リーズニング
リーズン
リーズンウィズ
リーズントゥ
リーダー
リーチフォーザ
リーデング
リート
リード
リードン
リーバ
リーピング
リーフ
リーブミー
リープ
リーベ
リーラ
リール
リア
リアクション
リアナ
リアリー
リアリティ
リアル
リアルクラフティ
リアルスウィート
リアルタイム
リアルト
リアルム
リイフォー
リウテン
リエール
リオ
リオデラ
リオン
リカタ
リガード
リキ
リキアイ
リキャプチャード
リクエスト
リクリエーション
リグニー
リコール
リゴロ
リサ
リサニンガ
リザガント
リザルダ
リザンバ
リシストラータ
リジー
リジェクト
リジェント
リスカ
リスキー
リスク
リストレーション
リスニング
リスン
リズ
リズミカル
リズム
リズン
リセーロ
リセウム
リセス
リゼア
リゾルヴァー
リターン
リターントゥ
リタ
リチャード
リック
リックス
リッジ
リッジウッド
リッジザ
リッチ
リッチアンド
リットル
リップ
リップル
リッボン
リテラット
リディア
リデル
リトル
リトルワン
リド
リドヘイム
リドン
リナ
リナカ
リナクル
リナレス
リバー
リバシャ
リバティ
リビーザ
リビング
リピュテーション
リファーズ
リファード
リファール
リファレンス
リフィフィ
リフォーム
リフレクテッド
リフレッシュト
リブ
リブラ
リブロ
リプライ
リプライズ
リプルス
リプルズ
リプレイ
リプロ
リベルーラ
リベロ
リベンジ
リボー
リボティナ
リボネッタ
リボン
リマーク
リマ
リマンド
リミコラ
リムノス
リモーヤ
リューシュ
リュージョン
リュート
リュ
リュウ
リュウア
リュウオー
リュウコ
リュウショウ
リュウセイ
リュウダイ
リュック
リュティエ
リュディヴィン
リュドゥパーム
リュニオン
リュバーブ
リュパン
リュミエール
リョウゴク
リライアンス
リラクシング
リラクタント
リラティヴ
リランス
リリー
リリーオブザ
リリース
リリーフ
リリアン
リリィ
リリカ
リル
リルガール
リルミガン
リレーション
リレーションズ
リローンチ
リロイ
リワード
リンエイ
リンガロ
リング
リングオブ
リングズ
リンケージ
リンダ
リンド
リンドン
リンピア
リンボー
リンリン
リヴァー
リヴァーサイド
リヴァートン
リヴァーモア
リヴァール
リヴァ
リヴァイアサン
リヴァッツ
リヴィエール
リヴィング
リヴェイユ
リヴォークト
リヴリア
ルー
ルーア
ルーイ
ルーウェン
ルーカン
ルーク
ルークン
ルーシー
ルーシーズ
ルーシン
ルーシンダ
ルージュ
ルース
ルースレス
ルータ
ルーチ
ルーチェ
ルーチン
ルーツ
ルーテイズ
ルーテナント
ルート
ルーナ
ルーフ
ルーブザ
ルーブル
ループ
ルーム
ルーラー
ルーラ
ルール
ルーレット
ルーン
ル
ルアール
ルアライン
ルイーザズ
ルイーズ
ルイアナ
ルイジアナ
ルイス
ルカ
ルキーロ
ルクソール
ルサーヌ
ルシア
ルシアンヌ
ルション
ルスー
ルソー
ルチアーノ
ルチアナ
ルチェー
ルチェッライ
ルッカ
ルッキン
ルック
ルックス
ルディ
ルドルフ
ルナ
ルナオー
ルネンジョーン
ルパシャ
ルビー
ルボウ
ルミナント
ルラル
ルリタニア
ルンルン
ルヴァンステル
レーサー
レーザー
レーシング
レース
レーヌ
レール
レーン
レーンズ
レア
レアセ
レアリー
レアンドラ
レイ
レイガン
レイク
レイクヴィル
レイコ
レイザン
レイシー
レイシドン
レイス
レイズ
レイズア
レイズアン
レイズザ
レイター
レイチェル
レイト
レイナ
レイニー
レイニエ
レイバーン
レイホー
レイホウ
レイルウェイズ
レイン
レインボー
レインボーズ
レイヴン
レオ
レガート
レガシーオブ
レガト
レクイエブロ
レクラシオン
レコーダー
レコーディング
レコード
レシピ
レジェンド
レジェンドオブ
レジェンドラ
レジナ
レジャー
レス
レスター
レスターズ
レストレス
レスフィーナ
レスプ
レンデント
レスポンス
レスポンド
レスリーズア
レター
レターズ
レタス
レックス
レッグ
レッグズ
レッスン
レッタ
レッツ
レット
レットイット
レットウ
レッド
レッドジーン
レッドベルズ
レッドローズ
レティシオ
レデー
レディー
レディ
レディアン
レディオ
レディオブ
レディシュ
レディスラー
レディノウンアズ
レディビー
レナウン
レナタレニー
レネジッド
レビュー
レピン
レフト
レプトス
レプリマンド
レベッカ
レベル
レベルコ
レボリューション
レポート
レミグラント
レミニシング
レム
レモニッシュ
レモン
レリカリオ
レリクト
レリシャ
レリダ
レリック
レリッシュ
レリフォルディ
レルカ
レルコ
レングス
レンジ
レンジャー
レンディング
レントゲン
レンブラント
レヴィー
レヴォリューション
レヴモス
レヴュー
レヴューアー
ロー
ローイ
ローカスト
ロークビー
ローグ
ローザ
ローザネイ
ロージー
ロージ
ロージア
ロージス
ロージズ
ロージズフォーザ
ロージズフォア
ローズ
ローズィ
ローズオブ
ローズマリー
ローズマリーズ
ローゼ
ロータリー
ローダンセ
ローテ
ローディー
ロート
ロートレック
ロード
ロードオブザ
ロープ
ローマ
ローマン
ローミン
ローラ
ローラシア
ローランス
ローリー
ローリエ
ロール
ロールトゥスウィーツ
ローレライ
ローレル
ローン
ロイ
ロイクラフト
ロイコン
ロイスール
ロイター
ロイヤル
ロイヤルアンド
ロイヤルティ
ロウ
ロウゼン
ログ
ロケット
ロゲット
ロザネラ
ロシアン
ロシャス
ロシュ
ロジーナ
ロジター
ロジャー
ロス
ロスキア
ロスト
ロストヴァ
ロゼ
ロゼア
ロゼアンナ
ロゼッタ
ロゼリエール
ロダン
ロチェッタ
ロッキー
ロック
ロックス
ロックフェラ
ロックフェル
ロックン
ロックンロール
ロッジ
ロッセリーナ
ロッタ
ロッチ
ロッチェル
ロッド
ロディー
ロデヴロト
ロドリゴ
ロニイ
ロバリー
ロビン
ロフト
ロベリーノ
ロベリア
ロベルティーノ
ロベルト
ロベルトズ
ロマー
ロマネコンティ
ロマネラ
ロマン
ロマンス
ロマンティカ
ロマンティスト
ロムルス
ロメオ
ロモーラ
ロモンド
ロランジェリー
ロリ
ロルヌ
ロルフ
ロレーヌ
ロレンス
ロレンツァチオ
ロロ
ロワー
ロワール
ロワイヤル
ロング
ロンダ
ロンド
ロンドン
ロンドンデリー
ロンバード
ロンバルド
ロンパーズ
ロンリー
ロヴィータエイチ
ワーキング
ワーク
ワーククロック
ワーケーナ
ワース
ワーディス
ワーデン
ワート
ワード
ワードフロム
ワードン
ワーニング
ワーブラー
ワール
ワールド
ワールドオブ
ワ
ワイ
ワイズ
ワイド
ワイパー
ワイフ
ワイルド
ワイルドキャッター
ワイン
ワインアンド
ワインディング
ワウ
ワカ
ワカキ
ワカクモ
ワカタカ
ワカタケ
ワクォイット
ワグラム
ワゴン
ワシントン
ワジド
ワジマ
ワタースランド
ワッキー
ワック
ワッスル
ワット
ワットア
ワツオニア
ワニカ
ワヤ
ワラ
ワラバ
ワラビー
ワルシャワ
ワルツ
ワン
ワンインナ
ワンオブ
ワンクリア
ワンス
ワンスマート
ワンダー
ワンダ
ワンダフル
ワントン
ワンファイブ
ワンホーム
ヴァーシフィ
ヴァージニア
ヴァースース
ヴァース
ヴァーチャー
ヴァーチュ
ヴァーテックス
ヴァーテュアス
ヴァーディクト
ヴァード
ヴァーミリオン
ヴァーヴ
ヴァ
ヴァイオレッタ
ヴァイオレット
ヴァイス
ヴァイン
ヴァガボンド
ヴァケラー
ヴァザント
ヴァシュティ
ヴァテラー
ヴァニル
ヴァマリエ
ヴァラー
ヴァリ
ヴァリアント
ヴァリィ
ヴァリッド
ヴァリュー
ヴァル
ヴァルカニア
ヴァルゴ
ヴァルダ
ヴァルデス
ヴァルデスタ
ヴァルド
ヴァルドアー
ヴァレーズ
ヴァレッタ
ヴァレリー
ヴァレン
ヴァレンシアナ
ヴァレンタイン
ヴァレンティ
ヴァン
ヴァンダル
ヴァンテージ
ヴァンナ
ヴァンランディン
ヴィー
ヴィーナス
ヴィーヌ
ヴィーノー
ヴィア
ヴィアドラ
ヴィエイユ
ヴィエナ
ヴィオロンド
ヴィガーズ
ヴィキー
ヴィクスン
ヴィクトリー
ヴィクトリア
ヴィクトリアナ
ヴィクトリアン
ヴィクトリウス
ヴィクトリス
ヴィクトリン
ヴィクトレス
ヴィジビリティ
ヴィジョン
ヴィスタ
ヴィタリアナ
ヴィック
ヴィットリア
ヴィテージ
ヴィテッセ
ヴィテリオ
ヴィデオ
ヴィトリア
ヴィドー
ヴィミー
ヴィムレット
ヴィユ
ヴィラ
ヴィリヤー
ヴィル
ヴィルンガ
ヴィレッジ
ヴィレル
ヴィンテージ
ヴィヴ
ヴィヴィエン
ヴェール
ヴェアリア
ヴェイグリー
ヴェイル
ヴェイルキー
ヴェイン
ヴェザノ
ヴェスタル
ヴェスル
ヴェットーリ
ヴェティ
ヴェニス
ヴェネチアン
ヴェネッタ
ヴェノマス
ヴェルーラ
ヴェル
ヴェルシュカ
ヴェルソー
ヴェルディクト
ヴェルバティム
ヴェルメイユ
ヴェル
ヴェット
ヴェレー
ヴェレーヴァ
ヴェレッタ
ヴェロニカ
ヴェンチア
ヴェンチャー
ヴェンチャランザ
ヴェントデュ
ヴェンドーム
ヴォーチェ
ヴォール
ヴォスゲス
ヴォヤージ
ヴュー
ヴューマ
ヴューヴ
