若森牧場
ランドファーム
早来ファーム
ノーザンファーム
白老ファーム
門別スタリオン
メイジ牧場
宮地牧場
ヘイワ牧場
平山牧場
ふるさと牧場
藤野牧場
フジコウ牧場
福部和典牧場
ビッグフットファーム
日高スタッド
早沢牧場
西谷牧場
錦野牧場
新冠ＢＣスタッド
桃源郷牧場
つつじ牧場
千田牧場
谷山牧場
大平牧場
大河ファーム
下河内牧場
シム牧場
静内軽種馬スタット
静内アスクスタット
小塚牧場
国際牧場
川下越夫牧場
おりも牧場
萩原牧場
岡谷牧場
丘田牧場
大平牧場
臼井牧場
自牧場
グレーボーンファーム
ハービュー牧場
デリミーテ牧場
エレヴァーファー
エルメンドファー
クルーノア牧場
バリーマニー牧場
ジェヴェファーム
グリアンファーム
オーサクファーム














































































50万円+若森牧場
50万円+ランドファーム
50万円+早来ファーム
50万円+ノーザンファーム
50万円+白老ファーム
50万円+門別スタリオン
50万円+メイジ牧場
50万円+宮地牧場
50万円+ヘイワ牧場
50万円+平山牧場
50万円+ふるさと牧場
50万円+藤野牧場
50万円+フジコウ牧場
50万円+福部和典牧場
50万円+ビッグフットファーム
50万円+日高スタッド
50万円+早沢牧場
50万円+西谷牧場
50万円+錦野牧場
50万円+新冠ＢＣスタッド
50万円+桃源郷牧場
50万円+つつじ牧場
50万円+千田牧場
50万円+谷山牧場
50万円+大平牧場
50万円+大河ファーム
50万円+下河内牧場
50万円+シム牧場
50万円+静内軽種馬スタット
50万円+静内アスクスタット
50万円+小塚牧場
50万円+国際牧場
50万円+川下越夫牧場
50万円+おりも牧場
50万円+萩原牧場
50万円+岡谷牧場
50万円+丘田牧場
50万円+大平牧場
50万円+臼井牧場
50万円+自牧場
50万円+グレーボーンファーム
50万円+ハービュー牧場
50万円+デリミーテ牧場
50万円+エレヴァーファー
50万円+エルメンドファー
50万円+クルーノア牧場
50万円+バリーマニー牧場
50万円+ジェヴェファーム
50万円+グリアンファーム
50万円+オーサクファーム








