レイ・フレミング
ジェームス・フェリエス
デビット・バックナー
ケン・フランクリン
モチズキ・セイザブロー
アイバン・グレーザー
マーレー･ハリス
ヘイデン・ヘリンズ
ハロルド・ウィック
クリフォード・パリス
デイル・キングストン
ランディ・マシューズ
ジョセフ・ページ
ドミニク・カズンズ
エリック・ワグナー
ネルソン・グロスバード
ロイド・ブリッジス
ゴードン・キンブル
エドモンド・ハイマン
ユベット・クレマン
ニコラス・フレイム
アルビン・タシュラー
メリル・スコット
ディック・アレン
ブラン・ブルターク
ベン・ウッダー
ライラ・ミラ・ライラ
ヤザン・ゲーブル
アーサー・ケニカット
ブライス・チャド
トニー・グッドマン
マイケル・チェン
トミー・ブラウン
テネス・コレブ
シャルル・キッシンガム
フランクリン・ノボトニー
ハインツ・ベア
デリス・ハノーバー
ハビー・ジャクソン
ロン・コウ
リド・ウォルフ
シロー・アマダ
ミケル・ニノリッチ
テリー・サンダース
カレン・ジョシュワ
エレドア・マシス
サウス・バニング
アルファ・ベイト
ベルナルド・モンシア
チャップ・アデル
リチャード・キール
ミクニ・トシユキ
トニー・ランドール
ジャン・ジャックアノー
ニール・カイル
ビンセント・ウォレス
ジョージ・ウェア
ロジェ・ミラー
バコラフ・マコビッチ
エノモト・シゲル
スミノフ・ストリチナヤ
スコット・クロフォード
アラン・チャンバース
ハリー・ストーン
バート・ケプル
マーク・ヘルプリン
トムヤム・クン
ボルガー・ニューハウザー
ライー・コインブラ
フレデリック・ヒールド
ジョージ・キューカー
ゲイリー
アダムスキー
ボブ
クルト
コッセル
アポリー
ロベルト
オウキュスト・ギダン
ラカン・ダカラン
ジェザ・ベルメニィ
ヨシダ・ツグアキ
マイロ・ジェナス
ハニバル・ホプキンス
ブレニア・オグス
ノルディット・バウアー
エリック・マンスフィールド
キャピー・ハザード
グレンス・エスコット
ロバート・ギリアム
ロンメル
ジョディ・スターリング
ジョニー・ライデン
シン・マツナガ
ヴォルフガング・ヴァール
アナベル・ガトー
シーマ・ガラハウ
ケィリー・レズナー
カリウス
アイナ・サハリン
連邦兵D-1
連邦兵D-2
連邦兵D-3
連邦兵C-1
連邦兵C-2
連邦兵C-3
連邦兵B-1
連邦兵B-2
連邦兵B-3
連邦兵A-1
連邦兵A-2
連邦兵A-3
連邦兵S-1
連邦兵S-2
連邦兵S-3
ジオン兵D-1
ジオン兵D-2
ジオン兵D-3
ジオン兵C-1
ジオン兵C-2
ジオン兵C-3
ジオン兵B-1
ジオン兵B-2
ジオン兵B-3
ジオン兵A-1
ジオン兵A-2
ジオン兵A-3
ジオン兵S-1
ジオン兵S-2
ジオン兵S-3