ナイフ
傭兵用ハンドガン
ハンドガン
ショットガン
マグナム
グレネードランチャー（炸裂弾）
グレネードランチャー（火炎弾）
グレネードランチャー（硫酸弾）
グレネードランチャー（冷凍弾）
ロケットランチャー
ガトリングガン
マインスロアー
EAGLE６．０
アサルトライフル（MANUAL)
アサルトライフル（AUTO)
ウエスタンカスタム
強化版SIGPRO
強化版M９２F
強化版ベネリM３S
マインスロアー改
ハンドガンの弾
マグナムの弾
ショットガンの弾
グレネードの弾
火炎弾
硫酸弾
冷凍弾
マインスロアーの弾
アサルトライフルの弾
ハンドガンの強化弾
ショットガンの強化弾
救急スプレー
グリーンハーブ
ブルーハーブ
レッドハーブ
融合したハーブ（G+G)
融合したハーブ（G+B)
融合したハーブ（G+R)
融合したハーブ（G+G+G)
融合したハーブ（G+G+B)
融合したハーブ（G+B+R)
救急Box
４角クランク
没
没
没
S.T.A.R.Sカード
没
バッテリー
火かき棒
電力ケーブル
ヒューズ
没
オイル添加剤
カードケース
S.T.A.R.Sカード
マシンオイル
混合オイル
没
レンチ
鉄パイプ
没
消火用ホース
テープレコーダー
ライターオイル
ライター
ライター
緑の宝石
青い宝石
琥珀の玉
黒曜石の玉
水晶の玉
没
没
没
金の歯車
銀の歯車
クロノスギア
ブロンズ製の本
ブロンズ製の羅針盤
ワクチン培養液
ワクチン素材
没
没
ワクチン
没
没
培養液ベース
EAGLEパーツA
EAGLEパーツB
M３７パーツA
M３７パーツB
没
クロノスの首飾り
錆びた６角クランク
カードキー
ガンパウダーA
ガンパウダーB
ガンパウダーC
ガンパウダーAA
ガンパウダーBB
ガンパウダーAC
ガンパウダーBC
ガンパウダーCC
ガンパウダーAAA
ガンパウダーAAB
ガンパウダーBBA
ガンパウダーBBB
ガンパウダーCCC
無限弾
処理サンプル
システムディスク
開発用ダミーキー（ゲームに関係なし）
キーピック
倉庫の鍵
病室の鍵
紋章の入った鍵
没
時計塔の鍵
リューズの鍵
クロノスの鍵
没
公園の鍵（ラグーン公園正面）
公園の鍵（ラグーン公園墓地）
公園の鍵（ラグーン公園裏口）
処理施設の鍵（未発光）
処理施設の鍵（発光している）
ブティックの鍵
インクリボン
リロードツール
マニュアル青
マニュアル赤