AIM-54 Phoenix
AIM-120 AMRAAM
AIM-7 Sparrow
SkyFlash
MICA
Super530D
Super530F
R-37
R-33
R-77
R-27
R-24
R-40
PL-11
AIM9 Sidewinder
AIM9 Sidewinder
AIM9 Sidewinder
ASRAAM
R-550 Magic
R-550 Magic
Python4
Python3
R-73
R-60
R-60
AAM-3
PL-7
PL-5
PL-2
AIM-92 Stinger
MIstral
9M313 Igla-1
SeaSkua
AS-15
AGM-84 Harpoon
Penguin Mk.3
Martel
SeaEagle
Exocet AM39
AS-34 Kormoran
Gabriel3AS
Gabriel4LR
Kh-59M
Kh-35
Kh-31
Kh-22
Kh-15A
ASM-2
ASM-1
C-802
C-801
C-601
C-101
AGM114 Hellfire
AGM114 Hellfire
BGM-71 TOW
BGM-71 TOW
ATGW-3 Trigat
HOT
HOT
9M120 VikhrM
9M114 Kokon
9M114 Kokon
HJ-8
2000lbs”š’e
2000lbs”š’e
2000lbs”š’e
—U“±”š’e
—U“±”š’e
—U“±”š’e
—U“±”š’e
—U“±”š’e
—U“±”š’e
—U“±”š’e
1000lbs”š’e
1000lbs”š’e
1000lbs”š’e
1000lbs”š’e
1000lbs”š’e
1000lbs”š’e
1000lbs”š’e
1000lbs”š’e
1000lbs”š’e
500lbs”š’e
500lbs”š’e
500lbs”š’e
‘Î’nƒƒPƒbƒg
‘Î’nƒƒPƒbƒg
‘Î’nƒƒPƒbƒg
‘Î’nƒƒPƒbƒg
‘Î’nƒƒPƒbƒg
‘Î’nƒƒPƒbƒg
Mk.50
Mk.46
ECAN L-4
UMGT-1ME
A-244S
YU-3
Mk.50
Mk.46
ECAN L-4
UMGT-1ME
A-244S
”š—‹
30mm‹@ŠÖ–C
30mm‹@ŠÖ–C
30mm‹@ŠÖ–C
30mm‹@ŠÖ–C
30mm‹@ŠÖ–C
30mm‹@ŠÖ–C
30mm‹@ŠÖ–C
30mm‹@ŠÖ–C
27mm‹@ŠÖ–C
27mm‹@ŠÖ–C
25mm‹@ŠÖ–C
23mm‹@ŠÖ–C
23mm‹@ŠÖ–C
23mm‹@ŠÖ–C
23mm‹@ŠÖ–C
23mm‹@ŠÖ–C
20mmƒoƒ‹ƒJƒ“–C
20mmƒoƒ‹ƒJƒ“–C
20mmƒoƒ‹ƒJƒ“–C
20mmƒoƒ‹ƒJƒ“–C
20mmƒoƒ‹ƒJƒ“–C
20mmƒoƒ‹ƒJƒ“–C
20mmƒoƒ‹ƒJƒ“–C
20mmƒoƒ‹ƒJƒ“–C
20mm‹@ŠÖ–C
20mm‹@ŠÖ–C
30mm‹@ŠÖ–C
30mm‹@ŠÖ–C
30mm‹@ŠÖ–C
25mm‹@ŠÖ–C
20mm‹@ŠÖ–C
‹@e
ECM
120mmŠŠo–C
120mmŠŠo–C
120mmŠŠo–C
120mmŠŠo–C
120mm–C
120mm–C
105mm–C
105mm–C
105mm–C
105mm–C
105mm–C
125mmŠŠo–C
125mmŠŠo–C
125mmŠŠo–C
125mmŠŠo–C
125mmŠŠo–C
100mmŠŠo–C
73mmŠŠo–C
90mm–C
85mm–C
35mm‹@ŠÖ–C
30mm‹@ŠÖ–C
30mm‹@ŠÖ–C
30mm‹@ŠÖ–C
25mm‹@ŠÖ–C
25mm‹@ŠÖ–C
25mm‹@ŠÖ–C
20mm‹@ŠÖ–C
20mm‹@ŠÖ–C
‹@e
‹@e
‹@e
‹@e
ƒ‰ƒCƒtƒ‹
ƒ‰ƒCƒtƒ‹
ƒ‰ƒCƒtƒ‹
ƒ‰ƒCƒtƒ‹
ƒ‰ƒCƒtƒ‹
ƒ‰ƒCƒtƒ‹
155mmÖ’e–C
155mmÖ’e–C
155mmÖ’e–C
155mmÖ’e–C
155mmÖ’e–C
155mmÖ’e–C
152mmÖ’e–C
152mmÖ’e–C
152mmÖ’e–C
105mmÖ’e–C
120mm”—Œ‚–C
60mm”—Œ‚–C
‚È‚µ
‚È‚µ
300mmƒƒPƒbƒg’e
227mmƒƒPƒbƒg’e
220mmƒƒPƒbƒg’e
130mmƒƒPƒbƒg’e
122mmƒƒPƒbƒg’e
BGM-71 TOW
Swingfire
HOT
9M119
9M117
9M113
96®MAT
dMAT
HJ-8
HJ-73C
‘ÎíÔƒ~ƒTƒCƒ‹
‘ÎíÔƒ~ƒTƒCƒ‹
HJ-73C
‘ÎíÔƒƒPƒbƒg
RPG-7
37mm‹@ŠÖ–C
35mm‹@ŠÖ–C
35mm‹@ŠÖ–C
30mm‹@ŠÖ–C
23mm‹@ŠÖ–C
20mmƒoƒ‹ƒJƒ“–C
FIM-92 Stinger
Starstreak
Rapier
Roland2
RBS-70Mk.2
MIM72 Chaparral
9M311
9M330
9M37
93®‹ßSAM
81®’ZSAM
PL-9
ŒgsSAM
QW-1
ŒgsSAM
MIM-104 Patriot
MIM-23B I-HAWK
MIM-23 HAWK
S-300PMU
3K90 Uragan
FT-2000
‚È‚µ
‚È‚µ
‚È‚µ
‚È‚µ
‚È‚µ
‚È‚µ
P-20 Rubezh
SSM-1
C-802
‚È‚µ
‚È‚µ
‚È‚µ
RGM-84 Harpoon
Exocet MM40
Exocet MM39
Exocet MM38
Gabliel2
SSM-1B
Kh-35
3M80 Zubr
RKP-55 Granat
P-700 Granit
4K80 Bazalt
C-802
C-801
C-201
Sadral
SIMBAD
RAM
9M311
Kashtan
9M32 Strela2M
PL-9
Standard SM-2MR
Standard SM-1MR
RIM7 SeaSparrow
GWS30 SeaDart
GWS25 SeaWolf
Aster-15
Crotale
Barak
9M330 Kynshal
3K90 Uragan
S-300F
Osa-M
HQ-7
VL-ASROC
RUR-5A ASROC
Mk.46
Stingray
ECAN L5
DM4
Vodopad-NK
85-RU
TEST-71M
RBU-1200
RBU-6000
RBU-1200
RBU-1000
A-244S
FQF-2500
130mm–C
130mm–C
130mm–C
127mm–C
127mm–C
114mm–C
114mm–C
100mm–C
100mm–C
100mm–C
100mm–C
76mm–C
76mm–C
57mm‹@ŠÖ–C
37mm‹@ŠÖ–C
37mm‹@ŠÖ–C
37mm‹@ŠÖ–C
GoalKeeper
GoalKeeper
GoalKeeper
GoalKeeper
Phalanx
Phalanx
Phalanx
Phalanx
AS-630
122mmƒƒPƒbƒg’e
Mk.48
Spearfish
Tigerfish
ECAN L5
ECAN F17
DM2A4
DM2A3
Mk.37
TEST-71M
USET-80
89®‹›—‹
YU-4
YU-3
YU-1
UGM-84 Harpoon
Exocet SM39
Kh-35
C-801
‘ÎöƒwƒŠ SH-60
‘ÎöƒwƒŠ Lynx
‘ÎöƒwƒŠ AS-565
‘ÎöƒwƒŠ Ka-27
‘ÎöƒwƒŠ •’¼9
SH-3 SeaKingAEW
Œx‰úƒwƒŠ Lynx
Œx‰úƒwƒŠ AS-565
Œx‰úƒwƒŠ Ka-27
‹ó’†‹@“®•à•º2
‹ó’†‹@“®•à•º3
‹ó’†‹@“®•à•º4
æÔ•à•º1
æÔ•à•º2
æÔ•à•º3
LCU
LCAC
AGM-129ACM
AGM-86 ALCM
Kh-15
BGM109 Tomahawk
UGM109 Tomahawk
•â‹‹•¨‘
•â‹‹•¨‘
RGM-84 Harpoon
Exocet MM38
Gabliel2
SSM-1B
3M80 Zubr
C-801
Barak
‘Ş