F-14 Tomcat
Tornade F.Mk3
MiG31 Foxhound
Su27 Flanker
F-15J Eagle
F-22 Rapter
F-15 Eagle
F-16 Fighting Falcon
EF-2000 Typhoon
Rafale D
Rafale M
Mirage 2000
Mirage F-1CT
F-4F-ICE Phantom‡U
F-15 Baz
F-16 Netz
F-4E Kurnass 2000
Su-35
Su-33 Flanker
MiG-29 Fulcrum
ŸrŒ‚11Œ^
ŸrŒ‚8Œ^‡U
F/A-18E Super Hornet
F/A-18E Hornet
F-15E Strike Eagle
Harrier GR.Mk7
Tornado GR.Mk4
SeaHarrier FRS.Mk2
AV-8 Harrier‡Uplus
Tornado IDS
F-15I Ra'am
Kfir C7
Su-34
Su-24 Fencer
F-2
F-4EJ‰ü Phantom‡U
ŸrŒ7Œ^
F-117A Nighthawk
A-10A Thunderbolt
Jaguar GR.Mk1
Jaguar A
SuperEtendard
A-4N Ahit
Su-25 FrogFoot
F-1
‹­Œ‚5Œ^
B-2A Spirit
B-1B Lancer
B-52H Stratofortress
Tu-160 Blackjack
Tu-22 Backfire
Tu-95 Bear
Œày6Œ^
EA-6B Prowler
DC-8
Tornado ECR
B-707
Su-27MP Fencer
An-12 Cub
EC-1
E-3 Sentry
E-2C Hawk Eye
Phalcon707
A-50 Mainstay
E-767
E-8C JointSTARS
U-2S
Tornado GR.Mk1A
Mirage F-1CR
EtendardIVP
Tornado RECCE
RF-4E Kurnass
Su-24MR Fencer
MiG-25R Foxbat
RF-4EJ‰ü Phantom‡U
Ÿr’ã6Œ^
S-3B Viking
P-3C Orion
Nimrod MR-2
Atlantique2
Alize
Atlantic
Il-38 May
Tu-142 BearF
…Œ5Œ^
C-17 Globemaster‡V
C-141 Starlifter
C-130H Hercules
C-160
An-124 Ruslan
Il-76M Candid
C-1
‰^—A8Œ^
KC-135
Tristar K1
C-160
KC-130H
Il-78 Midas
Œày6Œ^
AH-64 Apache
AH-1 Cobra
HAP/HAC Tiger
SA342M Gazelle
UHU Tiger
PAH-1
Ka-50 Hokum
Mi-24 Hind
V-22 Osprey
UH-60 Black Hawk
UH-1 Iroquois
Lynx Mk.9
SA-330 Puma
Mi-17 Hip-H
UH-60JA Black Hawk
UH-1J Iroquois
’¼¸9Œ^A
CH-47 Chinook
CH-53 Super Stallion
AS-532 Cougar
Mi-26 Halo
RAH-66 Comanche
OH-58D Kiowa Warrior
SA-341B Gazelle
AS-532 Horizon
Bo-105M
Hughes500MD Defender
Ka-52 hokumB
OH-1
OH-6J Cayuse
SH-60 Sea Hawk
Sea King
Lynx Mk.7
AS-565SA Panther
Ka-27PL Helix
•’¼9Œ^A
SH-60 Sea Hawk
Lynx Mk.7
AS-656SA Panther
Ka-27PL Helix
•’¼9Œ^A
Sea King AEW
Lynx Mk.5
AS-656SB Panther
Ka-27PS Helix
Lynx Mk.5
AS565SB Panther
Ka-27PS Helix
M-1A2 Abrams
M-1 Abrams
Challenger2
Challenger1
Leclerc
AMX-30B2 Brenus
Leopard2A5
Leopard2
Merkava‡V
Merkava‡U
Magach7
T-90
T-80UD
T-72M
90®íÔ
74®íÔ
90®íÔ‡U
85®íÔ‡UM
M-2A3 Bradley
LAV-25
Warrior
AMX-10P
MarderA3
BMP-3
BTR-T
89®•à•ºí“¬Ô
86®•à•ºí“¬Ô
WZ551
M-113
AAV-7A1
FV432
VAB
TPz-1 Fuchs
Achzarit
BTR-80
BTR-D
96®‘•bÔ
73®‘•bÔ
85®‘•bÔ
M-3A3 Bradley
Savre
AMX-10RC
ERC-90F4 Sagaie
VBL
Fennek
SPz-2 Luchs
Wiesel Mk20A1
Ramta RBY
BRM-1
BRDM-2
BMD-3
87®’ã@Œx‰úÔ
63®íÔ
Œy’ã@Ô—¼
M-901ITV
LAV-TOW
Striker
VCAC Hot Mephisto
RJPz-Jaguar2
Wiesel TOW-A1
BRDM-2ATGW
96®‘½–Ú“I—U“±’e
89®‘ÎíÔ©‘––C
85®‘ÎíÔƒ~ƒTƒCƒ‹Ô
M-109A6 Paradin
M-109
AS-90
AMX-30GCT AU-F-1
PzH2000
Wiesel2 Mrs
2S19 MSTA-S
2S3 Akatsiya
2S9Anona
99®©‘–Ö’e–C
75®©‘–Ö’e–C
PLZ45
83®©‘–Ö’e–C
MLRS
9A52 Smerch
9P140 Uragan
75®©‘–ƒƒPƒbƒg–C
89®©‘–ƒƒPƒbƒg–C
M-163
Gepard
2S6M Tunguska
ZSU-23-4 Shilka
87®‘Î‹ó©‘––C
88®‘Î‹ó©‘––C
Avenger
Starstreak
Rapier
AMX30R Roland
Roland
Wiesel2 LeFlaRakSys
Chaparral
Tor-M1
Strela-10M3
93®‹ßSAM
81®’ZSAM
HQ-61A
•â‹‹Ô
L-119
MO-120RT
Patriot
I-Hawk
Hawk
S-300PMU
Buk-1M
FT-2000
SSC-3
88®’n‘ÎŠÍ—U“±’e
CSS-C-7
AN/TPQ-37
Cymbeline
RATAC
GreenArcher
SNAR-10
76®‘Î–CƒŒ[ƒ_[
905®‘Î–CƒŒ[ƒ_[
íp–h‹óƒŒ[ƒ_[
•à•º
l–¯•º
‹ó’ğ•”‘à
‹ó~•º
‹ó’†‹@“®•à•º2
‹ó’†‹@“®•à•º3
‹ó’†‹@“®•à•º4
æÔ•à•º
æÔ•à•º2
æÔ•à•º3
Ticonderoga
Kirov
Slava
Arleigh_Burke
Spruance
Birmingham
Cassard
Lutjens
Sovremennyy
Udaloy
‚±‚ñ‚²‚¤
‚Ş‚ç‚³‚ß
‚Í‚½‚©‚º
—·ŠC
—·Ÿô
—·‘å
Oliver_Hazard_Perry
Norfork
LaFayette
George_Leygues
Sachsen
Brandenburg
Bremen
Eilat
Neustrashimy
‚ ‚³‚¬‚è
‚ ‚Ô‚­‚Ü
]‰q
Type143A Gepard
Reshef
Tarantul‡V
ƒ~ƒTƒCƒ‹’ø1†
ŒòV
Nimitz
Charles_de_Gaulle
Clemenceau
Admiral_Kuznetsov
Invincible
San_Antonio
Albion
Foudre
Ivan_Rogov
‚¨‚¨‚·‚İ
‹Ê’à
—A‘—ŠÍ
•â‹‹ŠÍ
Seawolf
Los_Angels
Astute
Trafalgar
Rubis
Agosta
Type212
Type206A
Dolphin
Gal
Severodvinsk
Akura‡U
Kilo
‚¨‚â‚µ‚¨
‚Í‚é‚µ‚¨
Š¿
‘v
i—ß•”
L-119
MO-120RT
Patriot
I-Hawk
Hawk
S-300PMU
Buk-1M
FT-2000
SSC-3
88®’n‘ÎŠÍ—U“±’e
CSS-C-7
AN/TPQ-37
Cymbeline
RATAC
Green Archer
SNAR-10
76®‘Î–CƒŒ[ƒ_[
905®‘Î–CƒŒ[ƒ_[
íp–h‹óƒŒ[ƒ_[
•â‹‹•¨‘
•â‹‹•¨‘
AIM-54 Phoenix
AIM-120 AMRAAM
AIM-7 Sparrow
SktFlash
MICA
Super530D
Super530F
R-37
R-33
R-77
R-27
R-24
R-40
PL-11
AIM-7 Sparrow
AGM-84 Harpoon
Penguin Mk.3
Martel
SeaEagle
Exocet AM39
AS-34 Kormoran
Gabriel3AS
Gabriel4LR
Kh-59M
Kh-35
Kh-31
Kh-22
Kh-15A
ASM-2
ASM-1
C-802
C-801
C-601
C-101
MIM-104 Patriot
MIM-23B I-HAWK
MIM-23 HAWK
S-300PMU
3K90 Uragan
FT-2000
P-20 Rubezh
SSM-1
C-802
RGM-84 Harpoon
Exocet MM40
Exocet MM39
Exocet MM38
Gabriel2
SSM-1B
Kh-35
3M80 Zubr
RKP-55 Granat
P-700 Granit
4K80 Bazalt
C-802
C-801
C-201
RGM-84 Harpoon
Exocet MM38
Gabliel2
SSM-1B
3M80 Zubr
C-801
Standard SM-2MR
Standard SM-1MR
RIM7 SeaSparrow
GWS30 SeaDart
GWS25 SeaWolf
Aster-15
Crotale
Barak
9M330 Kynsha
3K90 Uragan
S-300F
Osa-M
HQ-7
Barak
UGM-84 Harpoon
Exocet SM39
Kh-35
C-801
VL-ASROC
RUR-5A ASROC
Vodpad-NK
85-RU
AGM-129 ACM
AGM-86 ALCM
Kh-15
BGM109C Tomahawk
UGM109C Tomahawk