不定
D.グリーンヒル
F.グリーンヒル
I.コーネフ
アイゼナッハ
アイヘンドルフ
アシュール
アッテンボロー
アップルトン
アラルコン
アル・サレム
アルトリンゲン
アンスバッハ
ヴァーゲンザイル
ウィッティ
ヴェーラー
ヴューゼンヒュッター
ウランフ
エベンス
エルラッハ
オイゲン
オフレッサー
オーベルシュタイン
オルラウ
カールセン
カムフーバー
カルナップ
キスリング
キャゼルヌ
キルヒアイス
クーリヒ
グエン
クナップシュタイン
クブルスリー
グリーセンベック
グリューネマン
グリューネワルト
グリルパルツァー
クルーゼンシュテルン
グレーブナー
クロイツェル
グローテヴォール
ケスラー
ケラー
ケンプ
コーネフ
コールドウェル
コナリー
ザーニアル
ザーム
ザウケン
シェーンコップ
統合作戦本部長シトレ元帥
シャウデン
シャルチアン
シューマッハ
シュターデン
シュタインメッツ
シュトライト
シュトラウス
シュナイダー
シュラー
シュライヤー
ジンツァー
スールズカリッター
ストークス
ゼークト
ゾンネンフェルス
タールハイム
チェン
チュン
ディッケル
ディッタースドルフ
デッシュ
トゥルナイゼン
国防委員長トリューニヒト
ドロイゼン
ナイゼナッハ
ニルソン
ノルドハイム
バイエルライン
パエッタ
バグダッシュ
パストーレ
パトリチェフ
パットリンケン
バルトハウザー
ハルバーシュタット
ビッテンフェルト
ビューロー
ビュコック
ビュルメリンク
ビュンシェ
ヒルデスハイム
ビロライネン
ファーレンハイト
ファイフェル
フィッシャー
フーセネガー
フェルナー
フォーク
フォーゲル
フォンク
ブクステフーデ
ブラウヒッチ
ブラウンシュヴァイク
ブルームハルト
ブラッドジョー
フレーゲル
ブレンターノ
ベルゲングリューン
ホーウッド
ホフマイスター
ポプラン
ホルツバウアー
ボロディン
マイフォーハー
マスカーニ
H.マリーンドルフ
マリネッティ
マリノ
マルクグラーフ
ミッターマイヤー
ローエングラム
ミュッケンベルガー
ミュラー
ミュンヒンガー
ミンツ
ムーア
ムライ
メックリンガー
メルカッツ
モートン
ヤン
エルウィン・ヨーゼフⅡ
ライブル
ラオ
ラップ
ランズベルク
リッチェル
リッテンハイム
リンツ
ルグランジュ
ルッツ
ルフェーブル
レフォルト
レベロ
レンネンカンプ
ロイエンタール
ロックウェル
ロボス
ワーレン
サンフォード
ウィンザー
ドーソン
リンチ
クリスチアン
マシュンゴ
バウンスゴール
ブロンズ
シュトックハウゼン
フリードリヒⅣ世
アイランズ
エドワース
エーレンベルグ
統帥本部総長シュタインホフ元帥
ラング
ゼーレ
リュッケ
シャフト
国務尚書リヒテンラーデ侯
コクラン
エマーソン
レムシャイド
F.マリーンドルフ
アムスドルフ
グリース
ザンデルス
レッケンドルフ
ミューゼル
ラインハルト
キルヒアイス
宇宙艦隊司令長官ロボス元帥
宇宙艦隊司令長官ビュコック元帥
シトレ
トリューニヒト
シュタインホフ
リヒテンラーデ
F.G.ヤン
銀河帝国皇帝ラインハルト
後方勤務部長キャゼルヌ中将
宇宙艦隊副司令官ローエングラム元帥