песд╪╫ч╤
ц╦о╦от╨щ
╤ч╫йъ╞а╝
рь╧щ╣юо
п╫чи╠╟а
з╪ыл╗╟дч
п╫мъючщдь╟
ц╟лчыэ╡щ
╫╦╟ы╩щцч╟
╪╜╤ч╟мч╡лч
╨вщючя
йчы╩п╨
а╟а╛о╟╦
©лд╢╦з╠
╦чь╟щ╠╫йъв
╣╣╪ое╥ч╩
пез╞д
Ё╡щю╟п╜╟д
ш╟в╟╤еь╠
вкъ╫в╫чь
ь╬╞днчющ
╥ыд╦╟ы
╪╛щнъщо╟а
ов╫╥╟и
╦ьщ╩ч╦в
нъь╢╫цыдч╟ы
к╫ць╞╦
╩щйчцчо╟ы
Ё╦ззючщ╫
╩щ╥╜ш╞д
ьЁчз╞дш╟╩ч
╩╩чщ╩щ╥╜╟
рсь╟╦чв╫
╪ы╦вщ╪ч╙ь╟
йыиее╦╩
шщйъ╟ы╟я
лч╟д╫дв╞лъ
лъья
╣╟йчы╨╡щ
а╟╫чл╚щцч╜
лчы╟и╟д
к╞ай╡╦
╦чвов╫в╡л
╢щ╪ч╙ыЁ╡щ╦
╪╞нъе
╨шнъ╞╦ы
╪╜х╟йч╟зщ
ф╪чи╢╠шкч
╠╟╤ч╡ыа╙╞╦
ю╡д╫╤╟д
╣╤ье
л╚ы╦ш╟з
╪щцчзвьйчц╗
╢лъшщдчз╫
л╙щхы╪╟╫ч
рь╟╨ч╟вщдч
╠ыд╦вьх╞д
╥ьющнъ
лч╟╧╤чыф
ьдышощ╫
╣╟дчйъыл╖я
лъ╞╪╟╥╛╞д
мчы╥ч╟а╨ь
ьь╟мъ╤ч╩╫
ьаЁя╡╣щ
╪╟цч╗╟дчв╡лч
йщс╞╦
мчхцч╗╦ц╗щ
кч╟е╫в╡щ
ыдкр
лъшнъ╟╫ча╛щ╫
къ╟аю╡я
ф╡╤╞лъ╥ч╛ы
й╟ц╗йъ╟ц╗
а╝╨з╟дсе╤
╫д╟╨мъ╡╤
╠╟д╪ч╙ь╨
╠╡и╨ьдч╟
Ё╗╞а╫ч╩йч╫
эщс╠дчьщ╦
йч╟╪чщш╟дч
лъз╞къ╟ы╞╦
кчд╘╡╟щ╩ч╪╟б
╣╟д╪╞къщ╦ч
цч╗╟лъь╦чз╞д
я╟щмъщючщд
╥ю╠╤х
дшщлъы╡у
╦чз╟╫╧╟ы
Ё╟ыо╟╦
йы╡айчщ
Ё╣╟ю╟лъы╟л
ь╫чях╡╪╝щ
къ╠и©ею
╨сщл╖щю╪ч╟
йъ╟ынэ╡д
о╡╦шкъ╦╬ы
ц╦инъ╞лъ
оь╠╤щищ
ю╡ядв╡╠ы
нъь╠щ╩
╪╝╟д╧╟╥
╡пц╟╪╝щ╨ч╟ыдч
пы╦╥╛вры
╠ыл╗╟х
╤╪ч╡а╨ч
╤╞ц╗щ╦чзю╫
ды©╟
л╗дща╞дч
╢╞╪ч╣лч╤╣╫
╦╫╦╫
╪╟╫ч╨щйъ╡в
╬ч╞д╠цщ╪╝щ
лчв╡щдчю╞а
╠щлъшщлъа╜
и╦ющкч╜╟ы
╪щ╦чы╠╧ч╡щ
╠╡ыдч╘╡╞д
╠╫╦п╟нэ╡
ш╟в╟цч╗╫╨
мчылвэ╟
╨╟выз╞дч
╦вяа╛Ёюч╟
къ╟алъьщ╬╫
цзо╟╦╫ю╡ы
лъвщд╣йъ╟ы
╥╛щйъ╫╦╡╟щ
╬дЁаи©чп
сея╟ысеп
╠ь╫╫чдз╪ч╛╟
╢лчььды╫ц╞лъ
о╤шщ
╡ь╫
╫ь╞нъщ╪╜╟╫ч
╥сип╜╟╪ч╞╦
╣╟йч╟╠щкч╪╛╫
лчв╞╦йчюлв╡
лв╞╦ч╥╛ь╠
лчв╡дчд╘кч╟
╪чю╟йч╞╦ч
зцч╗╨щ╦ч
о╤цч╗п╠е╞б
двмчв╟╫ча╙╞╦
влч╪ч╙хз╟╪╝щ
╢щ╧чы╫╤ч╟ы
╩вючдчз╞╪щ╦ч
ьвц╗лч╪ч╛щлъ
л╚д╫╥╛е╟
йъ╟лъы╢а╜╟дч
╤зщдф╜╟╫
с╡╫а╛╟йчвщ╫
къ╦╪╟о╪ч╞╦
оп╟о╟╧╞д
ощцч╟с╟фщ╦ч
╪ыйчь╗з╡щ
╠оы╪╠
в╦чвщ╪ч╜╫ь╟
сыдкчйч╟а╙
╤╟©ы╥╟
╫эш╟ц╟ы
╬╤щдч╥╛╞╪╜
йъз╣
цчпю╫╤╞лъ
╬╡╪╝Ёе╨чщ
рш╟ь╞а
╦ш╫╣╟йч╟
╠╡ь╞╪╜й╟лъ
╩о╟ькч╢в
дчр╫ц╗╞╦двлчы
йъвюч╡яа╙щ╪ч
о╡йкъх╫
нъщцмч╞╥╣
йъз╫╫╦ьлъд
ьдыйъыцищ
нэ╡ддчэ╟л
й╟д╣лч╪ч╣╟╪╛щ
ц╟лчыю╞лъ
╩чЁ╠╦вЁд
ш╟зв╡
╫и╟дчш╞лъ
к╠╩чл╜╟а╛╟
п╞╪щ╦чьщ╦
лчы╟ью╟щ
╤╫╤чи╫пз
шщ╪╛щдчь╟я
╡эадчь
╩шщдчнч╟ц
пш╟дчкч╪чщ
╥╛╞дЁ╚╟╦
п╫ць╟╩╟╦ы
юкч╟мъы╪╛
╨о╨
╠╟╪ч╙щд╫ц╞лъ
о╫╤ынъ╟х
йъ╡дчйъ╡йъ╟
б╪чи╨па
╠шоцвкъ╟
ючлчып╟фщ╦ч
лъьщ╥къ╠
Ё╙╡д╘к╟╫ш╟
дь╞╦╣╠дь╟д
╢Ёч╖пы╦
х╣щ╩╡щ
ф╬╨╠щглъь
лъв╡яю╡я
╨щ╫ющющ
╠скч╟лчы
╨╟ывкч
в╫ц╗щ╦чи╟д
к╤ыдчь╟пщ
╪ч╝╡лыью╟щ
пы╥╟╥╛╞д
р╬е
оьщп╜╟╪ч╠я
оз╬зфюц╗╫
с╢╪╛щдчщ
пыв╡щз╟д
╣зщ╪ч╫╦╡╟╫ч
╫къ╟айчы╟щ
╥╛щцч╗╟╤ч╟ы
╥╫ьщ╦ч
дчв╡мчыс╞д
в╫да╛щ╫
йоиль╟╪ч╠
э╟╦╢ь╠
╥╟нч╟дчо╦ш
мчщао╟╦ц╫д
╨╨╠кч╟щ╫ч
цч╗╠цып╟
╫╤╡юч╡Ёч╗щ╦ч
л╙╡йчь╞д╢╫
й╟мч╫длчвЁщ
дч╞мъыдчпещд
лъш╬ыкъе
╤ыйъдч╫
дь╢ще╟з
йъхыцч╗╫╤╞╪╝щ
╤╞ц╗щ╦ча╟╫ч
а╛╟я╦╚╟╦
╫ь╟╫ц╞лъ
Ёч╗╟юлчзЁч╗╫
цч╜вя╬сье
╦шэ╞╩щ
йчы╥╟т╟щ
лзщао╫ю╟дч
╥╜╟кч╞╦я╟щ
нъы╞╦╫
лъв╡мч╟дз╞╫щ
╩дчщь╟╥члд
╠╫ч╦ч╞дч╠╫чф╜╟
у╠Ё╙ы╤я
╠ы╫╠одь╠
у╟╩х╡╪ч╠
╢къ╜╥╜ь╠щ
лъа╤лъь╟╫
ь╢щдвщды╟лъ

