╠╟п╪ч╛╟
╠╡╪╟╦чы╟я
╠╡х╫лЁ╪чщ
╠Ё╩ч╟ы
╠╩╤╪ыйч╟
╠╩ц╗╫
╠╪ч╜цч╗╧╟ц╗щ╦ч
╠╫чо╡╟╫д
╠╫эщ
╠ль╟д
╠ы╤щ╦ч
╠зпш╟дч
╠щдчз╠сщ
╠щйч╟╪╛юч╡
╡еьэщ
╡лч╥о╡╤╦чв
╡лчщмч╡
╡ыдчлчынчщ
╡щ╡╦╫дь╟п╫
Ё╡фщ╦ча╧╞д
Ё╡щ╩ч╟и╞д
Ё╚╟фщ╦ч
╢лчш╫
╢ы╬ф╝╟ы
╢ый╟лч
╣╟ыдчЁч╗╞╦
╣╦чь╥╛╞лъ
╣╪ч╪ч╠щ
╣мъвйЁ╫
╤Ёщц╫╠╞лъ
╤╨╡╟╪╟╫ч
╤чючнч╟д
╤╞ц╗щ╦члчз╟дч
╤бв╥ч╢╟╫
╤ь╫ю╦чш╟ь
╥ч╛ш╞лъюч╡е
╥╛шыйЁ╫
╥щ╦ч╦чш╟ь╠╫
╦чь╟щоЁщд
╦ь╢╡ю╟
╦ь╫юы╦чь╞ю╟╫ч
╦ьпеыю╡лъ
╦чы╟яючщ╩╟
╦чшЁ
╧ч╡р╬щ
╨ч╟ыцчщл╙╩чщд
╨ч╟ыдчз╞д
╨ю╪╛╟щ
╨ди╠╩лч╥
╨ощюч╟╡ща╟л
╨чв╡ю╫
╩ч╟в╟╪чы
╩╦важи╣╟
╩╦вдЁ╨Ё
╩╦вйч╦╪щ╣╟
╩╦вн╦д╣╟
╩╦вую╤╣╟
╩╞╤╟нч╟╡
╩щ╥ь╨
╩щцч╟╩╡зщ╫
╩щц╫цл
╪╠дыючщ╩╟
╪╙╡цч╗й╡б
╪ч╙╡дчшйчь╟
╪╙ьл╫ч╫ю╟
╪╛╟цч╗╟
╪ч╛╞╪ч╠щ╪ч╙ы╟а
╪╛щй╡
╪ч╝ь╟╫чм╡ш╟
╪ьЁ╫╪щнчь
╪ыЁч╖╟╢щцч╗щ╦ч
╪щнчьыдчыл
╫╟йъ╟╦ь╟╦
╫╥╛щ
╫ю╟╣лч╨╪ч╟щ
╫ц╟д╪ч╛╤ч╟
╫ц╟дь╟дчщ
╫лъв╞╪╜╣лч╤в╟
╫о╨йч╦ь╟╦
╫ьы╪╝╟
╫ы╟╩чдчв╨чщ
╬╦зд
╬з╫ц╗╠ы╫д╟я
╬щд╪╟╩ч╟
©Ёч╗╢д╫ю╟
ю╟енч╫
юч╡╪щллч╥
юч╡ю╦мь╣╫
ю╡д╫нъ╞д
юч╡е╤чьйч╟
юч╡е╨╫с╫
юч╡езю╟
юч╡тсщдч╪╝╟ы
юч╡уЁ╩╦
юос╦ш╫
ючщ╪щ╦члчз╟Ёч
ючщ╫╣лчв╡л
ючщ╫н╟ы
цч╡щкы
цч╜влч
цщйъз╟д╪ы
дЁ╤╡ц╡╣╟
дЁ╪╝Ё╩п╞д
дЁ╪╝Ёмъ╤ч╩╫
дч╦ю╟цчЁч╗╠╫
дф╟кчщ
дшр╣
е╦чы╫╥╟
е╫ы╢ы╠влч
еды╟щ
ф╪ив╡цчщ
ф╞нъ╟ц╡╣╟
фнщкъшЁ╡е╟
и╟╠цщ╪╝щ
и╟╩чщц╟╫д
и╟йъ╫и╟╬╟ы
и╟ь╜╟д
йъ╟╦ь╟╪ч╙щд
йч╡╠сщ
й╡╢╫ц╡д
й╥чи╤я╡╣╟
й╦ю╡╬╡
йъдч╫╟ы
йтцп╦ч
йъвюч╡╫╦ь╟╦
йъз╫п╜╟╪ч╞╦
йщц╗щ╦чн╟╦
йчщлч╟╠дв╫
йчщлч╟кч╥чщ
йчщлч╟рсь╟
к╪о╩ы
кч╪╝╞лънчлч
кч╬чщф╪╥
кчэйткцч
л╖╟цч╗ещдч
л╙╠╪ч╛╞╪чрщд
л╚╟ц╗е╡е╟
л╚ц╗цщ
л╪ч╥╬╥
л╪чилЁЁщ
лчв╡╠щ╫чю╡я
лчв╞╦ю╡╠л╙╠╟
лв╞╪╜╣лч╫ц╗╟ы
лъывь╫чя
лз╡╫ч
лъз╦в╫ф╟
лзща╦чш╟ь╟
м╡ы╪╛я
м╦ю╟лъшц╦ю╟
нч╟╩чя
н╦дмь╣╫
н╫къюьц╗
нь╫╥╟
нъь╞╪╜х╡кч╟
нэ╡до╫чы
о╟╦╣лчцч╗╫ц╗щ╦╪╝щ
о╡фщ╦ч
о╪ч╞╦о╡ы╫ч
оы╬чщ╫╥╟
п╫ю╟╪╟кч╟
пн╪щ╩чщ
пнилчынчщ
п╜╟╪ч╞╦ю╡я
пы╪ч╝╟╪ч
я╟що╞дчх╫
я╦ю╟
р╪чш╠ыючщ
р╪чшц╗ю╟щ
р╪чшйъ╟о╟
р╪чшо╞╦╡╟щ
р╪чшсщ╫ф╟
р╪чшв╡╠щ
рь╟е╡╫
с╤чп
с╤чщнч
т╢ияц╥
тофщ╬чл╖╟
в╦чкч╟нч╟ы
в╪╠щнчщдч
в╪╠щы╟лчы
в╫дю╡╦╟щ
в╞╥╟©лчьщ
вщ╫чюч╟щ
вщдчкь╜Ё
вщфщ╦чль╟
ь╠ы╪╛юч╡
ь╟дчн╟у╟
ь╟дчэщюч╟
ь╫чя
ьл╖╟╫чЁ╗╞╪╜
ьщдч╪╙╟йч╟
ы╪╝щ
з╪ч╙щдчц╡╣╟
з╞б╨ч╟ю╟╥щ
ш╡ты╠╤цчп╟
ш╡ты╫╥╟
шдчь╨чцчдь╠╟и
э╟╪члч
э╤╣в╡цчщ
э╞╫ыю╞а
A.P.Indy
Bering
Broad Brush
Caerleon
Capote
Carson City
Conquistador Cielo
Cozzene
Cryptoclearance
Danzig
Darshaan
Dayjur
Dehere
Devil's Bag
Diesis
Dynaformer
Efisio
El Gran Senor
Fairy King
Gilded Time
Gone West
Green Desert
Gulch
Highest Honor
Indian Ridge
Kingmambo
Lear Fan
Linamix
Machiavellian
Mt.Livermore
Mtoto
Nashwan
Nureyev
Phone Trick
Pleasant Colony
Rahy
Rainbow Quest
Red Ransom
Risen Star
Sadler's Wells
Salse
Salt Lake
Seeking the Gold
Selkirk
Silver Deputy
Silver Hawk
Slew o'Gold
Spend a Buck
Storm Cat
Theatrical
Tropular
Unbridled
Wild Again
Woodman
Zilzal
Eclipse