なし
薬草
毒消し草
妖精の涙
カボチャの種
回復薬
癒しの花
気付け薬
ブランデー
銘酒『火神の誉』
ショートソード
ロングソード
ブロードソード
バスタードソード
クレイモア
グレイトソード
アイスブレード
フレイムソード
サンダーブレード
ストームブレード
パワーリスト
ブラスナックル
バグナグ
アイアンフェスト
シルバーファング
ドラゴンクロー
明鏡止水の拳
アースバインダー
ダウングラブ
魔人の手袋
見習いの杖
魔法使いの杖
魔女の杖
魔術師の杖
シャーマンの杖
アルケミストの杖
大魔導師の杖
賢者の杖
深紅の杖
灼熱の杖
スピアー
オクスタン
ランス
バルチザン
シルバーランス
サンダースピア
グレイブ
ホーリーランス
スコーピオン
ハルバード
予備
ジャベリン
トライデント
バトルフォーク
コルセスカ
ショヴスーリ
アースジャベリン
ヒートジャベリン
ヴァルキリア
トリトーン
木の棒
棍
三節棍
大地の棍
破魔の棍
青龍棍
鳳凰棍
雷神の棍
修羅の棍
秩序の棍
夜叉の棍
予備
予備
ダガー
シルバーダガー
グラディウス
ポイズンダガー
ドリームナイフ
小鉄
ソウルバスター
予備
ショートボウ
ミデアムボウ
ロングボウ
グレートボウ
イーグルボウ
シャドーボウ
サーペントボウ
シルヴァンボウ
サラマンダボウ
予備
ステッキ
夢見の杖
精霊の杖
沈黙の杖
漆黒の杖
死者の杖
冥府の杖
混沌の杖
波動の杖
クロスアーマー
ソフトレザー
ハードレザー
リングメイル
スケールアーマー
ブレストアーマー
スプリントメイル
チェインメイル
バンデットメイル
プレートメイル
コールドチェイン
ミスリルチェイン
ドラゴンスケール
ホーリープレート
デモンズメイル
舞台衣装
タキシード
フェザーソード
シルクローブ
ファインローブ
アーミングコート
武道着
龍の道着
防火胴着
バトルスーツ
灰色の服
白銀の法衣
風雪の羽衣
業火の法衣
白金の魔道衣
子供服
魔法使いの服
魔女の服
魔術師の服
シャーマンの服
アルケミストの服
大魔導師の服
賢者の服
レジストリング
プロテクトリング
灼熱の指輪
水流の指輪
疾風の指輪
大地の指輪
降魔の指輪
獄炎の指輪
氷雪の指輪
雷鳴の指輪
幽縛の指輪
黄昏の指輪
敵剣Ａ
敵剣Ｂ
敵剣Ｃ
敵剣Ｄ
敵剣Ｅ
敵槍Ａ
敵槍Ｂ
敵槍Ｃ
敵槍Ｄ
敵槍Ｅ
カオスブリンガー
覇王の篭手
エビルスフレイヤー
明王棍
グングニル
イフリートの杖
エンジェルボウ
ルーンスタッフ
クリス・ワーム
ドラウブニル
レザーホルター
キュイルボイル
ブリガンティ
セイレーンの指輪
天使の指輪
マッシュルーム
魔導書
力の実
守護石
百科事典
タリスマン
魔力回復剤
ソーマの花
エリクサー
予備
焦熱の首飾り
水晶の首飾り
稲妻の首飾り
地脈の首飾り
祝福の首飾り
敵弓Ａ
敵弓Ｂ
敵弓Ｃ
敵弓Ｄ
敵弓Ｅ
カボチャＡ
カボチャＢ
毒の爪Ａ
毒の爪Ｂ
麻痺の爪
