短剣
大剣
剛剣
短槍
長槍
剛槍
半弓
大弓
鉄弓
木の棍
銅の棍
鉄の棍
木の投石機
銅の投石機
鉄の投石機
竹扇
軍扇
鉄扇
石の宝剣
銅の宝剣
鉄の宝剣
雌雄一対の剣
青紅の剣
倚天の剣
古錠刀
青龍偃月刀
蛇矛
方天画戟
呂府の弓
李広の弓
流星鎚
双鞭
金火罐砲
芭蕉扇
五火神焔扇
白羽扇
七星の剣
聖者の宝剣
皮の鎧
銅の鎧
鉄の鎧
布の服
皮の服
戦闘服
鏡の鎧
黄金の鎧
連環の鎧
白銀の鎧
竜鱗の鎧
飛龍の道着
鶴（かくしょう）
漆黒の道服
鳳凰の羽衣
皮の盾
銅の盾
白銀の盾
風神の盾
皮の騎馬鎧
銅の騎馬鎧
風の車輪
爪黄飛電
絶影
赤兎馬
的廬
皮の兜
銅の兜
鉄兜
幅巾
綸巾
諸葛巾
布の手袋
皮の手袋
没羽箭
孫子の兵法書
孟徳親書
青嚢書
太平清領書
太平要術の書
遁甲天書
六韜
三略
豆袋
玉璽
青龍の宝玉
朱雀の宝玉
玄武の宝玉
白虎の宝玉
回復の豆
回復の米
回復の桃
神秘の水
神秘の酒
解毒の薬
気付け薬
塗り薬
うがい薬
万能薬
印綬
武力の実
知力の実
統率の実
素早さの実
運の実
経験の実
非選択
非選択
非選択
非選択
非選択
非選択
非選択
非選択
非選択
非選択
非選択
非選択
非選択
非選択
非選択
非選択
非選択
非選択
非選択
非選択
非選択
非選択
非選択
非選択
非選択
非選択
非選択
非選択
非選択
非選択
非選択
非選択
非選択
非選択
非選択
非選択
非選択
非選択
非選択
非選択
非選択
非選択
非選択
非選択
非選択
非選択
非選択
非選択
非選択
非選択
非選択
非選択
非選択
非選択
非選択
非選択
非選択
非選択
非選択
非選択
非選択
非選択
非選択
非選択
非選択
非選択
非選択
非選択
非選択
非選択
非選択
非選択
非選択
非選択
非選択
非選択
非選択
非選択
非選択
非選択
非選択
非選択
非選択
非選択
非選択
非選択
非選択
非選択
非選択
非選択
非選択
非選択
非選択
非選択
非選択
非選択
非選択
非選択
非選択
非選択
非選択
非選択
非選択
非選択
非選択
非選択
非選択
非選択
非選択
非選択
非選択
非選択
非選択
非選択
非選択
非選択
非選択
非選択
非選択
非選択
非選択
非選択
非選択
非選択
非選択
非選択
非選択
非選択
非選択
非選択
非選択
非選択
非選択
非選択
非選択
非選択
非選択
非選択
非選択
非選択
非選択
非選択
非選択
非選択
非選択
非選択
非選択
非選択
非選択
非選択
非選択
なし